Archive member included to satisfy reference by file (symbol)

c:/st/stm32cubeide_1.12.0/stm32cubeide/plugins/com.st.stm32cube.ide.mcu.externaltools.gnu-tools-for-stm32.10.3-2021.10.win32_1.0.200.202301161003/tools/bin/../lib/gcc/arm-none-eabi/10.3.1/../../../../arm-none-eabi/lib/thumb/v7-m/nofp\libc_nano.a(lib_a-errno.o)
                              ./Core/Src/syscalls.o (__errno)
c:/st/stm32cubeide_1.12.0/stm32cubeide/plugins/com.st.stm32cube.ide.mcu.externaltools.gnu-tools-for-stm32.10.3-2021.10.win32_1.0.200.202301161003/tools/bin/../lib/gcc/arm-none-eabi/10.3.1/../../../../arm-none-eabi/lib/thumb/v7-m/nofp\libc_nano.a(lib_a-exit.o)
                              c:/st/stm32cubeide_1.12.0/stm32cubeide/plugins/com.st.stm32cube.ide.mcu.externaltools.gnu-tools-for-stm32.10.3-2021.10.win32_1.0.200.202301161003/tools/bin/../lib/gcc/arm-none-eabi/10.3.1/../../../../arm-none-eabi/lib/thumb/v7-m/nofp/crt0.o (exit)
c:/st/stm32cubeide_1.12.0/stm32cubeide/plugins/com.st.stm32cube.ide.mcu.externaltools.gnu-tools-for-stm32.10.3-2021.10.win32_1.0.200.202301161003/tools/bin/../lib/gcc/arm-none-eabi/10.3.1/../../../../arm-none-eabi/lib/thumb/v7-m/nofp\libc_nano.a(lib_a-impure.o)
                              c:/st/stm32cubeide_1.12.0/stm32cubeide/plugins/com.st.stm32cube.ide.mcu.externaltools.gnu-tools-for-stm32.10.3-2021.10.win32_1.0.200.202301161003/tools/bin/../lib/gcc/arm-none-eabi/10.3.1/../../../../arm-none-eabi/lib/thumb/v7-m/nofp\libc_nano.a(lib_a-exit.o) (_global_impure_ptr)
c:/st/stm32cubeide_1.12.0/stm32cubeide/plugins/com.st.stm32cube.ide.mcu.externaltools.gnu-tools-for-stm32.10.3-2021.10.win32_1.0.200.202301161003/tools/bin/../lib/gcc/arm-none-eabi/10.3.1/../../../../arm-none-eabi/lib/thumb/v7-m/nofp\libc_nano.a(lib_a-init.o)
                              c:/st/stm32cubeide_1.12.0/stm32cubeide/plugins/com.st.stm32cube.ide.mcu.externaltools.gnu-tools-for-stm32.10.3-2021.10.win32_1.0.200.202301161003/tools/bin/../lib/gcc/arm-none-eabi/10.3.1/../../../../arm-none-eabi/lib/thumb/v7-m/nofp/crt0.o (__libc_init_array)
c:/st/stm32cubeide_1.12.0/stm32cubeide/plugins/com.st.stm32cube.ide.mcu.externaltools.gnu-tools-for-stm32.10.3-2021.10.win32_1.0.200.202301161003/tools/bin/../lib/gcc/arm-none-eabi/10.3.1/../../../../arm-none-eabi/lib/thumb/v7-m/nofp\libc_nano.a(lib_a-malloc.o)
                              ./Drivers/Peripheral/Src/ads131m0x.o (malloc)
c:/st/stm32cubeide_1.12.0/stm32cubeide/plugins/com.st.stm32cube.ide.mcu.externaltools.gnu-tools-for-stm32.10.3-2021.10.win32_1.0.200.202301161003/tools/bin/../lib/gcc/arm-none-eabi/10.3.1/../../../../arm-none-eabi/lib/thumb/v7-m/nofp\libc_nano.a(lib_a-memset.o)
                              c:/st/stm32cubeide_1.12.0/stm32cubeide/plugins/com.st.stm32cube.ide.mcu.externaltools.gnu-tools-for-stm32.10.3-2021.10.win32_1.0.200.202301161003/tools/bin/../lib/gcc/arm-none-eabi/10.3.1/../../../../arm-none-eabi/lib/thumb/v7-m/nofp/crt0.o (memset)
c:/st/stm32cubeide_1.12.0/stm32cubeide/plugins/com.st.stm32cube.ide.mcu.externaltools.gnu-tools-for-stm32.10.3-2021.10.win32_1.0.200.202301161003/tools/bin/../lib/gcc/arm-none-eabi/10.3.1/../../../../arm-none-eabi/lib/thumb/v7-m/nofp\libc_nano.a(lib_a-nano-freer.o)
                              c:/st/stm32cubeide_1.12.0/stm32cubeide/plugins/com.st.stm32cube.ide.mcu.externaltools.gnu-tools-for-stm32.10.3-2021.10.win32_1.0.200.202301161003/tools/bin/../lib/gcc/arm-none-eabi/10.3.1/../../../../arm-none-eabi/lib/thumb/v7-m/nofp\libc_nano.a(lib_a-malloc.o) (_free_r)
c:/st/stm32cubeide_1.12.0/stm32cubeide/plugins/com.st.stm32cube.ide.mcu.externaltools.gnu-tools-for-stm32.10.3-2021.10.win32_1.0.200.202301161003/tools/bin/../lib/gcc/arm-none-eabi/10.3.1/../../../../arm-none-eabi/lib/thumb/v7-m/nofp\libc_nano.a(lib_a-nano-mallocr.o)
                              c:/st/stm32cubeide_1.12.0/stm32cubeide/plugins/com.st.stm32cube.ide.mcu.externaltools.gnu-tools-for-stm32.10.3-2021.10.win32_1.0.200.202301161003/tools/bin/../lib/gcc/arm-none-eabi/10.3.1/../../../../arm-none-eabi/lib/thumb/v7-m/nofp\libc_nano.a(lib_a-malloc.o) (_malloc_r)
c:/st/stm32cubeide_1.12.0/stm32cubeide/plugins/com.st.stm32cube.ide.mcu.externaltools.gnu-tools-for-stm32.10.3-2021.10.win32_1.0.200.202301161003/tools/bin/../lib/gcc/arm-none-eabi/10.3.1/../../../../arm-none-eabi/lib/thumb/v7-m/nofp\libc_nano.a(lib_a-sbrkr.o)
                              c:/st/stm32cubeide_1.12.0/stm32cubeide/plugins/com.st.stm32cube.ide.mcu.externaltools.gnu-tools-for-stm32.10.3-2021.10.win32_1.0.200.202301161003/tools/bin/../lib/gcc/arm-none-eabi/10.3.1/../../../../arm-none-eabi/lib/thumb/v7-m/nofp\libc_nano.a(lib_a-nano-mallocr.o) (_sbrk_r)
c:/st/stm32cubeide_1.12.0/stm32cubeide/plugins/com.st.stm32cube.ide.mcu.externaltools.gnu-tools-for-stm32.10.3-2021.10.win32_1.0.200.202301161003/tools/bin/../lib/gcc/arm-none-eabi/10.3.1/../../../../arm-none-eabi/lib/thumb/v7-m/nofp\libc_nano.a(lib_a-mlock.o)
[...]
Memory Configuration

Name             Origin             Length             Attributes
RAM              0x0000000020000000 0x0000000000005000 xrw
FLASH            0x0000000008000000 0x0000000000020000 xr
*default*        0x0000000000000000 0xffffffffffffffff

Linker script and memory map

LOAD c:/st/stm32cubeide_1.12.0/stm32cubeide/plugins/com.st.stm32cube.ide.mcu.externaltools.gnu-tools-for-stm32.10.3-2021.10.win32_1.0.200.202301161003/tools/bin/../lib/gcc/arm-none-eabi/10.3.1/thumb/v7-m/nofp/crti.o
LOAD c:/st/stm32cubeide_1.12.0/stm32cubeide/plugins/com.st.stm32cube.ide.mcu.externaltools.gnu-tools-for-stm32.10.3-2021.10.win32_1.0.200.202301161003/tools/bin/../lib/gcc/arm-none-eabi/10.3.1/thumb/v7-m/nofp/crtbegin.o
LOAD c:/st/stm32cubeide_1.12.0/stm32cubeide/plugins/com.st.stm32cube.ide.mcu.externaltools.gnu-tools-for-stm32.10.3-2021.10.win32_1.0.200.202301161003/tools/bin/../lib/gcc/arm-none-eabi/10.3.1/../../../../arm-none-eabi/lib/thumb/v7-m/nofp/crt0.o
LOAD ./Core/Src/can.o
LOAD ./Core/Src/crc.o
LOAD ./Core/Src/gpio.o
LOAD ./Core/Src/main.o
LOAD ./Core/Src/rtc.o
LOAD ./Core/Src/spi.o
LOAD ./Core/Src/stm32f1xx_hal_msp.o
LOAD ./Core/Src/stm32f1xx_it.o
LOAD ./Core/Src/syscalls.o
LOAD ./Core/Src/sysmem.o
LOAD ./Core/Src/system_stm32f1xx.o
LOAD ./Core/Src/tim.o
LOAD ./Core/Startup/startup_stm32f103cbtx.o
LOAD ./Drivers/Peripheral/Src/ads131m0x.o
LOAD ./Drivers/STM32F1xx_HAL_Driver/Src/stm32f1xx_hal.o
LOAD ./Drivers/STM32F1xx_HAL_Driver/Src/stm32f1xx_hal_can.o
LOAD ./Drivers/STM32F1xx_HAL_Driver/Src/stm32f1xx_hal_cortex.o
LOAD ./Drivers/STM32F1xx_HAL_Driver/Src/stm32f1xx_hal_crc.o
LOAD ./Drivers/STM32F1xx_HAL_Driver/Src/stm32f1xx_hal_dma.o
LOAD ./Drivers/STM32F1xx_HAL_Driver/Src/stm32f1xx_hal_exti.o
LOAD ./Drivers/STM32F1xx_HAL_Driver/Src/stm32f1xx_hal_flash.o
LOAD ./Drivers/STM32F1xx_HAL_Driver/Src/stm32f1xx_hal_flash_ex.o
LOAD ./Drivers/STM32F1xx_HAL_Driver/Src/stm32f1xx_hal_gpio.o
LOAD ./Drivers/STM32F1xx_HAL_Driver/Src/stm32f1xx_hal_gpio_ex.o
LOAD ./Drivers/STM32F1xx_HAL_Driver/Src/stm32f1xx_hal_pwr.o
LOAD ./Drivers/STM32F1xx_HAL_Driver/Src/stm32f1xx_hal_rcc.o
LOAD ./Drivers/STM32F1xx_HAL_Driver/Src/stm32f1xx_hal_rcc_ex.o
LOAD ./Drivers/STM32F1xx_HAL_Driver/Src/stm32f1xx_hal_rtc.o
LOAD ./Drivers/STM32F1xx_HAL_Driver/Src/stm32f1xx_hal_rtc_ex.o
LOAD ./Drivers/STM32F1xx_HAL_Driver/Src/stm32f1xx_hal_spi.o
LOAD ./Drivers/STM32F1xx_HAL_Driver/Src/stm32f1xx_hal_tim.o
LOAD ./Drivers/STM32F1xx_HAL_Driver/Src/stm32f1xx_hal_tim_ex.o
START GROUP
LOAD c:/st/stm32cubeide_1.12.0/stm32cubeide/plugins/com.st.stm32cube.ide.mcu.externaltools.gnu-tools-for-stm32.10.3-2021.10.win32_1.0.200.202301161003/tools/bin/../lib/gcc/arm-none-eabi/10.3.1/../../../../arm-none-eabi/lib/thumb/v7-m/nofp\libc_nano.a
LOAD c:/st/stm32cubeide_1.12.0/stm32cubeide/plugins/com.st.stm32cube.ide.mcu.externaltools.gnu-tools-for-stm32.10.3-2021.10.win32_1.0.200.202301161003/tools/bin/../lib/gcc/arm-none-eabi/10.3.1/../../../../arm-none-eabi/lib/thumb/v7-m/nofp\libm.a
END GROUP
START GROUP
LOAD c:/st/stm32cubeide_1.12.0/stm32cubeide/plugins/com.st.stm32cube.ide.mcu.externaltools.gnu-tools-for-stm32.10.3-2021.10.win32_1.0.200.202301161003/tools/bin/../lib/gcc/arm-none-eabi/10.3.1/thumb/v7-m/nofp\libgcc.a
LOAD c:/st/stm32cubeide_1.12.0/stm32cubeide/plugins/com.st.stm32cube.ide.mcu.externaltools.gnu-tools-for-stm32.10.3-2021.10.win32_1.0.200.202301161003/tools/bin/../lib/gcc/arm-none-eabi/10.3.1/../../../../arm-none-eabi/lib/thumb/v7-m/nofp\libc_nano.a
END GROUP
START GROUP
LOAD c:/st/stm32cubeide_1.12.0/stm32cubeide/plugins/com.st.stm32cube.ide.mcu.externaltools.gnu-tools-for-stm32.10.3-2021.10.win32_1.0.200.202301161003/tools/bin/../lib/gcc/arm-none-eabi/10.3.1/thumb/v7-m/nofp\libgcc.a
LOAD c:/st/stm32cubeide_1.12.0/stm32cubeide/plugins/com.st.stm32cube.ide.mcu.externaltools.gnu-tools-for-stm32.10.3-2021.10.win32_1.0.200.202301161003/tools/bin/../lib/gcc/arm-none-eabi/10.3.1/../../../../arm-none-eabi/lib/thumb/v7-m/nofp\libc_nano.a
LOAD c:/st/stm32cubeide_1.12.0/stm32cubeide/plugins/com.st.stm32cube.ide.mcu.externaltools.gnu-tools-for-stm32.10.3-2021.10.win32_1.0.200.202301161003/tools/bin/../lib/gcc/arm-none-eabi/10.3.1/../../../../arm-none-eabi/lib/thumb/v7-m/nofp\libnosys.a
END GROUP
START GROUP
LOAD c:/st/stm32cubeide_1.12.0/stm32cubeide/plugins/com.st.stm32cube.ide.mcu.externaltools.gnu-tools-for-stm32.10.3-2021.10.win32_1.0.200.202301161003/tools/bin/../lib/gcc/arm-none-eabi/10.3.1/thumb/v7-m/nofp\libgcc.a
LOAD c:/st/stm32cubeide_1.12.0/stm32cubeide/plugins/com.st.stm32cube.ide.mcu.externaltools.gnu-tools-for-stm32.10.3-2021.10.win32_1.0.200.202301161003/tools/bin/../lib/gcc/arm-none-eabi/10.3.1/../../../../arm-none-eabi/lib/thumb/v7-m/nofp\libc_nano.a
LOAD c:/st/stm32cubeide_1.12.0/stm32cubeide/plugins/com.st.stm32cube.ide.mcu.externaltools.gnu-tools-for-stm32.10.3-2021.10.win32_1.0.200.202301161003/tools/bin/../lib/gcc/arm-none-eabi/10.3.1/../../../../arm-none-eabi/lib/thumb/v7-m/nofp\libnosys.a
END GROUP
LOAD c:/st/stm32cubeide_1.12.0/stm32cubeide/plugins/com.st.stm32cube.ide.mcu.externaltools.gnu-tools-for-stm32.10.3-2021.10.win32_1.0.200.202301161003/tools/bin/../lib/gcc/arm-none-eabi/10.3.1/thumb/v7-m/nofp/crtend.o
LOAD c:/st/stm32cubeide_1.12.0/stm32cubeide/plugins/com.st.stm32cube.ide.mcu.externaltools.gnu-tools-for-stm32.10.3-2021.10.win32_1.0.200.202301161003/tools/bin/../lib/gcc/arm-none-eabi/10.3.1/thumb/v7-m/nofp/crtn.o
                0x0000000020005000                _estack = (ORIGIN (RAM) + LENGTH (RAM))
                0x0000000000000200                _Min_Heap_Size = 0x200
                0x0000000000000400                _Min_Stack_Size = 0x400

.isr_vector     0x0000000008000000      0x10c
                0x0000000008000000                . = ALIGN (0x4)
 *(.isr_vector)
 .isr_vector    0x0000000008000000      0x10c ./Core/Startup/startup_stm32f103cbtx.o
                0x0000000008000000                g_pfnVectors
                0x000000000800010c                . = ALIGN (0x4)

.text           0x000000000800010c     0x5ebc
                0x000000000800010c                . = ALIGN (0x4)
 *(.text)
 .text          0x000000000800010c       0x40 c:/st/stm32cubeide_1.12.0/stm32cubeide/plugins/com.st.stm32cube.ide.mcu.externaltools.gnu-tools-for-stm32.10.3-2021.10.win32_1.0.200.202301161003/tools/bin/../lib/gcc/arm-none-eabi/10.3.1/thumb/v7-m/nofp/crtbegin.o
 .text          0x000000000800014c      0x168 c:/st/stm32cubeide_1.12.0/stm32cubeide/plugins/com.st.stm32cube.ide.mcu.externaltools.gnu-tools-for-stm32.10.3-2021.10.win32_1.0.200.202301161003/tools/bin/../lib/gcc/arm-none-eabi/10.3.1/thumb/v7-m/nofp\libgcc.a(_arm_mulsf3.o)
                0x000000000800014c                __aeabi_fmul
                0x000000000800014c                __mulsf3
 .text          0x00000000080002b4      0x21c c:/st/stm32cubeide_1.12.0/stm32cubeide/plugins/com.st.stm32cube.ide.mcu.externaltools.gnu-tools-for-stm32.10.3-2021.10.win32_1.0.200.202301161003/tools/bin/../lib/gcc/arm-none-eabi/10.3.1/thumb/v7-m/nofp\libgcc.a(_arm_addsubsf3.o)
                0x00000000080002b4                __aeabi_frsub
                0x00000000080002bc                __subsf3
                0x00000000080002bc                __aeabi_fsub
                0x00000000080002c0                __aeabi_fadd
                0x00000000080002c0                __addsf3
                0x0000000008000420                __aeabi_ui2f
                0x0000000008000420                __floatunsisf
                0x0000000008000428                __aeabi_i2f
                0x0000000008000428                __floatsisf
                0x0000000008000444                __aeabi_ul2f
                0x0000000008000444                __floatundisf
                0x0000000008000454                __aeabi_l2f
                0x0000000008000454                __floatdisf
 *(.text*)
 .text.MX_CAN_Init
                0x00000000080004d0       0xfc ./Core/Src/can.o
                0x00000000080004d0                MX_CAN_Init
 .text.HAL_CAN_MspInit
                0x00000000080005cc       0xe0 ./Core/Src/can.o
                0x00000000080005cc                HAL_CAN_MspInit
 .text.process_CAN
                0x00000000080006ac      0x3bc ./Core/Src/can.o
                0x00000000080006ac                process_CAN
 .text.HAL_CAN_RxFifo0MsgPendingCallback
                0x0000000008000a68       0x60 ./Core/Src/can.o
                0x0000000008000a68                HAL_CAN_RxFifo0MsgPendingCallback
 .text.MX_CRC_Init
                0x0000000008000ac8       0x28 ./Core/Src/crc.o
                0x0000000008000ac8                MX_CRC_Init
 .text.HAL_CRC_MspInit
                0x0000000008000af0       0x3c ./Core/Src/crc.o
                0x0000000008000af0                HAL_CRC_MspInit
 .text.MX_GPIO_Init
                0x0000000008000b2c      0x110 ./Core/Src/gpio.o
                0x0000000008000b2c                MX_GPIO_Init
 .text.main     0x0000000008000c3c      0x108 ./Core/Src/main.o
                0x0000000008000c3c                main
 .text.SystemClock_Config
                0x0000000008000d44       0xc6 ./Core/Src/main.o
                0x0000000008000d44                SystemClock_Config
 *fill*         0x0000000008000e0a        0x2 
 .text.process_10Ms_Timer
                0x0000000008000e0c       0x7c ./Core/Src/main.o
                0x0000000008000e0c                process_10Ms_Timer
 .text.HAL_TIM_PeriodElapsedCallback
                0x0000000008000e88       0x30 ./Core/Src/main.o
                0x0000000008000e88                HAL_TIM_PeriodElapsedCallback
 .text.Error_Handler
                0x0000000008000eb8        0xa ./Core/Src/main.o
                0x0000000008000eb8                Error_Handler
 *fill*         0x0000000008000ec2        0x2 
 .text.MX_RTC_Init
                0x0000000008000ec4       0x94 ./Core/Src/rtc.o
                0x0000000008000ec4                MX_RTC_Init
 .text.HAL_RTC_MspInit
                0x0000000008000f58       0x48 ./Core/Src/rtc.o
                0x0000000008000f58                HAL_RTC_MspInit
 .text.MX_SPI1_Init
                0x0000000008000fa0       0x6c ./Core/Src/spi.o
                0x0000000008000fa0                MX_SPI1_Init
 .text.HAL_SPI_MspInit
                0x000000000800100c       0xa4 ./Core/Src/spi.o
                0x000000000800100c                HAL_SPI_MspInit
 .text.HAL_MspInit
                0x00000000080010b0       0x64 ./Core/Src/stm32f1xx_hal_msp.o
                0x00000000080010b0                HAL_MspInit
 .text.NMI_Handler
                0x0000000008001114        0x6 ./Core/Src/stm32f1xx_it.o
                0x0000000008001114                NMI_Handler
 .text.HardFault_Handler
                0x000000000800111a        0x6 ./Core/Src/stm32f1xx_it.o
                0x000000000800111a                HardFault_Handler
 .text.MemManage_Handler
                0x0000000008001120        0x6 ./Core/Src/stm32f1xx_it.o
                0x0000000008001120                MemManage_Handler
 .text.BusFault_Handler
                0x0000000008001126        0x6 ./Core/Src/stm32f1xx_it.o
                0x0000000008001126                BusFault_Handler
 .text.UsageFault_Handler
                0x000000000800112c        0x6 ./Core/Src/stm32f1xx_it.o
                0x000000000800112c                UsageFault_Handler
 .text.SVC_Handler
                0x0000000008001132        0xc ./Core/Src/stm32f1xx_it.o
                0x0000000008001132                SVC_Handler
 .text.DebugMon_Handler
                0x000000000800113e        0xc ./Core/Src/stm32f1xx_it.o
                0x000000000800113e                DebugMon_Handler
 .text.PendSV_Handler
                0x000000000800114a        0xc ./Core/Src/stm32f1xx_it.o
                0x000000000800114a                PendSV_Handler
 .text.SysTick_Handler
                0x0000000008001156        0xc ./Core/Src/stm32f1xx_it.o
                0x0000000008001156                SysTick_Handler
 *fill*         0x0000000008001162        0x2 
 .text.USB_LP_CAN1_RX0_IRQHandler
                0x0000000008001164       0x14 ./Core/Src/stm32f1xx_it.o
                0x0000000008001164                USB_LP_CAN1_RX0_IRQHandler
 .text.CAN1_RX1_IRQHandler
                0x0000000008001178       0x14 ./Core/Src/stm32f1xx_it.o
                0x0000000008001178                CAN1_RX1_IRQHandler
 .text.TIM4_IRQHandler
                0x000000000800118c       0x14 ./Core/Src/stm32f1xx_it.o
                0x000000000800118c                TIM4_IRQHandler
 .text.SPI1_IRQHandler
                0x00000000080011a0       0x14 ./Core/Src/stm32f1xx_it.o
                0x00000000080011a0                SPI1_IRQHandler
 .text.EXTI2_IRQHandler
                0x00000000080011b4        0xe ./Core/Src/stm32f1xx_it.o
                0x00000000080011b4                EXTI2_IRQHandler
 *fill*         0x00000000080011c2        0x2 
 .text._sbrk    0x00000000080011c4       0x6c ./Core/Src/sysmem.o
                0x00000000080011c4                _sbrk
 .text.SystemInit
                0x0000000008001230        0xc ./Core/Src/system_stm32f1xx.o
                0x0000000008001230                SystemInit
 .text.MX_TIM4_Init
                0x000000000800123c       0x9c ./Core/Src/tim.o
                0x000000000800123c                MX_TIM4_Init
 .text.HAL_TIM_Base_MspInit
                0x00000000080012d8       0x4c ./Core/Src/tim.o
                0x00000000080012d8                HAL_TIM_Base_MspInit
 .text.Reset_Handler
                0x0000000008001324       0x48 ./Core/Startup/startup_stm32f103cbtx.o
                0x0000000008001324                Reset_Handler
 .text.Default_Handler
                0x000000000800136c        0x2 ./Core/Startup/startup_stm32f103cbtx.o
                0x000000000800136c                RTC_Alarm_IRQHandler
                0x000000000800136c                TIM1_CC_IRQHandler
                0x000000000800136c                PVD_IRQHandler
                0x000000000800136c                EXTI3_IRQHandler
                0x000000000800136c                EXTI0_IRQHandler
                0x000000000800136c                I2C2_EV_IRQHandler
                0x000000000800136c                ADC1_2_IRQHandler
                0x000000000800136c                TAMPER_IRQHandler
                0x000000000800136c                DMA1_Channel4_IRQHandler
                0x000000000800136c                USART3_IRQHandler
                0x000000000800136c                RTC_IRQHandler
                0x000000000800136c                DMA1_Channel7_IRQHandler
                0x000000000800136c                I2C1_EV_IRQHandler
                0x000000000800136c                DMA1_Channel6_IRQHandler
                0x000000000800136c                TIM3_IRQHandler
                0x000000000800136c                RCC_IRQHandler
                0x000000000800136c                TIM1_TRG_COM_IRQHandler
                0x000000000800136c                DMA1_Channel1_IRQHandler
                0x000000000800136c                Default_Handler
                0x000000000800136c                EXTI15_10_IRQHandler
                0x000000000800136c                EXTI9_5_IRQHandler
                0x000000000800136c                SPI2_IRQHandler
                0x000000000800136c                DMA1_Channel5_IRQHandler
                0x000000000800136c                EXTI4_IRQHandler
                0x000000000800136c                USB_HP_CAN1_TX_IRQHandler
                0x000000000800136c                DMA1_Channel3_IRQHandler
                0x000000000800136c                TIM1_UP_IRQHandler
                0x000000000800136c                WWDG_IRQHandler
                0x000000000800136c                TIM2_IRQHandler
                0x000000000800136c                TIM1_BRK_IRQHandler
                0x000000000800136c                EXTI1_IRQHandler
                0x000000000800136c                USART2_IRQHandler
                0x000000000800136c                I2C2_ER_IRQHandler
                0x000000000800136c                DMA1_Channel2_IRQHandler
                0x000000000800136c                CAN1_SCE_IRQHandler
                0x000000000800136c                FLASH_IRQHandler
                0x000000000800136c                USART1_IRQHandler
                0x000000000800136c                I2C1_ER_IRQHandler
                0x000000000800136c                USBWakeUp_IRQHandler
 *fill*         0x000000000800136e        0x2 
 .text.getRegisterValue
                0x0000000008001370       0x28 ./Drivers/Peripheral/Src/ads131m0x.o
                0x0000000008001370                getRegisterValue
 .text.HAL_GPIO_EXTI_Callback
                0x0000000008001398       0x40 ./Drivers/Peripheral/Src/ads131m0x.o
                0x0000000008001398                HAL_GPIO_EXTI_Callback
 .text.process_ADS131M08
                0x00000000080013d8       0x94 ./Drivers/Peripheral/Src/ads131m0x.o
                0x00000000080013d8                process_ADS131M08
 .text.ADS131M08_offset_callibration
                0x000000000800146c       0x6a ./Drivers/Peripheral/Src/ads131m0x.o
                0x000000000800146c                ADS131M08_offset_callibration
 .text.ADS131M08_gain_callibration
                0x00000000080014d6       0x62 ./Drivers/Peripheral/Src/ads131m0x.o
                0x00000000080014d6                ADS131M08_gain_callibration
 .text.ADS131M08_init
                0x0000000008001538      0x230 ./Drivers/Peripheral/Src/ads131m0x.o
                0x0000000008001538                ADS131M08_init
 .text.ADS131M08_startup
                0x0000000008001768       0xa0 ./Drivers/Peripheral/Src/ads131m0x.o
                0x0000000008001768                ADS131M08_startup
 .text.toggleRESET
                0x0000000008001808       0x48 ./Drivers/Peripheral/Src/ads131m0x.o
                0x0000000008001808                toggleRESET
 .text.readSingleRegister
                0x0000000008001850       0xc0 ./Drivers/Peripheral/Src/ads131m0x.o
                0x0000000008001850                readSingleRegister
 .text.writeSingleRegister
                0x0000000008001910       0xdc ./Drivers/Peripheral/Src/ads131m0x.o
                0x0000000008001910                writeSingleRegister
 .text.sendCommand
                0x00000000080019ec       0x9c ./Drivers/Peripheral/Src/ads131m0x.o
                0x00000000080019ec                sendCommand
 .text.ADS131M08_control_cs_signal
                0x0000000008001a88       0x58 ./Drivers/Peripheral/Src/ads131m0x.o
                0x0000000008001a88                ADS131M08_control_cs_signal
 .text.ADS131M08_read_cs_signal
                0x0000000008001ae0       0x28 ./Drivers/Peripheral/Src/ads131m0x.o
                0x0000000008001ae0                ADS131M08_read_cs_signal
 .text.restoreRegisterDefaults
                0x0000000008001b08      0x284 ./Drivers/Peripheral/Src/ads131m0x.o
                0x0000000008001b08                restoreRegisterDefaults
 .text.ADS131M08_receive_data
                0x0000000008001d8c       0x64 ./Drivers/Peripheral/Src/ads131m0x.o
                0x0000000008001d8c                ADS131M08_receive_data
 .text.upperByte
                0x0000000008001df0       0x1e ./Drivers/Peripheral/Src/ads131m0x.o
                0x0000000008001df0                upperByte
 .text.lowerByte
                0x0000000008001e0e       0x1a ./Drivers/Peripheral/Src/ads131m0x.o
                0x0000000008001e0e                lowerByte
 .text.ADS131M08_convert_adc_data
                0x0000000008001e28       0x36 ./Drivers/Peripheral/Src/ads131m0x.o
                0x0000000008001e28                ADS131M08_convert_adc_data
 *fill*         0x0000000008001e5e        0x2 
 .text.ADS131M08_parse_adc_data
                0x0000000008001e60      0x334 ./Drivers/Peripheral/Src/ads131m0x.o
                0x0000000008001e60                ADS131M08_parse_adc_data
 .text.ADS131M08_convert_to_mVolt
                0x0000000008002194       0x2c ./Drivers/Peripheral/Src/ads131m0x.o
                0x0000000008002194                ADS131M08_convert_to_mVolt
 .text.ADS131M08_convert_to_mAmp
                0x00000000080021c0       0x2c ./Drivers/Peripheral/Src/ads131m0x.o
                0x00000000080021c0                ADS131M08_convert_to_mAmp
 .text.combineBytes
                0x00000000080021ec       0x2c ./Drivers/Peripheral/Src/ads131m0x.o
                0x00000000080021ec                combineBytes
 .text.buildSPIarray
                0x0000000008002218       0xa0 ./Drivers/Peripheral/Src/ads131m0x.o
                0x0000000008002218                buildSPIarray
 .text.enforce_selected_device_modes
                0x00000000080022b8       0x40 ./Drivers/Peripheral/Src/ads131m0x.o
                0x00000000080022b8                enforce_selected_device_modes
 .text.getWordByteLength
                0x00000000080022f8       0x20 ./Drivers/Peripheral/Src/ads131m0x.o
                0x00000000080022f8                getWordByteLength
 .text.delay_us
                0x0000000008002318       0x44 ./Drivers/Peripheral/Src/ads131m0x.o
                0x0000000008002318                delay_us
 .text.HAL_Init
                0x000000000800235c       0x2c ./Drivers/STM32F1xx_HAL_Driver/Src/stm32f1xx_hal.o
                0x000000000800235c                HAL_Init
 .text.HAL_InitTick
                0x0000000008002388       0x60 ./Drivers/STM32F1xx_HAL_Driver/Src/stm32f1xx_hal.o
                0x0000000008002388                HAL_InitTick
 .text.HAL_IncTick
                0x00000000080023e8       0x24 ./Drivers/STM32F1xx_HAL_Driver/Src/stm32f1xx_hal.o
                0x00000000080023e8                HAL_IncTick
 .text.HAL_GetTick
                0x000000000800240c       0x14 ./Drivers/STM32F1xx_HAL_Driver/Src/stm32f1xx_hal.o
                0x000000000800240c                HAL_GetTick
 .text.HAL_Delay
                0x0000000008002420       0x48 ./Drivers/STM32F1xx_HAL_Driver/Src/stm32f1xx_hal.o
                0x0000000008002420                HAL_Delay
 .text.HAL_CAN_Init
                0x0000000008002468      0x28c ./Drivers/STM32F1xx_HAL_Driver/Src/stm32f1xx_hal_can.o
                0x0000000008002468                HAL_CAN_Init
 .text.HAL_CAN_ConfigFilter
                0x00000000080026f4      0x192 ./Drivers/STM32F1xx_HAL_Driver/Src/stm32f1xx_hal_can.o
                0x00000000080026f4                HAL_CAN_ConfigFilter
 .text.HAL_CAN_Start
                0x0000000008002886       0x88 ./Drivers/STM32F1xx_HAL_Driver/Src/stm32f1xx_hal_can.o
                0x0000000008002886                HAL_CAN_Start
 .text.HAL_CAN_AddTxMessage
                0x000000000800290e      0x19e ./Drivers/STM32F1xx_HAL_Driver/Src/stm32f1xx_hal_can.o
                0x000000000800290e                HAL_CAN_AddTxMessage
 .text.HAL_CAN_IsTxMessagePending
                0x0000000008002aac       0x46 ./Drivers/STM32F1xx_HAL_Driver/Src/stm32f1xx_hal_can.o
                0x0000000008002aac                HAL_CAN_IsTxMessagePending
 .text.HAL_CAN_GetRxMessage
                0x0000000008002af2      0x242 ./Drivers/STM32F1xx_HAL_Driver/Src/stm32f1xx_hal_can.o
                0x0000000008002af2                HAL_CAN_GetRxMessage
 .text.HAL_CAN_ActivateNotification
                0x0000000008002d34       0x4a ./Drivers/STM32F1xx_HAL_Driver/Src/stm32f1xx_hal_can.o
                0x0000000008002d34                HAL_CAN_ActivateNotification
 .text.HAL_CAN_IRQHandler
                0x0000000008002d7e      0x38a ./Drivers/STM32F1xx_HAL_Driver/Src/stm32f1xx_hal_can.o
                0x0000000008002d7e                HAL_CAN_IRQHandler
 .text.HAL_CAN_TxMailbox0CompleteCallback
                0x0000000008003108       0x12 ./Drivers/STM32F1xx_HAL_Driver/Src/stm32f1xx_hal_can.o
                0x0000000008003108                HAL_CAN_TxMailbox0CompleteCallback
 .text.HAL_CAN_TxMailbox1CompleteCallback
                0x000000000800311a       0x12 ./Drivers/STM32F1xx_HAL_Driver/Src/stm32f1xx_hal_can.o
                0x000000000800311a                HAL_CAN_TxMailbox1CompleteCallback
 .text.HAL_CAN_TxMailbox2CompleteCallback
                0x000000000800312c       0x12 ./Drivers/STM32F1xx_HAL_Driver/Src/stm32f1xx_hal_can.o
                0x000000000800312c                HAL_CAN_TxMailbox2CompleteCallback
 .text.HAL_CAN_TxMailbox0AbortCallback
                0x000000000800313e       0x12 ./Drivers/STM32F1xx_HAL_Driver/Src/stm32f1xx_hal_can.o
                0x000000000800313e                HAL_CAN_TxMailbox0AbortCallback
 .text.HAL_CAN_TxMailbox1AbortCallback
                0x0000000008003150       0x12 ./Drivers/STM32F1xx_HAL_Driver/Src/stm32f1xx_hal_can.o
                0x0000000008003150                HAL_CAN_TxMailbox1AbortCallback
 .text.HAL_CAN_TxMailbox2AbortCallback
                0x0000000008003162       0x12 ./Drivers/STM32F1xx_HAL_Driver/Src/stm32f1xx_hal_can.o
                0x0000000008003162                HAL_CAN_TxMailbox2AbortCallback
 .text.HAL_CAN_RxFifo0FullCallback
                0x0000000008003174       0x12 ./Drivers/STM32F1xx_HAL_Driver/Src/stm32f1xx_hal_can.o
                0x0000000008003174                HAL_CAN_RxFifo0FullCallback
 .text.HAL_CAN_RxFifo1MsgPendingCallback
                0x0000000008003186       0x12 ./Drivers/STM32F1xx_HAL_Driver/Src/stm32f1xx_hal_can.o
                0x0000000008003186                HAL_CAN_RxFifo1MsgPendingCallback
 .text.HAL_CAN_RxFifo1FullCallback
                0x0000000008003198       0x12 ./Drivers/STM32F1xx_HAL_Driver/Src/stm32f1xx_hal_can.o
                0x0000000008003198                HAL_CAN_RxFifo1FullCallback
 .text.HAL_CAN_SleepCallback
                0x00000000080031aa       0x12 ./Drivers/STM32F1xx_HAL_Driver/Src/stm32f1xx_hal_can.o
                0x00000000080031aa                HAL_CAN_SleepCallback
 .text.HAL_CAN_WakeUpFromRxMsgCallback
                0x00000000080031bc       0x12 ./Drivers/STM32F1xx_HAL_Driver/Src/stm32f1xx_hal_can.o
                0x00000000080031bc                HAL_CAN_WakeUpFromRxMsgCallback
 .text.HAL_CAN_ErrorCallback
                0x00000000080031ce       0x12 ./Drivers/STM32F1xx_HAL_Driver/Src/stm32f1xx_hal_can.o
                0x00000000080031ce                HAL_CAN_ErrorCallback
 .text.__NVIC_SetPriorityGrouping
                0x00000000080031e0       0x48 ./Drivers/STM32F1xx_HAL_Driver/Src/stm32f1xx_hal_cortex.o
 .text.__NVIC_GetPriorityGrouping
                0x0000000008003228       0x1c ./Drivers/STM32F1xx_HAL_Driver/Src/stm32f1xx_hal_cortex.o
 .text.__NVIC_EnableIRQ
                0x0000000008003244       0x38 ./Drivers/STM32F1xx_HAL_Driver/Src/stm32f1xx_hal_cortex.o
 .text.__NVIC_SetPriority
                0x000000000800327c       0x54 ./Drivers/STM32F1xx_HAL_Driver/Src/stm32f1xx_hal_cortex.o
 .text.NVIC_EncodePriority
                0x00000000080032d0       0x64 ./Drivers/STM32F1xx_HAL_Driver/Src/stm32f1xx_hal_cortex.o
 .text.SysTick_Config
                0x0000000008003334       0x44 ./Drivers/STM32F1xx_HAL_Driver/Src/stm32f1xx_hal_cortex.o
 .text.HAL_NVIC_SetPriorityGrouping
                0x0000000008003378       0x16 ./Drivers/STM32F1xx_HAL_Driver/Src/stm32f1xx_hal_cortex.o
                0x0000000008003378                HAL_NVIC_SetPriorityGrouping
 .text.HAL_NVIC_SetPriority
                0x000000000800338e       0x38 ./Drivers/STM32F1xx_HAL_Driver/Src/stm32f1xx_hal_cortex.o
                0x000000000800338e                HAL_NVIC_SetPriority
 .text.HAL_NVIC_EnableIRQ
                0x00000000080033c6       0x1c ./Drivers/STM32F1xx_HAL_Driver/Src/stm32f1xx_hal_cortex.o
                0x00000000080033c6                HAL_NVIC_EnableIRQ
 .text.HAL_SYSTICK_Config
                0x00000000080033e2       0x18 ./Drivers/STM32F1xx_HAL_Driver/Src/stm32f1xx_hal_cortex.o
                0x00000000080033e2                HAL_SYSTICK_Config
 .text.HAL_CRC_Init
                0x00000000080033fa       0x38 ./Drivers/STM32F1xx_HAL_Driver/Src/stm32f1xx_hal_crc.o
                0x00000000080033fa                HAL_CRC_Init
 *fill*         0x0000000008003432        0x2 
 .text.HAL_DMA_Abort_IT
                0x0000000008003434       0xf0 ./Drivers/STM32F1xx_HAL_Driver/Src/stm32f1xx_hal_dma.o
                0x0000000008003434                HAL_DMA_Abort_IT
 .text.HAL_GPIO_Init
                0x0000000008003524      0x308 ./Drivers/STM32F1xx_HAL_Driver/Src/stm32f1xx_hal_gpio.o
                0x0000000008003524                HAL_GPIO_Init
 .text.HAL_GPIO_ReadPin
                0x000000000800382c       0x2e ./Drivers/STM32F1xx_HAL_Driver/Src/stm32f1xx_hal_gpio.o
                0x000000000800382c                HAL_GPIO_ReadPin
 .text.HAL_GPIO_WritePin
                0x000000000800385a       0x30 ./Drivers/STM32F1xx_HAL_Driver/Src/stm32f1xx_hal_gpio.o
                0x000000000800385a                HAL_GPIO_WritePin
 .text.HAL_GPIO_TogglePin
                0x000000000800388a       0x32 ./Drivers/STM32F1xx_HAL_Driver/Src/stm32f1xx_hal_gpio.o
                0x000000000800388a                HAL_GPIO_TogglePin
 .text.HAL_GPIO_EXTI_IRQHandler
                0x00000000080038bc       0x30 ./Drivers/STM32F1xx_HAL_Driver/Src/stm32f1xx_hal_gpio.o
                0x00000000080038bc                HAL_GPIO_EXTI_IRQHandler
 .text.HAL_PWR_EnableBkUpAccess
                0x00000000080038ec       0x18 ./Drivers/STM32F1xx_HAL_Driver/Src/stm32f1xx_hal_pwr.o
                0x00000000080038ec                HAL_PWR_EnableBkUpAccess
 .text.HAL_RCC_OscConfig
                0x0000000008003904      0x504 ./Drivers/STM32F1xx_HAL_Driver/Src/stm32f1xx_hal_rcc.o
                0x0000000008003904                HAL_RCC_OscConfig
 .text.HAL_RCC_ClockConfig
                0x0000000008003e08      0x1d4 ./Drivers/STM32F1xx_HAL_Driver/Src/stm32f1xx_hal_rcc.o
                0x0000000008003e08                HAL_RCC_ClockConfig
 .text.HAL_RCC_MCOConfig
                0x0000000008003fdc       0x70 ./Drivers/STM32F1xx_HAL_Driver/Src/stm32f1xx_hal_rcc.o
                0x0000000008003fdc                HAL_RCC_MCOConfig
 .text.HAL_RCC_GetSysClockFreq
                0x000000000800404c       0xa8 ./Drivers/STM32F1xx_HAL_Driver/Src/stm32f1xx_hal_rcc.o
                0x000000000800404c                HAL_RCC_GetSysClockFreq
 .text.HAL_RCC_GetHCLKFreq
                0x00000000080040f4       0x14 ./Drivers/STM32F1xx_HAL_Driver/Src/stm32f1xx_hal_rcc.o
                0x00000000080040f4                HAL_RCC_GetHCLKFreq
 .text.HAL_RCC_GetPCLK2Freq
                0x0000000008004108       0x28 ./Drivers/STM32F1xx_HAL_Driver/Src/stm32f1xx_hal_rcc.o
                0x0000000008004108                HAL_RCC_GetPCLK2Freq
 .text.RCC_Delay
                0x0000000008004130       0x3c ./Drivers/STM32F1xx_HAL_Driver/Src/stm32f1xx_hal_rcc.o
 .text.HAL_RCCEx_PeriphCLKConfig
                0x000000000800416c      0x16c ./Drivers/STM32F1xx_HAL_Driver/Src/stm32f1xx_hal_rcc_ex.o
                0x000000000800416c                HAL_RCCEx_PeriphCLKConfig
 .text.HAL_RCCEx_GetPeriphCLKFreq
                0x00000000080042d8      0x16c ./Drivers/STM32F1xx_HAL_Driver/Src/stm32f1xx_hal_rcc_ex.o
                0x00000000080042d8                HAL_RCCEx_GetPeriphCLKFreq
 .text.HAL_RTC_Init
                0x0000000008004444      0x118 ./Drivers/STM32F1xx_HAL_Driver/Src/stm32f1xx_hal_rtc.o
                0x0000000008004444                HAL_RTC_Init
 .text.HAL_RTC_SetTime
                0x000000000800455c      0x12e ./Drivers/STM32F1xx_HAL_Driver/Src/stm32f1xx_hal_rtc.o
                0x000000000800455c                HAL_RTC_SetTime
 *fill*         0x000000000800468a        0x2 
 .text.HAL_RTC_SetDate
                0x000000000800468c      0x16c ./Drivers/STM32F1xx_HAL_Driver/Src/stm32f1xx_hal_rtc.o
                0x000000000800468c                HAL_RTC_SetDate
 .text.HAL_RTC_WaitForSynchro
                0x00000000080047f8       0x5a ./Drivers/STM32F1xx_HAL_Driver/Src/stm32f1xx_hal_rtc.o
                0x00000000080047f8                HAL_RTC_WaitForSynchro
 .text.RTC_ReadTimeCounter
                0x0000000008004852       0x60 ./Drivers/STM32F1xx_HAL_Driver/Src/stm32f1xx_hal_rtc.o
 .text.RTC_WriteTimeCounter
                0x00000000080048b2       0x4e ./Drivers/STM32F1xx_HAL_Driver/Src/stm32f1xx_hal_rtc.o
 .text.RTC_ReadAlarmCounter
                0x0000000008004900       0x32 ./Drivers/STM32F1xx_HAL_Driver/Src/stm32f1xx_hal_rtc.o
 .text.RTC_WriteAlarmCounter
                0x0000000008004932       0x4e ./Drivers/STM32F1xx_HAL_Driver/Src/stm32f1xx_hal_rtc.o
 .text.RTC_EnterInitMode
                0x0000000008004980       0x50 ./Drivers/STM32F1xx_HAL_Driver/Src/stm32f1xx_hal_rtc.o
 .text.RTC_ExitInitMode
                0x00000000080049d0       0x50 ./Drivers/STM32F1xx_HAL_Driver/Src/stm32f1xx_hal_rtc.o
 .text.RTC_Bcd2ToByte
                0x0000000008004a20       0x3a ./Drivers/STM32F1xx_HAL_Driver/Src/stm32f1xx_hal_rtc.o
 *fill*         0x0000000008004a5a        0x2 
 .text.RTC_WeekDayNum
                0x0000000008004a5c       0xf0 ./Drivers/STM32F1xx_HAL_Driver/Src/stm32f1xx_hal_rtc.o
 .text.HAL_SPI_Init
                0x0000000008004b4c      0x108 ./Drivers/STM32F1xx_HAL_Driver/Src/stm32f1xx_hal_spi.o
                0x0000000008004b4c                HAL_SPI_Init
 .text.HAL_SPI_Receive
                0x0000000008004c54      0x230 ./Drivers/STM32F1xx_HAL_Driver/Src/stm32f1xx_hal_spi.o
                0x0000000008004c54                HAL_SPI_Receive
 .text.HAL_SPI_TransmitReceive
                0x0000000008004e84      0x360 ./Drivers/STM32F1xx_HAL_Driver/Src/stm32f1xx_hal_spi.o
                0x0000000008004e84                HAL_SPI_TransmitReceive
 .text.HAL_SPI_IRQHandler
                0x00000000080051e4      0x1cc ./Drivers/STM32F1xx_HAL_Driver/Src/stm32f1xx_hal_spi.o
                0x00000000080051e4                HAL_SPI_IRQHandler
 .text.HAL_SPI_ErrorCallback
                0x00000000080053b0       0x12 ./Drivers/STM32F1xx_HAL_Driver/Src/stm32f1xx_hal_spi.o
                0x00000000080053b0                HAL_SPI_ErrorCallback
 .text.SPI_DMAAbortOnError
                0x00000000080053c2       0x28 ./Drivers/STM32F1xx_HAL_Driver/Src/stm32f1xx_hal_spi.o
 *fill*         0x00000000080053ea        0x2 
 .text.SPI_WaitFlagStateUntilTimeout
                0x00000000080053ec      0x110 ./Drivers/STM32F1xx_HAL_Driver/Src/stm32f1xx_hal_spi.o
 .text.SPI_EndRxTransaction
                0x00000000080054fc       0xa4 ./Drivers/STM32F1xx_HAL_Driver/Src/stm32f1xx_hal_spi.o
 .text.SPI_EndRxTxTransaction
                0x00000000080055a0       0x3c ./Drivers/STM32F1xx_HAL_Driver/Src/stm32f1xx_hal_spi.o
 .text.HAL_TIM_Base_Init
                0x00000000080055dc       0x9e ./Drivers/STM32F1xx_HAL_Driver/Src/stm32f1xx_hal_tim.o
                0x00000000080055dc                HAL_TIM_Base_Init
 *fill*         0x000000000800567a        0x2 
 .text.HAL_TIM_Base_Start_IT
                0x000000000800567c       0xa4 ./Drivers/STM32F1xx_HAL_Driver/Src/stm32f1xx_hal_tim.o
                0x000000000800567c                HAL_TIM_Base_Start_IT
 .text.HAL_TIM_IRQHandler
                0x0000000008005720      0x210 ./Drivers/STM32F1xx_HAL_Driver/Src/stm32f1xx_hal_tim.o
                0x0000000008005720                HAL_TIM_IRQHandler
 .text.HAL_TIM_ConfigClockSource
                0x0000000008005930      0x18e ./Drivers/STM32F1xx_HAL_Driver/Src/stm32f1xx_hal_tim.o
                0x0000000008005930                HAL_TIM_ConfigClockSource
 .text.HAL_TIM_OC_DelayElapsedCallback
                0x0000000008005abe       0x12 ./Drivers/STM32F1xx_HAL_Driver/Src/stm32f1xx_hal_tim.o
                0x0000000008005abe                HAL_TIM_OC_DelayElapsedCallback
 .text.HAL_TIM_IC_CaptureCallback
                0x0000000008005ad0       0x12 ./Drivers/STM32F1xx_HAL_Driver/Src/stm32f1xx_hal_tim.o
                0x0000000008005ad0                HAL_TIM_IC_CaptureCallback
 .text.HAL_TIM_PWM_PulseFinishedCallback
                0x0000000008005ae2       0x12 ./Drivers/STM32F1xx_HAL_Driver/Src/stm32f1xx_hal_tim.o
                0x0000000008005ae2                HAL_TIM_PWM_PulseFinishedCallback
 .text.HAL_TIM_TriggerCallback
                0x0000000008005af4       0x12 ./Drivers/STM32F1xx_HAL_Driver/Src/stm32f1xx_hal_tim.o
                0x0000000008005af4                HAL_TIM_TriggerCallback
 *fill*         0x0000000008005b06        0x2 
 .text.TIM_Base_SetConfig
                0x0000000008005b08       0xc4 ./Drivers/STM32F1xx_HAL_Driver/Src/stm32f1xx_hal_tim.o
                0x0000000008005b08                TIM_Base_SetConfig
 .text.TIM_TI1_ConfigInputStage
                0x0000000008005bcc       0x5c ./Drivers/STM32F1xx_HAL_Driver/Src/stm32f1xx_hal_tim.o
 .text.TIM_TI2_ConfigInputStage
                0x0000000008005c28       0x5e ./Drivers/STM32F1xx_HAL_Driver/Src/stm32f1xx_hal_tim.o
 .text.TIM_ITRx_SetConfig
                0x0000000008005c86       0x34 ./Drivers/STM32F1xx_HAL_Driver/Src/stm32f1xx_hal_tim.o
 .text.TIM_ETR_SetConfig
                0x0000000008005cba       0x3e ./Drivers/STM32F1xx_HAL_Driver/Src/stm32f1xx_hal_tim.o
                0x0000000008005cba                TIM_ETR_SetConfig
 .text.HAL_TIMEx_MasterConfigSynchronization
                0x0000000008005cf8       0xbc ./Drivers/STM32F1xx_HAL_Driver/Src/stm32f1xx_hal_tim_ex.o
                0x0000000008005cf8                HAL_TIMEx_MasterConfigSynchronization
 .text.HAL_TIMEx_CommutCallback
                0x0000000008005db4       0x12 ./Drivers/STM32F1xx_HAL_Driver/Src/stm32f1xx_hal_tim_ex.o
                0x0000000008005db4                HAL_TIMEx_CommutCallback
 .text.HAL_TIMEx_BreakCallback
                0x0000000008005dc6       0x12 ./Drivers/STM32F1xx_HAL_Driver/Src/stm32f1xx_hal_tim_ex.o
                0x0000000008005dc6                HAL_TIMEx_BreakCallback
 .text.__errno  0x0000000008005dd8        0xc c:/st/stm32cubeide_1.12.0/stm32cubeide/plugins/com.st.stm32cube.ide.mcu.externaltools.gnu-tools-for-stm32.10.3-2021.10.win32_1.0.200.202301161003/tools/bin/../lib/gcc/arm-none-eabi/10.3.1/../../../../arm-none-eabi/lib/thumb/v7-m/nofp\libc_nano.a(lib_a-errno.o)
                0x0000000008005dd8                __errno
 .text.__libc_init_array
                0x0000000008005de4       0x48 c:/st/stm32cubeide_1.12.0/stm32cubeide/plugins/com.st.stm32cube.ide.mcu.externaltools.gnu-tools-for-stm32.10.3-2021.10.win32_1.0.200.202301161003/tools/bin/../lib/gcc/arm-none-eabi/10.3.1/../../../../arm-none-eabi/lib/thumb/v7-m/nofp\libc_nano.a(lib_a-init.o)
                0x0000000008005de4                __libc_init_array
 .text.malloc   0x0000000008005e2c       0x10 c:/st/stm32cubeide_1.12.0/stm32cubeide/plugins/com.st.stm32cube.ide.mcu.externaltools.gnu-tools-for-stm32.10.3-2021.10.win32_1.0.200.202301161003/tools/bin/../lib/gcc/arm-none-eabi/10.3.1/../../../../arm-none-eabi/lib/thumb/v7-m/nofp\libc_nano.a(lib_a-malloc.o)
                0x0000000008005e2c                malloc
 .text.memset   0x0000000008005e3c       0x10 c:/st/stm32cubeide_1.12.0/stm32cubeide/plugins/com.st.stm32cube.ide.mcu.externaltools.gnu-tools-for-stm32.10.3-2021.10.win32_1.0.200.202301161003/tools/bin/../lib/gcc/arm-none-eabi/10.3.1/../../../../arm-none-eabi/lib/thumb/v7-m/nofp\libc_nano.a(lib_a-memset.o)
                0x0000000008005e3c                memset
 .text.sbrk_aligned
                0x0000000008005e4c       0x40 c:/st/stm32cubeide_1.12.0/stm32cubeide/plugins/com.st.stm32cube.ide.mcu.externaltools.gnu-tools-for-stm32.10.3-2021.10.win32_1.0.200.202301161003/tools/bin/../lib/gcc/arm-none-eabi/10.3.1/../../../../arm-none-eabi/lib/thumb/v7-m/nofp\libc_nano.a(lib_a-nano-mallocr.o)
 .text._malloc_r
                0x0000000008005e8c       0xe8 c:/st/stm32cubeide_1.12.0/stm32cubeide/plugins/com.st.stm32cube.ide.mcu.externaltools.gnu-tools-for-stm32.10.3-2021.10.win32_1.0.200.202301161003/tools/bin/../lib/gcc/arm-none-eabi/10.3.1/../../../../arm-none-eabi/lib/thumb/v7-m/nofp\libc_nano.a(lib_a-nano-mallocr.o)
                0x0000000008005e8c                _malloc_r
 .text._sbrk_r  0x0000000008005f74       0x20 c:/st/stm32cubeide_1.12.0/stm32cubeide/plugins/com.st.stm32cube.ide.mcu.externaltools.gnu-tools-for-stm32.10.3-2021.10.win32_1.0.200.202301161003/tools/bin/../lib/gcc/arm-none-eabi/10.3.1/../../../../arm-none-eabi/lib/thumb/v7-m/nofp\libc_nano.a(lib_a-sbrkr.o)
                0x0000000008005f74                _sbrk_r
 .text.__malloc_lock
                0x0000000008005f94        0xc c:/st/stm32cubeide_1.12.0/stm32cubeide/plugins/com.st.stm32cube.ide.mcu.externaltools.gnu-tools-for-stm32.10.3-2021.10.win32_1.0.200.202301161003/tools/bin/../lib/gcc/arm-none-eabi/10.3.1/../../../../arm-none-eabi/lib/thumb/v7-m/nofp\libc_nano.a(lib_a-mlock.o)
                0x0000000008005f94                __malloc_lock
 .text.__malloc_unlock
                0x0000000008005fa0        0xc c:/st/stm32cubeide_1.12.0/stm32cubeide/plugins/com.st.stm32cube.ide.mcu.externaltools.gnu-tools-for-stm32.10.3-2021.10.win32_1.0.200.202301161003/tools/bin/../lib/gcc/arm-none-eabi/10.3.1/../../../../arm-none-eabi/lib/thumb/v7-m/nofp\libc_nano.a(lib_a-mlock.o)
                0x0000000008005fa0                __malloc_unlock
 .text.__retarget_lock_acquire_recursive
                0x0000000008005fac        0x2 c:/st/stm32cubeide_1.12.0/stm32cubeide/plugins/com.st.stm32cube.ide.mcu.externaltools.gnu-tools-for-stm32.10.3-2021.10.win32_1.0.200.202301161003/tools/bin/../lib/gcc/arm-none-eabi/10.3.1/../../../../arm-none-eabi/lib/thumb/v7-m/nofp\libc_nano.a(lib_a-lock.o)
                0x0000000008005fac                __retarget_lock_acquire_recursive
 .text.__retarget_lock_release_recursive
                0x0000000008005fae        0x2 c:/st/stm32cubeide_1.12.0/stm32cubeide/plugins/com.st.stm32cube.ide.mcu.externaltools.gnu-tools-for-stm32.10.3-2021.10.win32_1.0.200.202301161003/tools/bin/../lib/gcc/arm-none-eabi/10.3.1/../../../../arm-none-eabi/lib/thumb/v7-m/nofp\libc_nano.a(lib_a-lock.o)
                0x0000000008005fae                __retarget_lock_release_recursive
 *(.glue_7)
 .glue_7        0x0000000008005fb0        0x0 linker stubs
 *(.glue_7t)
 .glue_7t       0x0000000008005fb0        0x0 linker stubs
 *(.eh_frame)
 .eh_frame      0x0000000008005fb0        0x0 c:/st/stm32cubeide_1.12.0/stm32cubeide/plugins/com.st.stm32cube.ide.mcu.externaltools.gnu-tools-for-stm32.10.3-2021.10.win32_1.0.200.202301161003/tools/bin/../lib/gcc/arm-none-eabi/10.3.1/thumb/v7-m/nofp/crtbegin.o
 *(.init)
 .init          0x0000000008005fb0        0x4 c:/st/stm32cubeide_1.12.0/stm32cubeide/plugins/com.st.stm32cube.ide.mcu.externaltools.gnu-tools-for-stm32.10.3-2021.10.win32_1.0.200.202301161003/tools/bin/../lib/gcc/arm-none-eabi/10.3.1/thumb/v7-m/nofp/crti.o
                0x0000000008005fb0                _init
 .init          0x0000000008005fb4        0x8 c:/st/stm32cubeide_1.12.0/stm32cubeide/plugins/com.st.stm32cube.ide.mcu.externaltools.gnu-tools-for-stm32.10.3-2021.10.win32_1.0.200.202301161003/tools/bin/../lib/gcc/arm-none-eabi/10.3.1/thumb/v7-m/nofp/crtn.o
 *(.fini)
 .fini          0x0000000008005fbc        0x4 c:/st/stm32cubeide_1.12.0/stm32cubeide/plugins/com.st.stm32cube.ide.mcu.externaltools.gnu-tools-for-stm32.10.3-2021.10.win32_1.0.200.202301161003/tools/bin/../lib/gcc/arm-none-eabi/10.3.1/thumb/v7-m/nofp/crti.o
                0x0000000008005fbc                _fini
 .fini          0x0000000008005fc0        0x8 c:/st/stm32cubeide_1.12.0/stm32cubeide/plugins/com.st.stm32cube.ide.mcu.externaltools.gnu-tools-for-stm32.10.3-2021.10.win32_1.0.200.202301161003/tools/bin/../lib/gcc/arm-none-eabi/10.3.1/thumb/v7-m/nofp/crtn.o
                0x0000000008005fc8                . = ALIGN (0x4)
                0x0000000008005fc8                _etext = .

.vfp11_veneer   0x0000000008005fc8        0x0
 .vfp11_veneer  0x0000000008005fc8        0x0 linker stubs

.v4_bx          0x0000000008005fc8        0x0
 .v4_bx         0x0000000008005fc8        0x0 linker stubs

.iplt           0x0000000008005fc8        0x0
 .iplt          0x0000000008005fc8        0x0 c:/st/stm32cubeide_1.12.0/stm32cubeide/plugins/com.st.stm32cube.ide.mcu.externaltools.gnu-tools-for-stm32.10.3-2021.10.win32_1.0.200.202301161003/tools/bin/../lib/gcc/arm-none-eabi/10.3.1/thumb/v7-m/nofp/crtbegin.o

.rodata         0x0000000008005fc8       0x44
                0x0000000008005fc8                . = ALIGN (0x4)
 *(.rodata)
 *(.rodata*)
 .rodata.AHBPrescTable
                0x0000000008005fc8       0x10 ./Core/Src/system_stm32f1xx.o
                0x0000000008005fc8                AHBPrescTable
 .rodata.APBPrescTable
                0x0000000008005fd8        0x8 ./Core/Src/system_stm32f1xx.o
                0x0000000008005fd8                APBPrescTable
 .rodata.wlength_byte_values
                0x0000000008005fe0        0x4 ./Drivers/Peripheral/Src/ads131m0x.o
 .rodata.aPLLMULFactorTable.1
                0x0000000008005fe4       0x10 ./Drivers/STM32F1xx_HAL_Driver/Src/stm32f1xx_hal_rcc.o
 .rodata.aPredivFactorTable.0
                0x0000000008005ff4        0x2 ./Drivers/STM32F1xx_HAL_Driver/Src/stm32f1xx_hal_rcc.o
 *fill*         0x0000000008005ff6        0x2 
 .rodata.aPLLMULFactorTable.1
                0x0000000008005ff8       0x10 ./Drivers/STM32F1xx_HAL_Driver/Src/stm32f1xx_hal_rcc_ex.o
 .rodata.aPredivFactorTable.0
                0x0000000008006008        0x2 ./Drivers/STM32F1xx_HAL_Driver/Src/stm32f1xx_hal_rcc_ex.o
                0x000000000800600c                . = ALIGN (0x4)
 *fill*         0x000000000800600a        0x2 

.rel.dyn        0x000000000800600c        0x0
 .rel.iplt      0x000000000800600c        0x0 c:/st/stm32cubeide_1.12.0/stm32cubeide/plugins/com.st.stm32cube.ide.mcu.externaltools.gnu-tools-for-stm32.10.3-2021.10.win32_1.0.200.202301161003/tools/bin/../lib/gcc/arm-none-eabi/10.3.1/thumb/v7-m/nofp/crtbegin.o

.ARM.extab      0x000000000800600c        0x0
                0x000000000800600c                . = ALIGN (0x4)
 *(.ARM.extab* .gnu.linkonce.armextab.*)
                0x000000000800600c                . = ALIGN (0x4)

.ARM            0x000000000800600c        0x0
                0x000000000800600c                . = ALIGN (0x4)
                0x000000000800600c                __exidx_start = .
 *(.ARM.exidx*)
                0x000000000800600c                __exidx_end = .
                0x000000000800600c                . = ALIGN (0x4)

.preinit_array  0x000000000800600c        0x0
                0x000000000800600c                . = ALIGN (0x4)
                0x000000000800600c                PROVIDE (__preinit_array_start = .)
 *(.preinit_array*)
                0x000000000800600c                PROVIDE (__preinit_array_end = .)
                0x000000000800600c                . = ALIGN (0x4)

.init_array     0x000000000800600c        0x4
                0x000000000800600c                . = ALIGN (0x4)
                0x000000000800600c                PROVIDE (__init_array_start = .)
 *(SORT_BY_NAME(.init_array.*))
 *(.init_array*)
 .init_array    0x000000000800600c        0x4 c:/st/stm32cubeide_1.12.0/stm32cubeide/plugins/com.st.stm32cube.ide.mcu.externaltools.gnu-tools-for-stm32.10.3-2021.10.win32_1.0.200.202301161003/tools/bin/../lib/gcc/arm-none-eabi/10.3.1/thumb/v7-m/nofp/crtbegin.o
                0x0000000008006010                PROVIDE (__init_array_end = .)
                0x0000000008006010                . = ALIGN (0x4)

.fini_array     0x0000000008006010        0x4
                0x0000000008006010                . = ALIGN (0x4)
                [!provide]                        PROVIDE (__fini_array_start = .)
 *(SORT_BY_NAME(.fini_array.*))
 *(.fini_array*)
 .fini_array    0x0000000008006010        0x4 c:/st/stm32cubeide_1.12.0/stm32cubeide/plugins/com.st.stm32cube.ide.mcu.externaltools.gnu-tools-for-stm32.10.3-2021.10.win32_1.0.200.202301161003/tools/bin/../lib/gcc/arm-none-eabi/10.3.1/thumb/v7-m/nofp/crtbegin.o
                [!provide]                        PROVIDE (__fini_array_end = .)
                0x0000000008006014                . = ALIGN (0x4)
                0x0000000008006014                _sidata = LOADADDR (.data)

.data           0x0000000020000000       0x88 load address 0x0000000008006014
                0x0000000020000000                . = ALIGN (0x4)
                0x0000000020000000                _sdata = .
 *(.data)
 *(.data*)
 .data.main_regs
                0x0000000020000000       0x18 ./Core/Src/main.o
                0x0000000020000000                main_regs
 .data.SystemCoreClock
                0x0000000020000018        0x4 ./Core/Src/system_stm32f1xx.o
                0x0000000020000018                SystemCoreClock
 .data.uwTickPrio
                0x000000002000001c        0x4 ./Drivers/STM32F1xx_HAL_Driver/Src/stm32f1xx_hal.o
                0x000000002000001c                uwTickPrio
 .data.uwTickFreq
                0x0000000020000020        0x1 ./Drivers/STM32F1xx_HAL_Driver/Src/stm32f1xx_hal.o
                0x0000000020000020                uwTickFreq
 *fill*         0x0000000020000021        0x3 
 .data._impure_ptr
                0x0000000020000024        0x4 c:/st/stm32cubeide_1.12.0/stm32cubeide/plugins/com.st.stm32cube.ide.mcu.externaltools.gnu-tools-for-stm32.10.3-2021.10.win32_1.0.200.202301161003/tools/bin/../lib/gcc/arm-none-eabi/10.3.1/../../../../arm-none-eabi/lib/thumb/v7-m/nofp\libc_nano.a(lib_a-impure.o)
                0x0000000020000024                _impure_ptr
 .data.impure_data
                0x0000000020000028       0x60 c:/st/stm32cubeide_1.12.0/stm32cubeide/plugins/com.st.stm32cube.ide.mcu.externaltools.gnu-tools-for-stm32.10.3-2021.10.win32_1.0.200.202301161003/tools/bin/../lib/gcc/arm-none-eabi/10.3.1/../../../../arm-none-eabi/lib/thumb/v7-m/nofp\libc_nano.a(lib_a-impure.o)
 *(.RamFunc)
 *(.RamFunc*)
                0x0000000020000088                . = ALIGN (0x4)
                0x0000000020000088                _edata = .

.igot.plt       0x0000000020000088        0x0 load address 0x000000000800609c
 .igot.plt      0x0000000020000088        0x0 c:/st/stm32cubeide_1.12.0/stm32cubeide/plugins/com.st.stm32cube.ide.mcu.externaltools.gnu-tools-for-stm32.10.3-2021.10.win32_1.0.200.202301161003/tools/bin/../lib/gcc/arm-none-eabi/10.3.1/thumb/v7-m/nofp/crtbegin.o
                0x0000000020000088                . = ALIGN (0x4)

.bss            0x0000000020000088      0x1ec load address 0x000000000800609c
                0x0000000020000088                _sbss = .
                0x0000000020000088                __bss_start__ = _sbss
 *(.bss)
 .bss           0x0000000020000088       0x1c c:/st/stm32cubeide_1.12.0/stm32cubeide/plugins/com.st.stm32cube.ide.mcu.externaltools.gnu-tools-for-stm32.10.3-2021.10.win32_1.0.200.202301161003/tools/bin/../lib/gcc/arm-none-eabi/10.3.1/thumb/v7-m/nofp/crtbegin.o
 *(.bss*)
 .bss.TxHeader  0x00000000200000a4       0x18 ./Core/Src/can.o
                0x00000000200000a4                TxHeader
 .bss.ReplayHeader
                0x00000000200000bc       0x18 ./Core/Src/can.o
                0x00000000200000bc                ReplayHeader
 .bss.CanTxData
                0x00000000200000d4        0x8 ./Core/Src/can.o
                0x00000000200000d4                CanTxData
 .bss.TxMailbox
                0x00000000200000dc        0x4 ./Core/Src/can.o
                0x00000000200000dc                TxMailbox
 .bss.can_task_scheduler
                0x00000000200000e0        0x1 ./Core/Src/can.o
                0x00000000200000e0                can_task_scheduler
 *fill*         0x00000000200000e1        0x3 
 .bss.RxHeader  0x00000000200000e4       0x1c ./Core/Src/can.o
                0x00000000200000e4                RxHeader
 .bss.CanRxData
                0x0000000020000100        0x8 ./Core/Src/can.o
                0x0000000020000100                CanRxData
 .bss.canfilterconfig
                0x0000000020000108       0x28 ./Core/Src/can.o
                0x0000000020000108                canfilterconfig
 .bss.hcan      0x0000000020000130       0x64 ./Core/Src/can.o
                0x0000000020000130                hcan
 .bss.hcrc      0x0000000020000194        0x8 ./Core/Src/crc.o
                0x0000000020000194                hcrc
 .bss.main_task_scheduler
                0x000000002000019c        0x1 ./Core/Src/main.o
                0x000000002000019c                main_task_scheduler
 .bss.alive_timer
                0x000000002000019d        0x1 ./Core/Src/main.o
                0x000000002000019d                alive_timer
 .bss.timer_10ms
                0x000000002000019e        0x2 ./Core/Src/main.o
                0x000000002000019e                timer_10ms
 .bss.hrtc      0x00000000200001a0       0x14 ./Core/Src/rtc.o
                0x00000000200001a0                hrtc
 .bss.hspi1     0x00000000200001b4       0x58 ./Core/Src/spi.o
                0x00000000200001b4                hspi1
 .bss.__sbrk_heap_end
                0x000000002000020c        0x4 ./Core/Src/sysmem.o
 .bss.htim4     0x0000000020000210       0x48 ./Core/Src/tim.o
                0x0000000020000210                htim4
 .bss.adcConfM  0x0000000020000258        0x4 ./Drivers/Peripheral/Src/ads131m0x.o
                0x0000000020000258                adcConfM
 .bss.ads131m08_task_scheduler
                0x000000002000025c        0x1 ./Drivers/Peripheral/Src/ads131m0x.o
                0x000000002000025c                ads131m08_task_scheduler
 *fill*         0x000000002000025d        0x3 
 .bss.uwTick    0x0000000020000260        0x4 ./Drivers/STM32F1xx_HAL_Driver/Src/stm32f1xx_hal.o
                0x0000000020000260                uwTick
 .bss.__malloc_free_list
                0x0000000020000264        0x4 c:/st/stm32cubeide_1.12.0/stm32cubeide/plugins/com.st.stm32cube.ide.mcu.externaltools.gnu-tools-for-stm32.10.3-2021.10.win32_1.0.200.202301161003/tools/bin/../lib/gcc/arm-none-eabi/10.3.1/../../../../arm-none-eabi/lib/thumb/v7-m/nofp\libc_nano.a(lib_a-nano-mallocr.o)
                0x0000000020000264                __malloc_free_list
 .bss.__malloc_sbrk_start
                0x0000000020000268        0x4 c:/st/stm32cubeide_1.12.0/stm32cubeide/plugins/com.st.stm32cube.ide.mcu.externaltools.gnu-tools-for-stm32.10.3-2021.10.win32_1.0.200.202301161003/tools/bin/../lib/gcc/arm-none-eabi/10.3.1/../../../../arm-none-eabi/lib/thumb/v7-m/nofp\libc_nano.a(lib_a-nano-mallocr.o)
                0x0000000020000268                __malloc_sbrk_start
 .bss.errno     0x000000002000026c        0x4 c:/st/stm32cubeide_1.12.0/stm32cubeide/plugins/com.st.stm32cube.ide.mcu.externaltools.gnu-tools-for-stm32.10.3-2021.10.win32_1.0.200.202301161003/tools/bin/../lib/gcc/arm-none-eabi/10.3.1/../../../../arm-none-eabi/lib/thumb/v7-m/nofp\libc_nano.a(lib_a-reent.o)
                0x000000002000026c                errno
 .bss.__lock___malloc_recursive_mutex
                0x0000000020000270        0x1 c:/st/stm32cubeide_1.12.0/stm32cubeide/plugins/com.st.stm32cube.ide.mcu.externaltools.gnu-tools-for-stm32.10.3-2021.10.win32_1.0.200.202301161003/tools/bin/../lib/gcc/arm-none-eabi/10.3.1/../../../../arm-none-eabi/lib/thumb/v7-m/nofp\libc_nano.a(lib_a-lock.o)
                0x0000000020000270                __lock___malloc_recursive_mutex
 *(COMMON)
                0x0000000020000274                . = ALIGN (0x4)
 *fill*         0x0000000020000271        0x3 
                0x0000000020000274                _ebss = .
                0x0000000020000274                __bss_end__ = _ebss

._user_heap_stack
                0x0000000020000274      0x604 load address 0x000000000800609c
                0x0000000020000278                . = ALIGN (0x8)
 *fill*         0x0000000020000274        0x4 
                [!provide]                        PROVIDE (end = .)
                0x0000000020000278                PROVIDE (_end = .)
                0x0000000020000478                . = (. + _Min_Heap_Size)
 *fill*         0x0000000020000278      0x200 
                0x0000000020000878                . = (. + _Min_Stack_Size)
 *fill*         0x0000000020000478      0x400 
                0x0000000020000878                . = ALIGN (0x8)

/DISCARD/
 libc.a(*)
 libm.a(*)
 libgcc.a(*)

.ARM.attributes
                0x0000000000000000       0x29
 *(.ARM.attributes)
 .ARM.attributes
                0x0000000000000000       0x1d c:/st/stm32cubeide_1.12.0/stm32cubeide/plugins/com.st.stm32cube.ide.mcu.externaltools.gnu-tools-for-stm32.10.3-2021.10.win32_1.0.200.202301161003/tools/bin/../lib/gcc/arm-none-eabi/10.3.1/thumb/v7-m/nofp/crti.o
 .ARM.attributes
                0x000000000000001d       0x2d c:/st/stm32cubeide_1.12.0/stm32cubeide/plugins/com.st.stm32cube.ide.mcu.externaltools.gnu-tools-for-stm32.10.3-2021.10.win32_1.0.200.202301161003/tools/bin/../lib/gcc/arm-none-eabi/10.3.1/thumb/v7-m/nofp/crtbegin.o
 .ARM.attributes
                0x000000000000004a       0x2d ./Core/Src/can.o
 .ARM.attributes
                0x0000000000000077       0x2d ./Core/Src/crc.o
 .ARM.attributes
                0x00000000000000a4       0x2d ./Core/Src/gpio.o
 .ARM.attributes
                0x00000000000000d1       0x2d ./Core/Src/main.o
 .ARM.attributes
                0x00000000000000fe       0x2d ./Core/Src/rtc.o
 .ARM.attributes
                0x000000000000012b       0x2d ./Core/Src/spi.o
 .ARM.attributes
                0x0000000000000158       0x2d ./Core/Src/stm32f1xx_hal_msp.o
 .ARM.attributes
                0x0000000000000185       0x2d ./Core/Src/stm32f1xx_it.o
 .ARM.attributes
                0x00000000000001b2       0x2d ./Core/Src/sysmem.o
 .ARM.attributes
                0x00000000000001df       0x2d ./Core/Src/system_stm32f1xx.o
 .ARM.attributes
                0x000000000000020c       0x2d ./Core/Src/tim.o
 .ARM.attributes
                0x0000000000000239       0x21 ./Core/Startup/startup_stm32f103cbtx.o
 .ARM.attributes
                0x000000000000025a       0x2d ./Drivers/Peripheral/Src/ads131m0x.o
 .ARM.attributes
                0x0000000000000287       0x2d ./Drivers/STM32F1xx_HAL_Driver/Src/stm32f1xx_hal.o
 .ARM.attributes
                0x00000000000002b4       0x2d ./Drivers/STM32F1xx_HAL_Driver/Src/stm32f1xx_hal_can.o
 .ARM.attributes
                0x00000000000002e1       0x2d ./Drivers/STM32F1xx_HAL_Driver/Src/stm32f1xx_hal_cortex.o
 .ARM.attributes
                0x000000000000030e       0x2d ./Drivers/STM32F1xx_HAL_Driver/Src/stm32f1xx_hal_crc.o
 .ARM.attributes
                0x000000000000033b       0x2d ./Drivers/STM32F1xx_HAL_Driver/Src/stm32f1xx_hal_dma.o
 .ARM.attributes
                0x0000000000000368       0x2d ./Drivers/STM32F1xx_HAL_Driver/Src/stm32f1xx_hal_gpio.o
 .ARM.attributes
                0x0000000000000395       0x2d ./Drivers/STM32F1xx_HAL_Driver/Src/stm32f1xx_hal_pwr.o
 .ARM.attributes
                0x00000000000003c2       0x2d ./Drivers/STM32F1xx_HAL_Driver/Src/stm32f1xx_hal_rcc.o
 .ARM.attributes
                0x00000000000003ef       0x2d ./Drivers/STM32F1xx_HAL_Driver/Src/stm32f1xx_hal_rcc_ex.o
 .ARM.attributes
                0x000000000000041c       0x2d ./Drivers/STM32F1xx_HAL_Driver/Src/stm32f1xx_hal_rtc.o
 .ARM.attributes
                0x0000000000000449       0x2d ./Drivers/STM32F1xx_HAL_Driver/Src/stm32f1xx_hal_spi.o
 .ARM.attributes
                0x0000000000000476       0x2d ./Drivers/STM32F1xx_HAL_Driver/Src/stm32f1xx_hal_tim.o
 .ARM.attributes
                0x00000000000004a3       0x2d ./Drivers/STM32F1xx_HAL_Driver/Src/stm32f1xx_hal_tim_ex.o
 .ARM.attributes
                0x00000000000004d0       0x2d c:/st/stm32cubeide_1.12.0/stm32cubeide/plugins/com.st.stm32cube.ide.mcu.externaltools.gnu-tools-for-stm32.10.3-2021.10.win32_1.0.200.202301161003/tools/bin/../lib/gcc/arm-none-eabi/10.3.1/../../../../arm-none-eabi/lib/thumb/v7-m/nofp\libc_nano.a(lib_a-errno.o)
 .ARM.attributes
                0x00000000000004fd       0x2d c:/st/stm32cubeide_1.12.0/stm32cubeide/plugins/com.st.stm32cube.ide.mcu.externaltools.gnu-tools-for-stm32.10.3-2021.10.win32_1.0.200.202301161003/tools/bin/../lib/gcc/arm-none-eabi/10.3.1/../../../../arm-none-eabi/lib/thumb/v7-m/nofp\libc_nano.a(lib_a-impure.o)
 .ARM.attributes
                0x000000000000052a       0x2d c:/st/stm32cubeide_1.12.0/stm32cubeide/plugins/com.st.stm32cube.ide.mcu.externaltools.gnu-tools-for-stm32.10.3-2021.10.win32_1.0.200.202301161003/tools/bin/../lib/gcc/arm-none-eabi/10.3.1/../../../../arm-none-eabi/lib/thumb/v7-m/nofp\libc_nano.a(lib_a-init.o)
 .ARM.attributes
                0x0000000000000557       0x2d c:/st/stm32cubeide_1.12.0/stm32cubeide/plugins/com.st.stm32cube.ide.mcu.externaltools.gnu-tools-for-stm32.10.3-2021.10.win32_1.0.200.202301161003/tools/bin/../lib/gcc/arm-none-eabi/10.3.1/../../../../arm-none-eabi/lib/thumb/v7-m/nofp\libc_nano.a(lib_a-malloc.o)
 .ARM.attributes
                0x0000000000000584       0x2d c:/st/stm32cubeide_1.12.0/stm32cubeide/plugins/com.st.stm32cube.ide.mcu.externaltools.gnu-tools-for-stm32.10.3-2021.10.win32_1.0.200.202301161003/tools/bin/../lib/gcc/arm-none-eabi/10.3.1/../../../../arm-none-eabi/lib/thumb/v7-m/nofp\libc_nano.a(lib_a-memset.o)
 .ARM.attributes
                0x00000000000005b1       0x2d c:/st/stm32cubeide_1.12.0/stm32cubeide/plugins/com.st.stm32cube.ide.mcu.externaltools.gnu-tools-for-stm32.10.3-2021.10.win32_1.0.200.202301161003/tools/bin/../lib/gcc/arm-none-eabi/10.3.1/../../../../arm-none-eabi/lib/thumb/v7-m/nofp\libc_nano.a(lib_a-nano-mallocr.o)
 .ARM.attributes
                0x00000000000005de       0x2d c:/st/stm32cubeide_1.12.0/stm32cubeide/plugins/com.st.stm32cube.ide.mcu.externaltools.gnu-tools-for-stm32.10.3-2021.10.win32_1.0.200.202301161003/tools/bin/../lib/gcc/arm-none-eabi/10.3.1/../../../../arm-none-eabi/lib/thumb/v7-m/nofp\libc_nano.a(lib_a-sbrkr.o)
 .ARM.attributes
                0x000000000000060b       0x2d c:/st/stm32cubeide_1.12.0/stm32cubeide/plugins/com.st.stm32cube.ide.mcu.externaltools.gnu-tools-for-stm32.10.3-2021.10.win32_1.0.200.202301161003/tools/bin/../lib/gcc/arm-none-eabi/10.3.1/../../../../arm-none-eabi/lib/thumb/v7-m/nofp\libc_nano.a(lib_a-mlock.o)
 .ARM.attributes
                0x0000000000000638       0x2d c:/st/stm32cubeide_1.12.0/stm32cubeide/plugins/com.st.stm32cube.ide.mcu.externaltools.gnu-tools-for-stm32.10.3-2021.10.win32_1.0.200.202301161003/tools/bin/../lib/gcc/arm-none-eabi/10.3.1/../../../../arm-none-eabi/lib/thumb/v7-m/nofp\libc_nano.a(lib_a-reent.o)
 .ARM.attributes
                0x0000000000000665       0x2d c:/st/stm32cubeide_1.12.0/stm32cubeide/plugins/com.st.stm32cube.ide.mcu.externaltools.gnu-tools-for-stm32.10.3-2021.10.win32_1.0.200.202301161003/tools/bin/../lib/gcc/arm-none-eabi/10.3.1/../../../../arm-none-eabi/lib/thumb/v7-m/nofp\libc_nano.a(lib_a-lock.o)
 .ARM.attributes
                0x0000000000000692       0x1d c:/st/stm32cubeide_1.12.0/stm32cubeide/plugins/com.st.stm32cube.ide.mcu.externaltools.gnu-tools-for-stm32.10.3-2021.10.win32_1.0.200.202301161003/tools/bin/../lib/gcc/arm-none-eabi/10.3.1/thumb/v7-m/nofp\libgcc.a(_arm_mulsf3.o)
 .ARM.attributes
                0x00000000000006af       0x1d c:/st/stm32cubeide_1.12.0/stm32cubeide/plugins/com.st.stm32cube.ide.mcu.externaltools.gnu-tools-for-stm32.10.3-2021.10.win32_1.0.200.202301161003/tools/bin/../lib/gcc/arm-none-eabi/10.3.1/thumb/v7-m/nofp\libgcc.a(_arm_addsubsf3.o)
 .ARM.attributes
                0x00000000000006cc       0x1d c:/st/stm32cubeide_1.12.0/stm32cubeide/plugins/com.st.stm32cube.ide.mcu.externaltools.gnu-tools-for-stm32.10.3-2021.10.win32_1.0.200.202301161003/tools/bin/../lib/gcc/arm-none-eabi/10.3.1/thumb/v7-m/nofp/crtn.o
OUTPUT(bms-measure.elf elf32-littlearm)
LOAD linker stubs
LOAD c:/st/stm32cubeide_1.12.0/stm32cubeide/plugins/com.st.stm32cube.ide.mcu.externaltools.gnu-tools-for-stm32.10.3-2021.10.win32_1.0.200.202301161003/tools/bin/../lib/gcc/arm-none-eabi/10.3.1/../../../../arm-none-eabi/lib/thumb/v7-m/nofp\libc.a
LOAD c:/st/stm32cubeide_1.12.0/stm32cubeide/plugins/com.st.stm32cube.ide.mcu.externaltools.gnu-tools-for-stm32.10.3-2021.10.win32_1.0.200.202301161003/tools/bin/../lib/gcc/arm-none-eabi/10.3.1/../../../../arm-none-eabi/lib/thumb/v7-m/nofp\libm.a
LOAD c:/st/stm32cubeide_1.12.0/stm32cubeide/plugins/com.st.stm32cube.ide.mcu.externaltools.gnu-tools-for-stm32.10.3-2021.10.win32_1.0.200.202301161003/tools/bin/../lib/gcc/arm-none-eabi/10.3.1/thumb/v7-m/nofp\libgcc.a

.debug_info     0x0000000000000000    0x123bc
 .debug_info    0x0000000000000000     0x1891 ./Core/Src/can.o
 .debug_info    0x0000000000001891      0x358 ./Core/Src/crc.o
 .debug_info    0x0000000000001be9      0x30b ./Core/Src/gpio.o
 .debug_info    0x0000000000001ef4     0x1623 ./Core/Src/main.o
 .debug_info    0x0000000000003517      0x4e6 ./Core/Src/rtc.o
 .debug_info    0x00000000000039fd      0x9c5 ./Core/Src/spi.o
 .debug_info    0x00000000000043c2      0x210 ./Core/Src/stm32f1xx_hal_msp.o
 .debug_info    0x00000000000045d2      0xeed ./Core/Src/stm32f1xx_it.o
 .debug_info    0x00000000000054bf      0x171 ./Core/Src/sysmem.o
 .debug_info    0x0000000000005630      0x23d ./Core/Src/system_stm32f1xx.o
 .debug_info    0x000000000000586d      0xa15 ./Core/Src/tim.o
 .debug_info    0x0000000000006282       0x22 ./Core/Startup/startup_stm32f103cbtx.o
 .debug_info    0x00000000000062a4     0x141b ./Drivers/Peripheral/Src/ads131m0x.o
 .debug_info    0x00000000000076bf      0x734 ./Drivers/STM32F1xx_HAL_Driver/Src/stm32f1xx_hal.o
 .debug_info    0x0000000000007df3     0x11e0 ./Drivers/STM32F1xx_HAL_Driver/Src/stm32f1xx_hal_can.o
 .debug_info    0x0000000000008fd3      0xb20 ./Drivers/STM32F1xx_HAL_Driver/Src/stm32f1xx_hal_cortex.o
 .debug_info    0x0000000000009af3      0x3b1 ./Drivers/STM32F1xx_HAL_Driver/Src/stm32f1xx_hal_crc.o
 .debug_info    0x0000000000009ea4      0x744 ./Drivers/STM32F1xx_HAL_Driver/Src/stm32f1xx_hal_dma.o
 .debug_info    0x000000000000a5e8      0x615 ./Drivers/STM32F1xx_HAL_Driver/Src/stm32f1xx_hal_gpio.o
 .debug_info    0x000000000000abfd      0x65c ./Drivers/STM32F1xx_HAL_Driver/Src/stm32f1xx_hal_pwr.o
 .debug_info    0x000000000000b259      0x865 ./Drivers/STM32F1xx_HAL_Driver/Src/stm32f1xx_hal_rcc.o
 .debug_info    0x000000000000babe      0x3e6 ./Drivers/STM32F1xx_HAL_Driver/Src/stm32f1xx_hal_rcc_ex.o
 .debug_info    0x000000000000bea4      0xd49 ./Drivers/STM32F1xx_HAL_Driver/Src/stm32f1xx_hal_rtc.o
 .debug_info    0x000000000000cbed     0x165d ./Drivers/STM32F1xx_HAL_Driver/Src/stm32f1xx_hal_spi.o
 .debug_info    0x000000000000e24a     0x2bab ./Drivers/STM32F1xx_HAL_Driver/Src/stm32f1xx_hal_tim.o
 .debug_info    0x0000000000010df5     0x15c7 ./Drivers/STM32F1xx_HAL_Driver/Src/stm32f1xx_hal_tim_ex.o

.debug_abbrev   0x0000000000000000     0x33b3
 .debug_abbrev  0x0000000000000000      0x303 ./Core/Src/can.o
 .debug_abbrev  0x0000000000000303      0x17c ./Core/Src/crc.o
 .debug_abbrev  0x000000000000047f      0x134 ./Core/Src/gpio.o
 .debug_abbrev  0x00000000000005b3      0x38a ./Core/Src/main.o
 .debug_abbrev  0x000000000000093d      0x1ab ./Core/Src/rtc.o
 .debug_abbrev  0x0000000000000ae8      0x1ec ./Core/Src/spi.o
 .debug_abbrev  0x0000000000000cd4       0xd4 ./Core/Src/stm32f1xx_hal_msp.o
 .debug_abbrev  0x0000000000000da8      0x206 ./Core/Src/stm32f1xx_it.o
 .debug_abbrev  0x0000000000000fae       0xbb ./Core/Src/sysmem.o
 .debug_abbrev  0x0000000000001069      0x13b ./Core/Src/system_stm32f1xx.o
 .debug_abbrev  0x00000000000011a4      0x1fe ./Core/Src/tim.o
 .debug_abbrev  0x00000000000013a2       0x12 ./Core/Startup/startup_stm32f103cbtx.o
 .debug_abbrev  0x00000000000013b4      0x406 ./Drivers/Peripheral/Src/ads131m0x.o
 .debug_abbrev  0x00000000000017ba      0x1fb ./Drivers/STM32F1xx_HAL_Driver/Src/stm32f1xx_hal.o
 .debug_abbrev  0x00000000000019b5      0x234 ./Drivers/STM32F1xx_HAL_Driver/Src/stm32f1xx_hal_can.o
 .debug_abbrev  0x0000000000001be9      0x2ed ./Drivers/STM32F1xx_HAL_Driver/Src/stm32f1xx_hal_cortex.o
 .debug_abbrev  0x0000000000001ed6      0x1a5 ./Drivers/STM32F1xx_HAL_Driver/Src/stm32f1xx_hal_crc.o
 .debug_abbrev  0x000000000000207b      0x1fe ./Drivers/STM32F1xx_HAL_Driver/Src/stm32f1xx_hal_dma.o
 .debug_abbrev  0x0000000000002279      0x1bb ./Drivers/STM32F1xx_HAL_Driver/Src/stm32f1xx_hal_gpio.o
 .debug_abbrev  0x0000000000002434      0x1ed ./Drivers/STM32F1xx_HAL_Driver/Src/stm32f1xx_hal_pwr.o
 .debug_abbrev  0x0000000000002621      0x2a8 ./Drivers/STM32F1xx_HAL_Driver/Src/stm32f1xx_hal_rcc.o
 .debug_abbrev  0x00000000000028c9      0x182 ./Drivers/STM32F1xx_HAL_Driver/Src/stm32f1xx_hal_rcc_ex.o
 .debug_abbrev  0x0000000000002a4b      0x22a ./Drivers/STM32F1xx_HAL_Driver/Src/stm32f1xx_hal_rtc.o
 .debug_abbrev  0x0000000000002c75      0x26e ./Drivers/STM32F1xx_HAL_Driver/Src/stm32f1xx_hal_spi.o
 .debug_abbrev  0x0000000000002ee3      0x264 ./Drivers/STM32F1xx_HAL_Driver/Src/stm32f1xx_hal_tim.o
 .debug_abbrev  0x0000000000003147      0x26c ./Drivers/STM32F1xx_HAL_Driver/Src/stm32f1xx_hal_tim_ex.o

.debug_aranges  0x0000000000000000     0x1138
 .debug_aranges
                0x0000000000000000       0x40 ./Core/Src/can.o
 .debug_aranges
                0x0000000000000040       0x30 ./Core/Src/crc.o
 .debug_aranges
                0x0000000000000070       0x20 ./Core/Src/gpio.o
 .debug_aranges
                0x0000000000000090       0x50 ./Core/Src/main.o
 .debug_aranges
                0x00000000000000e0       0x30 ./Core/Src/rtc.o
 .debug_aranges
                0x0000000000000110       0x30 ./Core/Src/spi.o
 .debug_aranges
                0x0000000000000140       0x20 ./Core/Src/stm32f1xx_hal_msp.o
 .debug_aranges
                0x0000000000000160       0x88 ./Core/Src/stm32f1xx_it.o
 .debug_aranges
                0x00000000000001e8       0x20 ./Core/Src/sysmem.o
 .debug_aranges
                0x0000000000000208       0x28 ./Core/Src/system_stm32f1xx.o
 .debug_aranges
                0x0000000000000230       0x30 ./Core/Src/tim.o
 .debug_aranges
                0x0000000000000260       0x28 ./Core/Startup/startup_stm32f103cbtx.o
 .debug_aranges
                0x0000000000000288       0xf8 ./Drivers/Peripheral/Src/ads131m0x.o
 .debug_aranges
                0x0000000000000380       0xe0 ./Drivers/STM32F1xx_HAL_Driver/Src/stm32f1xx_hal.o
 .debug_aranges
                0x0000000000000460      0x148 ./Drivers/STM32F1xx_HAL_Driver/Src/stm32f1xx_hal_can.o
 .debug_aranges
                0x00000000000005a8      0x100 ./Drivers/STM32F1xx_HAL_Driver/Src/stm32f1xx_hal_cortex.o
 .debug_aranges
                0x00000000000006a8       0x50 ./Drivers/STM32F1xx_HAL_Driver/Src/stm32f1xx_hal_crc.o
 .debug_aranges
                0x00000000000006f8       0x80 ./Drivers/STM32F1xx_HAL_Driver/Src/stm32f1xx_hal_dma.o
 .debug_aranges
                0x0000000000000778       0x58 ./Drivers/STM32F1xx_HAL_Driver/Src/stm32f1xx_hal_gpio.o
 .debug_aranges
                0x00000000000007d0       0xa8 ./Drivers/STM32F1xx_HAL_Driver/Src/stm32f1xx_hal_pwr.o
 .debug_aranges
                0x0000000000000878       0x90 ./Drivers/STM32F1xx_HAL_Driver/Src/stm32f1xx_hal_rcc.o
 .debug_aranges
                0x0000000000000908       0x30 ./Drivers/STM32F1xx_HAL_Driver/Src/stm32f1xx_hal_rcc_ex.o
 .debug_aranges
                0x0000000000000938       0xf8 ./Drivers/STM32F1xx_HAL_Driver/Src/stm32f1xx_hal_rtc.o
 .debug_aranges
                0x0000000000000a30      0x1d0 ./Drivers/STM32F1xx_HAL_Driver/Src/stm32f1xx_hal_spi.o
 .debug_aranges
                0x0000000000000c00      0x3d0 ./Drivers/STM32F1xx_HAL_Driver/Src/stm32f1xx_hal_tim.o
 .debug_aranges
                0x0000000000000fd0      0x168 ./Drivers/STM32F1xx_HAL_Driver/Src/stm32f1xx_hal_tim_ex.o

.debug_ranges   0x0000000000000000      0xfa0
 .debug_ranges  0x0000000000000000       0x30 ./Core/Src/can.o
 .debug_ranges  0x0000000000000030       0x20 ./Core/Src/crc.o
 .debug_ranges  0x0000000000000050       0x10 ./Core/Src/gpio.o
 .debug_ranges  0x0000000000000060       0x40 ./Core/Src/main.o
 .debug_ranges  0x00000000000000a0       0x20 ./Core/Src/rtc.o
 .debug_ranges  0x00000000000000c0       0x20 ./Core/Src/spi.o
 .debug_ranges  0x00000000000000e0       0x10 ./Core/Src/stm32f1xx_hal_msp.o
 .debug_ranges  0x00000000000000f0       0x78 ./Core/Src/stm32f1xx_it.o
 .debug_ranges  0x0000000000000168       0x10 ./Core/Src/sysmem.o
 .debug_ranges  0x0000000000000178       0x18 ./Core/Src/system_stm32f1xx.o
 .debug_ranges  0x0000000000000190       0x20 ./Core/Src/tim.o
 .debug_ranges  0x00000000000001b0       0x20 ./Core/Startup/startup_stm32f103cbtx.o
 .debug_ranges  0x00000000000001d0       0xe8 ./Drivers/Peripheral/Src/ads131m0x.o
 .debug_ranges  0x00000000000002b8       0xd0 ./Drivers/STM32F1xx_HAL_Driver/Src/stm32f1xx_hal.o
 .debug_ranges  0x0000000000000388      0x138 ./Drivers/STM32F1xx_HAL_Driver/Src/stm32f1xx_hal_can.o
 .debug_ranges  0x00000000000004c0       0xf0 ./Drivers/STM32F1xx_HAL_Driver/Src/stm32f1xx_hal_cortex.o
 .debug_ranges  0x00000000000005b0       0x40 ./Drivers/STM32F1xx_HAL_Driver/Src/stm32f1xx_hal_crc.o
 .debug_ranges  0x00000000000005f0       0x70 ./Drivers/STM32F1xx_HAL_Driver/Src/stm32f1xx_hal_dma.o
 .debug_ranges  0x0000000000000660       0x48 ./Drivers/STM32F1xx_HAL_Driver/Src/stm32f1xx_hal_gpio.o
 .debug_ranges  0x00000000000006a8       0x98 ./Drivers/STM32F1xx_HAL_Driver/Src/stm32f1xx_hal_pwr.o
 .debug_ranges  0x0000000000000740       0x80 ./Drivers/STM32F1xx_HAL_Driver/Src/stm32f1xx_hal_rcc.o
 .debug_ranges  0x00000000000007c0       0x20 ./Drivers/STM32F1xx_HAL_Driver/Src/stm32f1xx_hal_rcc_ex.o
 .debug_ranges  0x00000000000007e0       0xe8 ./Drivers/STM32F1xx_HAL_Driver/Src/stm32f1xx_hal_rtc.o
 .debug_ranges  0x00000000000008c8      0x1c0 ./Drivers/STM32F1xx_HAL_Driver/Src/stm32f1xx_hal_spi.o
 .debug_ranges  0x0000000000000a88      0x3c0 ./Drivers/STM32F1xx_HAL_Driver/Src/stm32f1xx_hal_tim.o
 .debug_ranges  0x0000000000000e48      0x158 ./Drivers/STM32F1xx_HAL_Driver/Src/stm32f1xx_hal_tim_ex.o

.debug_macro    0x0000000000000000    0x1aa04
 .debug_macro   0x0000000000000000      0x23e ./Core/Src/can.o
 .debug_macro   0x000000000000023e      0xa6c ./Core/Src/can.o
 .debug_macro   0x0000000000000caa      0x22d ./Core/Src/can.o
 .debug_macro   0x0000000000000ed7       0x2e ./Core/Src/can.o
 .debug_macro   0x0000000000000f05       0x22 ./Core/Src/can.o
 .debug_macro   0x0000000000000f27       0x22 ./Core/Src/can.o
 .debug_macro   0x0000000000000f49       0x8e ./Core/Src/can.o
 .debug_macro   0x0000000000000fd7       0x51 ./Core/Src/can.o
 .debug_macro   0x0000000000001028      0x103 ./Core/Src/can.o
 .debug_macro   0x000000000000112b       0x6a ./Core/Src/can.o
 .debug_macro   0x0000000000001195      0x1df ./Core/Src/can.o
 .debug_macro   0x0000000000001374       0x1c ./Core/Src/can.o
 .debug_macro   0x0000000000001390       0x22 ./Core/Src/can.o
 .debug_macro   0x00000000000013b2       0xbd ./Core/Src/can.o
 .debug_macro   0x000000000000146f      0xd23 ./Core/Src/can.o
 .debug_macro   0x0000000000002192     0xe09e ./Core/Src/can.o
 .debug_macro   0x0000000000010230       0x6d ./Core/Src/can.o
 .debug_macro   0x000000000001029d     0x348d ./Core/Src/can.o
 .debug_macro   0x000000000001372a      0x174 ./Core/Src/can.o
 .debug_macro   0x000000000001389e       0x5c ./Core/Src/can.o
 .debug_macro   0x00000000000138fa      0x5bc ./Core/Src/can.o
 .debug_macro   0x0000000000013eb6      0x289 ./Core/Src/can.o
 .debug_macro   0x000000000001413f      0x1cb ./Core/Src/can.o
 .debug_macro   0x000000000001430a      0x114 ./Core/Src/can.o
 .debug_macro   0x000000000001441e      0x1b2 ./Core/Src/can.o
 .debug_macro   0x00000000000145d0       0x27 ./Core/Src/can.o
 .debug_macro   0x00000000000145f7      0x136 ./Core/Src/can.o
 .debug_macro   0x000000000001472d      0x1bc ./Core/Src/can.o
 .debug_macro   0x00000000000148e9       0x34 ./Core/Src/can.o
 .debug_macro   0x000000000001491d       0x3c ./Core/Src/can.o
 .debug_macro   0x0000000000014959      0x40f ./Core/Src/can.o
 .debug_macro   0x0000000000014d68       0x57 ./Core/Src/can.o
 .debug_macro   0x0000000000014dbf       0x22 ./Core/Src/can.o
 .debug_macro   0x0000000000014de1       0x87 ./Core/Src/can.o
 .debug_macro   0x0000000000014e68      0x240 ./Core/Src/can.o
 .debug_macro   0x00000000000150a8      0x140 ./Core/Src/can.o
 .debug_macro   0x00000000000151e8      0x1ef ./Core/Src/can.o
 .debug_macro   0x00000000000153d7       0xeb ./Core/Src/can.o
 .debug_macro   0x00000000000154c2      0x217 ./Core/Src/can.o
 .debug_macro   0x00000000000156d9      0x8ed ./Core/Src/can.o
 .debug_macro   0x0000000000015fc6       0x83 ./Core/Src/can.o
 .debug_macro   0x0000000000016049       0xf9 ./Core/Src/can.o
 .debug_macro   0x0000000000016142       0x1c ./Core/Src/can.o
 .debug_macro   0x000000000001615e       0x52 ./Core/Src/can.o
 .debug_macro   0x00000000000161b0       0x18 ./Core/Src/can.o
 .debug_macro   0x00000000000161c8       0x3c ./Core/Src/can.o
 .debug_macro   0x0000000000016204       0x34 ./Core/Src/can.o
 .debug_macro   0x0000000000016238       0x1c ./Core/Src/can.o
 .debug_macro   0x0000000000016254       0x22 ./Core/Src/can.o
 .debug_macro   0x0000000000016276      0xc0b ./Core/Src/can.o
 .debug_macro   0x0000000000016e81      0x1e4 ./Core/Src/crc.o
 .debug_macro   0x0000000000017065      0x1e4 ./Core/Src/gpio.o
 .debug_macro   0x0000000000017249      0x399 ./Core/Src/main.o
 .debug_macro   0x00000000000175e2       0x1c ./Core/Src/main.o
 .debug_macro   0x00000000000175fe       0x35 ./Core/Src/main.o
 .debug_macro   0x0000000000017633      0x341 ./Core/Src/main.o
 .debug_macro   0x0000000000017974       0x10 ./Core/Src/main.o
 .debug_macro   0x0000000000017984       0x16 ./Core/Src/main.o
 .debug_macro   0x000000000001799a       0x43 ./Core/Src/main.o
 .debug_macro   0x00000000000179dd       0x34 ./Core/Src/main.o
 .debug_macro   0x0000000000017a11       0x10 ./Core/Src/main.o
 .debug_macro   0x0000000000017a21       0x58 ./Core/Src/main.o
 .debug_macro   0x0000000000017a79       0x71 ./Core/Src/main.o
 .debug_macro   0x0000000000017aea       0x16 ./Core/Src/main.o
 .debug_macro   0x0000000000017b00      0x12a ./Core/Src/main.o
 .debug_macro   0x0000000000017c2a       0x10 ./Core/Src/main.o
 .debug_macro   0x0000000000017c3a       0x1c ./Core/Src/main.o
 .debug_macro   0x0000000000017c56       0x52 ./Core/Src/main.o
 .debug_macro   0x0000000000017ca8       0x22 ./Core/Src/main.o
 .debug_macro   0x0000000000017cca       0x10 ./Core/Src/main.o
 .debug_macro   0x0000000000017cda       0x52 ./Core/Src/main.o
 .debug_macro   0x0000000000017d2c       0xd5 ./Core/Src/main.o
 .debug_macro   0x0000000000017e01       0x1c ./Core/Src/main.o
 .debug_macro   0x0000000000017e1d       0x3d ./Core/Src/main.o
 .debug_macro   0x0000000000017e5a       0x16 ./Core/Src/main.o
 .debug_macro   0x0000000000017e70      0x145 ./Core/Src/main.o
 .debug_macro   0x0000000000017fb5      0x1e4 ./Core/Src/rtc.o
 .debug_macro   0x0000000000018199      0x1e4 ./Core/Src/spi.o
 .debug_macro   0x000000000001837d      0x1da ./Core/Src/stm32f1xx_hal_msp.o
 .debug_macro   0x0000000000018557      0x1e4 ./Core/Src/stm32f1xx_it.o
 .debug_macro   0x000000000001873b       0xff ./Core/Src/sysmem.o
 .debug_macro   0x000000000001883a      0x23b ./Core/Src/sysmem.o
 .debug_macro   0x0000000000018a75      0x1cb ./Core/Src/system_stm32f1xx.o
 .debug_macro   0x0000000000018c40      0x1e4 ./Core/Src/tim.o
 .debug_macro   0x0000000000018e24      0x31e ./Drivers/Peripheral/Src/ads131m0x.o
 .debug_macro   0x0000000000019142       0x10 ./Drivers/Peripheral/Src/ads131m0x.o
 .debug_macro   0x0000000000019152       0x20 ./Drivers/Peripheral/Src/ads131m0x.o
 .debug_macro   0x0000000000019172       0x22 ./Drivers/Peripheral/Src/ads131m0x.o
 .debug_macro   0x0000000000019194      0x1ef ./Drivers/STM32F1xx_HAL_Driver/Src/stm32f1xx_hal.o
 .debug_macro   0x0000000000019383      0x1d3 ./Drivers/STM32F1xx_HAL_Driver/Src/stm32f1xx_hal_can.o
 .debug_macro   0x0000000000019556      0x1cb ./Drivers/STM32F1xx_HAL_Driver/Src/stm32f1xx_hal_cortex.o
 .debug_macro   0x0000000000019721      0x1cb ./Drivers/STM32F1xx_HAL_Driver/Src/stm32f1xx_hal_crc.o
 .debug_macro   0x00000000000198ec      0x1cb ./Drivers/STM32F1xx_HAL_Driver/Src/stm32f1xx_hal_dma.o
 .debug_macro   0x0000000000019ab7      0x236 ./Drivers/STM32F1xx_HAL_Driver/Src/stm32f1xx_hal_gpio.o
 .debug_macro   0x0000000000019ced      0x22b ./Drivers/STM32F1xx_HAL_Driver/Src/stm32f1xx_hal_pwr.o
 .debug_macro   0x0000000000019f18      0x1dd ./Drivers/STM32F1xx_HAL_Driver/Src/stm32f1xx_hal_rcc.o
 .debug_macro   0x000000000001a0f5      0x1cb ./Drivers/STM32F1xx_HAL_Driver/Src/stm32f1xx_hal_rcc_ex.o
 .debug_macro   0x000000000001a2c0      0x1da ./Drivers/STM32F1xx_HAL_Driver/Src/stm32f1xx_hal_rtc.o
 .debug_macro   0x000000000001a49a      0x1d3 ./Drivers/STM32F1xx_HAL_Driver/Src/stm32f1xx_hal_spi.o
 .debug_macro   0x000000000001a66d      0x1cc ./Drivers/STM32F1xx_HAL_Driver/Src/stm32f1xx_hal_tim.o
 .debug_macro   0x000000000001a839      0x1cb ./Drivers/STM32F1xx_HAL_Driver/Src/stm32f1xx_hal_tim_ex.o

.debug_line     0x0000000000000000    0x147d2
 .debug_line    0x0000000000000000      0xa68 ./Core/Src/can.o
 .debug_line    0x0000000000000a68      0x713 ./Core/Src/crc.o
 .debug_line    0x000000000000117b      0x70b ./Core/Src/gpio.o
 .debug_line    0x0000000000001886      0xaf6 ./Core/Src/main.o
 .debug_line    0x000000000000237c      0x743 ./Core/Src/rtc.o
 .debug_line    0x0000000000002abf      0x752 ./Core/Src/spi.o
 .debug_line    0x0000000000003211      0x6d8 ./Core/Src/stm32f1xx_hal_msp.o
 .debug_line    0x00000000000038e9      0x812 ./Core/Src/stm32f1xx_it.o
 .debug_line    0x00000000000040fb      0x4f4 ./Core/Src/sysmem.o
 .debug_line    0x00000000000045ef      0x756 ./Core/Src/system_stm32f1xx.o
 .debug_line    0x0000000000004d45      0x745 ./Core/Src/tim.o
 .debug_line    0x000000000000548a       0x87 ./Core/Startup/startup_stm32f103cbtx.o
 .debug_line    0x0000000000005511     0x1190 ./Drivers/Peripheral/Src/ads131m0x.o
 .debug_line    0x00000000000066a1      0x983 ./Drivers/STM32F1xx_HAL_Driver/Src/stm32f1xx_hal.o
 .debug_line    0x0000000000007024     0x12ef ./Drivers/STM32F1xx_HAL_Driver/Src/stm32f1xx_hal_can.o
 .debug_line    0x0000000000008313      0xb6b ./Drivers/STM32F1xx_HAL_Driver/Src/stm32f1xx_hal_cortex.o
 .debug_line    0x0000000000008e7e      0x81e ./Drivers/STM32F1xx_HAL_Driver/Src/stm32f1xx_hal_crc.o
 .debug_line    0x000000000000969c      0xddc ./Drivers/STM32F1xx_HAL_Driver/Src/stm32f1xx_hal_dma.o
 .debug_line    0x000000000000a478      0xa1c ./Drivers/STM32F1xx_HAL_Driver/Src/stm32f1xx_hal_gpio.o
 .debug_line    0x000000000000ae94      0x905 ./Drivers/STM32F1xx_HAL_Driver/Src/stm32f1xx_hal_pwr.o
 .debug_line    0x000000000000b799      0xd8f ./Drivers/STM32F1xx_HAL_Driver/Src/stm32f1xx_hal_rcc.o
 .debug_line    0x000000000000c528      0x8ca ./Drivers/STM32F1xx_HAL_Driver/Src/stm32f1xx_hal_rcc_ex.o
 .debug_line    0x000000000000cdf2     0x10f5 ./Drivers/STM32F1xx_HAL_Driver/Src/stm32f1xx_hal_rtc.o
 .debug_line    0x000000000000dee7     0x1c04 ./Drivers/STM32F1xx_HAL_Driver/Src/stm32f1xx_hal_spi.o
 .debug_line    0x000000000000faeb     0x340e ./Drivers/STM32F1xx_HAL_Driver/Src/stm32f1xx_hal_tim.o
 .debug_line    0x0000000000012ef9     0x18d9 ./Drivers/STM32F1xx_HAL_Driver/Src/stm32f1xx_hal_tim_ex.o

.debug_str      0x0000000000000000    0x94cc9
 .debug_str     0x0000000000000000    0x8ca1b ./Core/Src/can.o
                                      0x8cfdd (size before relaxing)
 .debug_str     0x000000000008ca1b       0xff ./Core/Src/crc.o
                                      0x86f6e (size before relaxing)
 .debug_str     0x000000000008cb1a       0x2c ./Core/Src/gpio.o
                                      0x86e85 (size before relaxing)
 .debug_str     0x000000000008cb46     0x3fdb ./Core/Src/main.o
                                      0x90654 (size before relaxing)
 .debug_str     0x0000000000090b21      0x1bd ./Core/Src/rtc.o
                                      0x8703f (size before relaxing)
 .debug_str     0x0000000000090cde       0x4b ./Core/Src/spi.o
                                      0x875b1 (size before relaxing)
 .debug_str     0x0000000000090d29       0x2c ./Core/Src/stm32f1xx_hal_msp.o
                                      0x86e0d (size before relaxing)
 .debug_str     0x0000000000090d55      0x160 ./Core/Src/stm32f1xx_it.o
                                      0x87961 (size before relaxing)
 .debug_str     0x0000000000090eb5      0x4da ./Core/Src/sysmem.o
                                       0x5d71 (size before relaxing)
 .debug_str     0x000000000009138f       0x7e ./Core/Src/system_stm32f1xx.o
                                      0x86ad4 (size before relaxing)
 .debug_str     0x000000000009140d      0x13c ./Core/Src/tim.o
                                      0x8772e (size before relaxing)
 .debug_str     0x0000000000091549       0x36 ./Core/Startup/startup_stm32f103cbtx.o
                                         0x73 (size before relaxing)
 .debug_str     0x000000000009157f      0x4f4 ./Drivers/Peripheral/Src/ads131m0x.o
                                      0x8f6c0 (size before relaxing)
 .debug_str     0x0000000000091a73      0x369 ./Drivers/STM32F1xx_HAL_Driver/Src/stm32f1xx_hal.o
                                      0x87207 (size before relaxing)
 .debug_str     0x0000000000091ddc      0x5c0 ./Drivers/STM32F1xx_HAL_Driver/Src/stm32f1xx_hal_can.o
                                      0x87640 (size before relaxing)
 .debug_str     0x000000000009239c      0x262 ./Drivers/STM32F1xx_HAL_Driver/Src/stm32f1xx_hal_cortex.o
                                      0x87153 (size before relaxing)
 .debug_str     0x00000000000925fe       0x97 ./Drivers/STM32F1xx_HAL_Driver/Src/stm32f1xx_hal_crc.o
                                      0x86c16 (size before relaxing)
 .debug_str     0x0000000000092695      0x225 ./Drivers/STM32F1xx_HAL_Driver/Src/stm32f1xx_hal_dma.o
                                      0x86e7d (size before relaxing)
 .debug_str     0x00000000000928ba      0x284 ./Drivers/STM32F1xx_HAL_Driver/Src/stm32f1xx_hal_gpio.o
                                      0x86e5a (size before relaxing)
 .debug_str     0x0000000000092b3e      0x4e7 ./Drivers/STM32F1xx_HAL_Driver/Src/stm32f1xx_hal_pwr.o
                                      0x8700b (size before relaxing)
 .debug_str     0x0000000000093025      0x1f7 ./Drivers/STM32F1xx_HAL_Driver/Src/stm32f1xx_hal_rcc.o
                                      0x86f03 (size before relaxing)
 .debug_str     0x000000000009321c       0x9f ./Drivers/STM32F1xx_HAL_Driver/Src/stm32f1xx_hal_rcc_ex.o
                                      0x86c53 (size before relaxing)
 .debug_str     0x00000000000932bb      0x317 ./Drivers/STM32F1xx_HAL_Driver/Src/stm32f1xx_hal_rtc.o
                                      0x86fdf (size before relaxing)
 .debug_str     0x00000000000935d2      0x4c7 ./Drivers/STM32F1xx_HAL_Driver/Src/stm32f1xx_hal_spi.o
                                      0x87400 (size before relaxing)
 .debug_str     0x0000000000093a99      0xd9d ./Drivers/STM32F1xx_HAL_Driver/Src/stm32f1xx_hal_tim.o
                                      0x87ef5 (size before relaxing)
 .debug_str     0x0000000000094836      0x493 ./Drivers/STM32F1xx_HAL_Driver/Src/stm32f1xx_hal_tim_ex.o
                                      0x87711 (size before relaxing)

.comment        0x0000000000000000       0x50
 .comment       0x0000000000000000       0x50 ./Core/Src/can.o
                                         0x51 (size before relaxing)
 .comment       0x0000000000000050       0x51 ./Core/Src/crc.o
 .comment       0x0000000000000050       0x51 ./Core/Src/gpio.o
 .comment       0x0000000000000050       0x51 ./Core/Src/main.o
 .comment       0x0000000000000050       0x51 ./Core/Src/rtc.o
 .comment       0x0000000000000050       0x51 ./Core/Src/spi.o
 .comment       0x0000000000000050       0x51 ./Core/Src/stm32f1xx_hal_msp.o
 .comment       0x0000000000000050       0x51 ./Core/Src/stm32f1xx_it.o
 .comment       0x0000000000000050       0x51 ./Core/Src/sysmem.o
 .comment       0x0000000000000050       0x51 ./Core/Src/system_stm32f1xx.o
 .comment       0x0000000000000050       0x51 ./Core/Src/tim.o
 .comment       0x0000000000000050       0x51 ./Drivers/Peripheral/Src/ads131m0x.o
 .comment       0x0000000000000050       0x51 ./Drivers/STM32F1xx_HAL_Driver/Src/stm32f1xx_hal.o
 .comment       0x0000000000000050       0x51 ./Drivers/STM32F1xx_HAL_Driver/Src/stm32f1xx_hal_can.o
 .comment       0x0000000000000050       0x51 ./Drivers/STM32F1xx_HAL_Driver/Src/stm32f1xx_hal_cortex.o
 .comment       0x0000000000000050       0x51 ./Drivers/STM32F1xx_HAL_Driver/Src/stm32f1xx_hal_crc.o
 .comment       0x0000000000000050       0x51 ./Drivers/STM32F1xx_HAL_Driver/Src/stm32f1xx_hal_dma.o
 .comment       0x0000000000000050       0x51 ./Drivers/STM32F1xx_HAL_Driver/Src/stm32f1xx_hal_gpio.o
 .comment       0x0000000000000050       0x51 ./Drivers/STM32F1xx_HAL_Driver/Src/stm32f1xx_hal_pwr.o
 .comment       0x0000000000000050       0x51 ./Drivers/STM32F1xx_HAL_Driver/Src/stm32f1xx_hal_rcc.o
 .comment       0x0000000000000050       0x51 ./Drivers/STM32F1xx_HAL_Driver/Src/stm32f1xx_hal_rcc_ex.o
 .comment       0x0000000000000050       0x51 ./Drivers/STM32F1xx_HAL_Driver/Src/stm32f1xx_hal_rtc.o
 .comment       0x0000000000000050       0x51 ./Drivers/STM32F1xx_HAL_Driver/Src/stm32f1xx_hal_spi.o
 .comment       0x0000000000000050       0x51 ./Drivers/STM32F1xx_HAL_Driver/Src/stm32f1xx_hal_tim.o
 .comment       0x0000000000000050       0x51 ./Drivers/STM32F1xx_HAL_Driver/Src/stm32f1xx_hal_tim_ex.o

.debug_frame    0x0000000000000000     0x4828
 .debug_frame   0x0000000000000000       0xc0 ./Core/Src/can.o
 .debug_frame   0x00000000000000c0       0x7c ./Core/Src/crc.o
 .debug_frame   0x000000000000013c       0x34 ./Core/Src/gpio.o
 .debug_frame   0x0000000000000170       0xfc ./Core/Src/main.o
 .debug_frame   0x000000000000026c       0x80 ./Core/Src/rtc.o
 .debug_frame   0x00000000000002ec       0x74 ./Core/Src/spi.o
 .debug_frame   0x0000000000000360       0x38 ./Core/Src/stm32f1xx_hal_msp.o
 .debug_frame   0x0000000000000398      0x190 ./Core/Src/stm32f1xx_it.o
 .debug_frame   0x0000000000000528       0x34 ./Core/Src/sysmem.o
 .debug_frame   0x000000000000055c       0x58 ./Core/Src/system_stm32f1xx.o
 .debug_frame   0x00000000000005b4       0x7c ./Core/Src/tim.o
 .debug_frame   0x0000000000000630      0x420 ./Drivers/Peripheral/Src/ads131m0x.o
 .debug_frame   0x0000000000000a50      0x334 ./Drivers/STM32F1xx_HAL_Driver/Src/stm32f1xx_hal.o
 .debug_frame   0x0000000000000d84      0x5f4 ./Drivers/STM32F1xx_HAL_Driver/Src/stm32f1xx_hal_can.o
 .debug_frame   0x0000000000001378      0x428 ./Drivers/STM32F1xx_HAL_Driver/Src/stm32f1xx_hal_cortex.o
 .debug_frame   0x00000000000017a0      0x120 ./Drivers/STM32F1xx_HAL_Driver/Src/stm32f1xx_hal_crc.o
 .debug_frame   0x00000000000018c0      0x208 ./Drivers/STM32F1xx_HAL_Driver/Src/stm32f1xx_hal_dma.o
 .debug_frame   0x0000000000001ac8      0x14c ./Drivers/STM32F1xx_HAL_Driver/Src/stm32f1xx_hal_gpio.o
 .debug_frame   0x0000000000001c14      0x270 ./Drivers/STM32F1xx_HAL_Driver/Src/stm32f1xx_hal_pwr.o
 .debug_frame   0x0000000000001e84      0x218 ./Drivers/STM32F1xx_HAL_Driver/Src/stm32f1xx_hal_rcc.o
 .debug_frame   0x000000000000209c       0x80 ./Drivers/STM32F1xx_HAL_Driver/Src/stm32f1xx_hal_rcc_ex.o
 .debug_frame   0x000000000000211c      0x434 ./Drivers/STM32F1xx_HAL_Driver/Src/stm32f1xx_hal_rtc.o
 .debug_frame   0x0000000000002550      0x824 ./Drivers/STM32F1xx_HAL_Driver/Src/stm32f1xx_hal_spi.o
 .debug_frame   0x0000000000002d74     0x11bc ./Drivers/STM32F1xx_HAL_Driver/Src/stm32f1xx_hal_tim.o
 .debug_frame   0x0000000000003f30      0x638 ./Drivers/STM32F1xx_HAL_Driver/Src/stm32f1xx_hal_tim_ex.o
 .debug_frame   0x0000000000004568       0x20 c:/st/stm32cubeide_1.12.0/stm32cubeide/plugins/com.st.stm32cube.ide.mcu.externaltools.gnu-tools-for-stm32.10.3-2021.10.win32_1.0.200.202301161003/tools/bin/../lib/gcc/arm-none-eabi/10.3.1/../../../../arm-none-eabi/lib/thumb/v7-m/nofp\libc_nano.a(lib_a-errno.o)
 .debug_frame   0x0000000000004588       0x2c c:/st/stm32cubeide_1.12.0/stm32cubeide/plugins/com.st.stm32cube.ide.mcu.externaltools.gnu-tools-for-stm32.10.3-2021.10.win32_1.0.200.202301161003/tools/bin/../lib/gcc/arm-none-eabi/10.3.1/../../../../arm-none-eabi/lib/thumb/v7-m/nofp\libc_nano.a(lib_a-init.o)
 .debug_frame   0x00000000000045b4       0x30 c:/st/stm32cubeide_1.12.0/stm32cubeide/plugins/com.st.stm32cube.ide.mcu.externaltools.gnu-tools-for-stm32.10.3-2021.10.win32_1.0.200.202301161003/tools/bin/../lib/gcc/arm-none-eabi/10.3.1/../../../../arm-none-eabi/lib/thumb/v7-m/nofp\libc_nano.a(lib_a-malloc.o)
 .debug_frame   0x00000000000045e4       0x20 c:/st/stm32cubeide_1.12.0/stm32cubeide/plugins/com.st.stm32cube.ide.mcu.externaltools.gnu-tools-for-stm32.10.3-2021.10.win32_1.0.200.202301161003/tools/bin/../lib/gcc/arm-none-eabi/10.3.1/../../../../arm-none-eabi/lib/thumb/v7-m/nofp\libc_nano.a(lib_a-memset.o)
 .debug_frame   0x0000000000004604       0x4c c:/st/stm32cubeide_1.12.0/stm32cubeide/plugins/com.st.stm32cube.ide.mcu.externaltools.gnu-tools-for-stm32.10.3-2021.10.win32_1.0.200.202301161003/tools/bin/../lib/gcc/arm-none-eabi/10.3.1/../../../../arm-none-eabi/lib/thumb/v7-m/nofp\libc_nano.a(lib_a-nano-mallocr.o)