Archive member included to satisfy reference by file (symbol)

c:/st/stm32cubeide_1.12.0/stm32cubeide/plugins/com.st.stm32cube.ide.mcu.externaltools.gnu-tools-for-stm32.10.3-2021.10.win32_1.0.200.202301161003/tools/bin/../lib/gcc/arm-none-eabi/10.3.1/../../../../arm-none-eabi/lib/thumb/v7-m/nofp\libc_nano.a(lib_a-errno.o)
                              ./Core/Src/syscalls.o (__errno)
c:/st/stm32cubeide_1.12.0/stm32cubeide/plugins/com.st.stm32cube.ide.mcu.externaltools.gnu-tools-for-stm32.10.3-2021.10.win32_1.0.200.202301161003/tools/bin/../lib/gcc/arm-none-eabi/10.3.1/../../../../arm-none-eabi/lib/thumb/v7-m/nofp\libc_nano.a(lib_a-exit.o)
                              c:/st/stm32cubeide_1.12.0/stm32cubeide/plugins/com.st.stm32cube.ide.mcu.externaltools.gnu-tools-for-stm32.10.3-2021.10.win32_1.0.200.202301161003/tools/bin/../lib/gcc/arm-none-eabi/10.3.1/../../../../arm-none-eabi/lib/thumb/v7-m/nofp/crt0.o (exit)
c:/st/stm32cubeide_1.12.0/stm32cubeide/plugins/com.st.stm32cube.ide.mcu.externaltools.gnu-tools-for-stm32.10.3-2021.10.win32_1.0.200.202301161003/tools/bin/../lib/gcc/arm-none-eabi/10.3.1/../../../../arm-none-eabi/lib/thumb/v7-m/nofp\libc_nano.a(lib_a-impure.o)
                              c:/st/stm32cubeide_1.12.0/stm32cubeide/plugins/com.st.stm32cube.ide.mcu.externaltools.gnu-tools-for-stm32.10.3-2021.10.win32_1.0.200.202301161003/tools/bin/../lib/gcc/arm-none-eabi/10.3.1/../../../../arm-none-eabi/lib/thumb/v7-m/nofp\libc_nano.a(lib_a-exit.o) (_global_impure_ptr)
c:/st/stm32cubeide_1.12.0/stm32cubeide/plugins/com.st.stm32cube.ide.mcu.externaltools.gnu-tools-for-stm32.10.3-2021.10.win32_1.0.200.202301161003/tools/bin/../lib/gcc/arm-none-eabi/10.3.1/../../../../arm-none-eabi/lib/thumb/v7-m/nofp\libc_nano.a(lib_a-init.o)
                              c:/st/stm32cubeide_1.12.0/stm32cubeide/plugins/com.st.stm32cube.ide.mcu.externaltools.gnu-tools-for-stm32.10.3-2021.10.win32_1.0.200.202301161003/tools/bin/../lib/gcc/arm-none-eabi/10.3.1/../../../../arm-none-eabi/lib/thumb/v7-m/nofp/crt0.o (__libc_init_array)
c:/st/stm32cubeide_1.12.0/stm32cubeide/plugins/com.st.stm32cube.ide.mcu.externaltools.gnu-tools-for-stm32.10.3-2021.10.win32_1.0.200.202301161003/tools/bin/../lib/gcc/arm-none-eabi/10.3.1/../../../../arm-none-eabi/lib/thumb/v7-m/nofp\libc_nano.a(lib_a-malloc.o)
                              ./Drivers/Peripheral/Src/ads131m0x.o (malloc)
c:/st/stm32cubeide_1.12.0/stm32cubeide/plugins/com.st.stm32cube.ide.mcu.externaltools.gnu-tools-for-stm32.10.3-2021.10.win32_1.0.200.202301161003/tools/bin/../lib/gcc/arm-none-eabi/10.3.1/../../../../arm-none-eabi/lib/thumb/v7-m/nofp\libc_nano.a(lib_a-memset.o)
                              c:/st/stm32cubeide_1.12.0/stm32cubeide/plugins/com.st.stm32cube.ide.mcu.externaltools.gnu-tools-for-stm32.10.3-2021.10.win32_1.0.200.202301161003/tools/bin/../lib/gcc/arm-none-eabi/10.3.1/../../../../arm-none-eabi/lib/thumb/v7-m/nofp/crt0.o (memset)
c:/st/stm32cubeide_1.12.0/stm32cubeide/plugins/com.st.stm32cube.ide.mcu.externaltools.gnu-tools-for-stm32.10.3-2021.10.win32_1.0.200.202301161003/tools/bin/../lib/gcc/arm-none-eabi/10.3.1/../../../../arm-none-eabi/lib/thumb/v7-m/nofp\libc_nano.a(lib_a-nano-freer.o)
                              c:/st/stm32cubeide_1.12.0/stm32cubeide/plugins/com.st.stm32cube.ide.mcu.externaltools.gnu-tools-for-stm32.10.3-2021.10.win32_1.0.200.202301161003/tools/bin/../lib/gcc/arm-none-eabi/10.3.1/../../../../arm-none-eabi/lib/thumb/v7-m/nofp\libc_nano.a(lib_a-malloc.o) (_free_r)
c:/st/stm32cubeide_1.12.0/stm32cubeide/plugins/com.st.stm32cube.ide.mcu.externaltools.gnu-tools-for-stm32.10.3-2021.10.win32_1.0.200.202301161003/tools/bin/../lib/gcc/arm-none-eabi/10.3.1/../../../../arm-none-eabi/lib/thumb/v7-m/nofp\libc_nano.a(lib_a-nano-mallocr.o)
                              c:/st/stm32cubeide_1.12.0/stm32cubeide/plugins/com.st.stm32cube.ide.mcu.externaltools.gnu-tools-for-stm32.10.3-2021.10.win32_1.0.200.202301161003/tools/bin/../lib/gcc/arm-none-eabi/10.3.1/../../../../arm-none-eabi/lib/thumb/v7-m/nofp\libc_nano.a(lib_a-malloc.o) (_malloc_r)
c:/st/stm32cubeide_1.12.0/stm32cubeide/plugins/com.st.stm32cube.ide.mcu.externaltools.gnu-tools-for-stm32.10.3-2021.10.win32_1.0.200.202301161003/tools/bin/../lib/gcc/arm-none-eabi/10.3.1/../../../../arm-none-eabi/lib/thumb/v7-m/nofp\libc_nano.a(lib_a-sbrkr.o)
                              c:/st/stm32cubeide_1.12.0/stm32cubeide/plugins/com.st.stm32cube.ide.mcu.externaltools.gnu-tools-for-stm32.10.3-2021.10.win32_1.0.200.202301161003/tools/bin/../lib/gcc/arm-none-eabi/10.3.1/../../../../arm-none-eabi/lib/thumb/v7-m/nofp\libc_nano.a(lib_a-nano-mallocr.o) (_sbrk_r)
c:/st/stm32cubeide_1.12.0/stm32cubeide/plugins/com.st.stm32cube.ide.mcu.externaltools.gnu-tools-for-stm32.10.3-2021.10.win32_1.0.200.202301161003/tools/bin/../lib/gcc/arm-none-eabi/10.3.1/../../../../arm-none-eabi/lib/thumb/v7-m/nofp\libc_nano.a(lib_a-mlock.o)
[...]
Memory Configuration

Name             Origin             Length             Attributes
RAM              0x0000000020000000 0x0000000000005000 xrw
FLASH            0x0000000008000000 0x0000000000020000 xr
*default*        0x0000000000000000 0xffffffffffffffff

Linker script and memory map

LOAD c:/st/stm32cubeide_1.12.0/stm32cubeide/plugins/com.st.stm32cube.ide.mcu.externaltools.gnu-tools-for-stm32.10.3-2021.10.win32_1.0.200.202301161003/tools/bin/../lib/gcc/arm-none-eabi/10.3.1/thumb/v7-m/nofp/crti.o
LOAD c:/st/stm32cubeide_1.12.0/stm32cubeide/plugins/com.st.stm32cube.ide.mcu.externaltools.gnu-tools-for-stm32.10.3-2021.10.win32_1.0.200.202301161003/tools/bin/../lib/gcc/arm-none-eabi/10.3.1/thumb/v7-m/nofp/crtbegin.o
LOAD c:/st/stm32cubeide_1.12.0/stm32cubeide/plugins/com.st.stm32cube.ide.mcu.externaltools.gnu-tools-for-stm32.10.3-2021.10.win32_1.0.200.202301161003/tools/bin/../lib/gcc/arm-none-eabi/10.3.1/../../../../arm-none-eabi/lib/thumb/v7-m/nofp/crt0.o
LOAD ./Core/Src/can.o
LOAD ./Core/Src/crc.o
LOAD ./Core/Src/gpio.o
LOAD ./Core/Src/main.o
LOAD ./Core/Src/rtc.o
LOAD ./Core/Src/spi.o
LOAD ./Core/Src/stm32f1xx_hal_msp.o
LOAD ./Core/Src/stm32f1xx_it.o
LOAD ./Core/Src/syscalls.o
LOAD ./Core/Src/sysmem.o
LOAD ./Core/Src/system_stm32f1xx.o
LOAD ./Core/Src/tim.o
LOAD ./Core/Startup/startup_stm32f103cbtx.o
LOAD ./Drivers/Peripheral/Src/ads131m0x.o
LOAD ./Drivers/STM32F1xx_HAL_Driver/Src/stm32f1xx_hal.o
LOAD ./Drivers/STM32F1xx_HAL_Driver/Src/stm32f1xx_hal_can.o
LOAD ./Drivers/STM32F1xx_HAL_Driver/Src/stm32f1xx_hal_cortex.o
LOAD ./Drivers/STM32F1xx_HAL_Driver/Src/stm32f1xx_hal_crc.o
LOAD ./Drivers/STM32F1xx_HAL_Driver/Src/stm32f1xx_hal_dma.o
LOAD ./Drivers/STM32F1xx_HAL_Driver/Src/stm32f1xx_hal_exti.o
LOAD ./Drivers/STM32F1xx_HAL_Driver/Src/stm32f1xx_hal_flash.o
LOAD ./Drivers/STM32F1xx_HAL_Driver/Src/stm32f1xx_hal_flash_ex.o
LOAD ./Drivers/STM32F1xx_HAL_Driver/Src/stm32f1xx_hal_gpio.o
LOAD ./Drivers/STM32F1xx_HAL_Driver/Src/stm32f1xx_hal_gpio_ex.o
LOAD ./Drivers/STM32F1xx_HAL_Driver/Src/stm32f1xx_hal_pwr.o
LOAD ./Drivers/STM32F1xx_HAL_Driver/Src/stm32f1xx_hal_rcc.o
LOAD ./Drivers/STM32F1xx_HAL_Driver/Src/stm32f1xx_hal_rcc_ex.o
LOAD ./Drivers/STM32F1xx_HAL_Driver/Src/stm32f1xx_hal_rtc.o
LOAD ./Drivers/STM32F1xx_HAL_Driver/Src/stm32f1xx_hal_rtc_ex.o
LOAD ./Drivers/STM32F1xx_HAL_Driver/Src/stm32f1xx_hal_spi.o
LOAD ./Drivers/STM32F1xx_HAL_Driver/Src/stm32f1xx_hal_tim.o
LOAD ./Drivers/STM32F1xx_HAL_Driver/Src/stm32f1xx_hal_tim_ex.o
START GROUP
LOAD c:/st/stm32cubeide_1.12.0/stm32cubeide/plugins/com.st.stm32cube.ide.mcu.externaltools.gnu-tools-for-stm32.10.3-2021.10.win32_1.0.200.202301161003/tools/bin/../lib/gcc/arm-none-eabi/10.3.1/../../../../arm-none-eabi/lib/thumb/v7-m/nofp\libc_nano.a
LOAD c:/st/stm32cubeide_1.12.0/stm32cubeide/plugins/com.st.stm32cube.ide.mcu.externaltools.gnu-tools-for-stm32.10.3-2021.10.win32_1.0.200.202301161003/tools/bin/../lib/gcc/arm-none-eabi/10.3.1/../../../../arm-none-eabi/lib/thumb/v7-m/nofp\libm.a
END GROUP
START GROUP
LOAD c:/st/stm32cubeide_1.12.0/stm32cubeide/plugins/com.st.stm32cube.ide.mcu.externaltools.gnu-tools-for-stm32.10.3-2021.10.win32_1.0.200.202301161003/tools/bin/../lib/gcc/arm-none-eabi/10.3.1/thumb/v7-m/nofp\libgcc.a
LOAD c:/st/stm32cubeide_1.12.0/stm32cubeide/plugins/com.st.stm32cube.ide.mcu.externaltools.gnu-tools-for-stm32.10.3-2021.10.win32_1.0.200.202301161003/tools/bin/../lib/gcc/arm-none-eabi/10.3.1/../../../../arm-none-eabi/lib/thumb/v7-m/nofp\libc_nano.a
END GROUP
START GROUP
LOAD c:/st/stm32cubeide_1.12.0/stm32cubeide/plugins/com.st.stm32cube.ide.mcu.externaltools.gnu-tools-for-stm32.10.3-2021.10.win32_1.0.200.202301161003/tools/bin/../lib/gcc/arm-none-eabi/10.3.1/thumb/v7-m/nofp\libgcc.a
LOAD c:/st/stm32cubeide_1.12.0/stm32cubeide/plugins/com.st.stm32cube.ide.mcu.externaltools.gnu-tools-for-stm32.10.3-2021.10.win32_1.0.200.202301161003/tools/bin/../lib/gcc/arm-none-eabi/10.3.1/../../../../arm-none-eabi/lib/thumb/v7-m/nofp\libc_nano.a
LOAD c:/st/stm32cubeide_1.12.0/stm32cubeide/plugins/com.st.stm32cube.ide.mcu.externaltools.gnu-tools-for-stm32.10.3-2021.10.win32_1.0.200.202301161003/tools/bin/../lib/gcc/arm-none-eabi/10.3.1/../../../../arm-none-eabi/lib/thumb/v7-m/nofp\libnosys.a
END GROUP
START GROUP
LOAD c:/st/stm32cubeide_1.12.0/stm32cubeide/plugins/com.st.stm32cube.ide.mcu.externaltools.gnu-tools-for-stm32.10.3-2021.10.win32_1.0.200.202301161003/tools/bin/../lib/gcc/arm-none-eabi/10.3.1/thumb/v7-m/nofp\libgcc.a
LOAD c:/st/stm32cubeide_1.12.0/stm32cubeide/plugins/com.st.stm32cube.ide.mcu.externaltools.gnu-tools-for-stm32.10.3-2021.10.win32_1.0.200.202301161003/tools/bin/../lib/gcc/arm-none-eabi/10.3.1/../../../../arm-none-eabi/lib/thumb/v7-m/nofp\libc_nano.a
LOAD c:/st/stm32cubeide_1.12.0/stm32cubeide/plugins/com.st.stm32cube.ide.mcu.externaltools.gnu-tools-for-stm32.10.3-2021.10.win32_1.0.200.202301161003/tools/bin/../lib/gcc/arm-none-eabi/10.3.1/../../../../arm-none-eabi/lib/thumb/v7-m/nofp\libnosys.a
END GROUP
LOAD c:/st/stm32cubeide_1.12.0/stm32cubeide/plugins/com.st.stm32cube.ide.mcu.externaltools.gnu-tools-for-stm32.10.3-2021.10.win32_1.0.200.202301161003/tools/bin/../lib/gcc/arm-none-eabi/10.3.1/thumb/v7-m/nofp/crtend.o
LOAD c:/st/stm32cubeide_1.12.0/stm32cubeide/plugins/com.st.stm32cube.ide.mcu.externaltools.gnu-tools-for-stm32.10.3-2021.10.win32_1.0.200.202301161003/tools/bin/../lib/gcc/arm-none-eabi/10.3.1/thumb/v7-m/nofp/crtn.o
                0x0000000020005000                _estack = (ORIGIN (RAM) + LENGTH (RAM))
                0x0000000000000200                _Min_Heap_Size = 0x200
                0x0000000000000400                _Min_Stack_Size = 0x400

.isr_vector     0x0000000008000000      0x10c
                0x0000000008000000                . = ALIGN (0x4)
 *(.isr_vector)
 .isr_vector    0x0000000008000000      0x10c ./Core/Startup/startup_stm32f103cbtx.o
                0x0000000008000000                g_pfnVectors
                0x000000000800010c                . = ALIGN (0x4)

.text           0x000000000800010c     0x5310
                0x000000000800010c                . = ALIGN (0x4)
 *(.text)
 .text          0x000000000800010c       0x40 c:/st/stm32cubeide_1.12.0/stm32cubeide/plugins/com.st.stm32cube.ide.mcu.externaltools.gnu-tools-for-stm32.10.3-2021.10.win32_1.0.200.202301161003/tools/bin/../lib/gcc/arm-none-eabi/10.3.1/thumb/v7-m/nofp/crtbegin.o
 .text          0x000000000800014c      0x168 c:/st/stm32cubeide_1.12.0/stm32cubeide/plugins/com.st.stm32cube.ide.mcu.externaltools.gnu-tools-for-stm32.10.3-2021.10.win32_1.0.200.202301161003/tools/bin/../lib/gcc/arm-none-eabi/10.3.1/thumb/v7-m/nofp\libgcc.a(_arm_mulsf3.o)
                0x000000000800014c                __aeabi_fmul
                0x000000000800014c                __mulsf3
 .text          0x00000000080002b4      0x21c c:/st/stm32cubeide_1.12.0/stm32cubeide/plugins/com.st.stm32cube.ide.mcu.externaltools.gnu-tools-for-stm32.10.3-2021.10.win32_1.0.200.202301161003/tools/bin/../lib/gcc/arm-none-eabi/10.3.1/thumb/v7-m/nofp\libgcc.a(_arm_addsubsf3.o)
                0x00000000080002b4                __aeabi_frsub
                0x00000000080002bc                __subsf3
                0x00000000080002bc                __aeabi_fsub
                0x00000000080002c0                __aeabi_fadd
                0x00000000080002c0                __addsf3
                0x0000000008000420                __aeabi_ui2f
                0x0000000008000420                __floatunsisf
                0x0000000008000428                __aeabi_i2f
                0x0000000008000428                __floatsisf
                0x0000000008000444                __aeabi_ul2f
                0x0000000008000444                __floatundisf
                0x0000000008000454                __aeabi_l2f
                0x0000000008000454                __floatdisf
 *(.text*)
 .text.MX_CAN_Init
                0x00000000080004d0       0xe0 ./Core/Src/can.o
                0x00000000080004d0                MX_CAN_Init
 .text.HAL_CAN_MspInit
                0x00000000080005b0       0xe0 ./Core/Src/can.o
                0x00000000080005b0                HAL_CAN_MspInit
 .text.process_CAN
                0x0000000008000690      0x21c ./Core/Src/can.o
                0x0000000008000690                process_CAN
 .text.HAL_CAN_RxFifo0MsgPendingCallback
                0x00000000080008ac       0x60 ./Core/Src/can.o
                0x00000000080008ac                HAL_CAN_RxFifo0MsgPendingCallback
 .text.MX_CRC_Init
                0x000000000800090c       0x28 ./Core/Src/crc.o
                0x000000000800090c                MX_CRC_Init
 .text.HAL_CRC_MspInit
                0x0000000008000934       0x3c ./Core/Src/crc.o
                0x0000000008000934                HAL_CRC_MspInit
 .text.MX_GPIO_Init
                0x0000000008000970      0x110 ./Core/Src/gpio.o
                0x0000000008000970                MX_GPIO_Init
 .text.main     0x0000000008000a80      0x110 ./Core/Src/main.o
                0x0000000008000a80                main
 .text.SystemClock_Config
                0x0000000008000b90       0xc6 ./Core/Src/main.o
                0x0000000008000b90                SystemClock_Config
 *fill*         0x0000000008000c56        0x2 
 .text.process_10Ms_Timer
                0x0000000008000c58       0x78 ./Core/Src/main.o
                0x0000000008000c58                process_10Ms_Timer
 .text.HAL_TIM_PeriodElapsedCallback
                0x0000000008000cd0       0x30 ./Core/Src/main.o
                0x0000000008000cd0                HAL_TIM_PeriodElapsedCallback
 .text.Error_Handler
                0x0000000008000d00        0xa ./Core/Src/main.o
                0x0000000008000d00                Error_Handler
 *fill*         0x0000000008000d0a        0x2 
 .text.MX_SPI1_Init
                0x0000000008000d0c       0x6c ./Core/Src/spi.o
                0x0000000008000d0c                MX_SPI1_Init
 .text.HAL_SPI_MspInit
                0x0000000008000d78       0xa4 ./Core/Src/spi.o
                0x0000000008000d78                HAL_SPI_MspInit
 .text.HAL_MspInit
                0x0000000008000e1c       0x64 ./Core/Src/stm32f1xx_hal_msp.o
                0x0000000008000e1c                HAL_MspInit
 .text.NMI_Handler
                0x0000000008000e80        0x6 ./Core/Src/stm32f1xx_it.o
                0x0000000008000e80                NMI_Handler
 .text.HardFault_Handler
                0x0000000008000e86        0x6 ./Core/Src/stm32f1xx_it.o
                0x0000000008000e86                HardFault_Handler
 .text.MemManage_Handler
                0x0000000008000e8c        0x6 ./Core/Src/stm32f1xx_it.o
                0x0000000008000e8c                MemManage_Handler
 .text.BusFault_Handler
                0x0000000008000e92        0x6 ./Core/Src/stm32f1xx_it.o
                0x0000000008000e92                BusFault_Handler
 .text.UsageFault_Handler
                0x0000000008000e98        0x6 ./Core/Src/stm32f1xx_it.o
                0x0000000008000e98                UsageFault_Handler
 .text.SVC_Handler
                0x0000000008000e9e        0xc ./Core/Src/stm32f1xx_it.o
                0x0000000008000e9e                SVC_Handler
 .text.DebugMon_Handler
                0x0000000008000eaa        0xc ./Core/Src/stm32f1xx_it.o
                0x0000000008000eaa                DebugMon_Handler
 .text.PendSV_Handler
                0x0000000008000eb6        0xc ./Core/Src/stm32f1xx_it.o
                0x0000000008000eb6                PendSV_Handler
 .text.SysTick_Handler
                0x0000000008000ec2        0xc ./Core/Src/stm32f1xx_it.o
                0x0000000008000ec2                SysTick_Handler
 *fill*         0x0000000008000ece        0x2 
 .text.USB_LP_CAN1_RX0_IRQHandler
                0x0000000008000ed0       0x14 ./Core/Src/stm32f1xx_it.o
                0x0000000008000ed0                USB_LP_CAN1_RX0_IRQHandler
 .text.CAN1_RX1_IRQHandler
                0x0000000008000ee4       0x14 ./Core/Src/stm32f1xx_it.o
                0x0000000008000ee4                CAN1_RX1_IRQHandler
 .text.TIM4_IRQHandler
                0x0000000008000ef8       0x14 ./Core/Src/stm32f1xx_it.o
                0x0000000008000ef8                TIM4_IRQHandler
 .text.SPI1_IRQHandler
                0x0000000008000f0c       0x14 ./Core/Src/stm32f1xx_it.o
                0x0000000008000f0c                SPI1_IRQHandler
 .text.EXTI2_IRQHandler
                0x0000000008000f20        0xe ./Core/Src/stm32f1xx_it.o
                0x0000000008000f20                EXTI2_IRQHandler
 *fill*         0x0000000008000f2e        0x2 
 .text._sbrk    0x0000000008000f30       0x6c ./Core/Src/sysmem.o
                0x0000000008000f30                _sbrk
 .text.SystemInit
                0x0000000008000f9c        0xc ./Core/Src/system_stm32f1xx.o
                0x0000000008000f9c                SystemInit
 .text.MX_TIM4_Init
                0x0000000008000fa8       0x9c ./Core/Src/tim.o
                0x0000000008000fa8                MX_TIM4_Init
 .text.HAL_TIM_Base_MspInit
                0x0000000008001044       0x4c ./Core/Src/tim.o
                0x0000000008001044                HAL_TIM_Base_MspInit
 .text.Reset_Handler
                0x0000000008001090       0x48 ./Core/Startup/startup_stm32f103cbtx.o
                0x0000000008001090                Reset_Handler
 .text.Default_Handler
                0x00000000080010d8        0x2 ./Core/Startup/startup_stm32f103cbtx.o
                0x00000000080010d8                RTC_Alarm_IRQHandler
                0x00000000080010d8                TIM1_CC_IRQHandler
                0x00000000080010d8                PVD_IRQHandler
                0x00000000080010d8                EXTI3_IRQHandler
                0x00000000080010d8                EXTI0_IRQHandler
                0x00000000080010d8                I2C2_EV_IRQHandler
                0x00000000080010d8                ADC1_2_IRQHandler
                0x00000000080010d8                TAMPER_IRQHandler
                0x00000000080010d8                DMA1_Channel4_IRQHandler
                0x00000000080010d8                USART3_IRQHandler
                0x00000000080010d8                RTC_IRQHandler
                0x00000000080010d8                DMA1_Channel7_IRQHandler
                0x00000000080010d8                I2C1_EV_IRQHandler
                0x00000000080010d8                DMA1_Channel6_IRQHandler
                0x00000000080010d8                TIM3_IRQHandler
                0x00000000080010d8                RCC_IRQHandler
                0x00000000080010d8                TIM1_TRG_COM_IRQHandler
                0x00000000080010d8                DMA1_Channel1_IRQHandler
                0x00000000080010d8                Default_Handler
                0x00000000080010d8                EXTI15_10_IRQHandler
                0x00000000080010d8                EXTI9_5_IRQHandler
                0x00000000080010d8                SPI2_IRQHandler
                0x00000000080010d8                DMA1_Channel5_IRQHandler
                0x00000000080010d8                EXTI4_IRQHandler
                0x00000000080010d8                USB_HP_CAN1_TX_IRQHandler
                0x00000000080010d8                DMA1_Channel3_IRQHandler
                0x00000000080010d8                TIM1_UP_IRQHandler
                0x00000000080010d8                WWDG_IRQHandler
                0x00000000080010d8                TIM2_IRQHandler
                0x00000000080010d8                TIM1_BRK_IRQHandler
                0x00000000080010d8                EXTI1_IRQHandler
                0x00000000080010d8                USART2_IRQHandler
                0x00000000080010d8                I2C2_ER_IRQHandler
                0x00000000080010d8                DMA1_Channel2_IRQHandler
                0x00000000080010d8                CAN1_SCE_IRQHandler
                0x00000000080010d8                FLASH_IRQHandler
                0x00000000080010d8                USART1_IRQHandler
                0x00000000080010d8                I2C1_ER_IRQHandler
                0x00000000080010d8                USBWakeUp_IRQHandler
 *fill*         0x00000000080010da        0x2 
 .text.getRegisterValue
                0x00000000080010dc       0x28 ./Drivers/Peripheral/Src/ads131m0x.o
                0x00000000080010dc                getRegisterValue
 .text.HAL_GPIO_EXTI_Callback
                0x0000000008001104       0x40 ./Drivers/Peripheral/Src/ads131m0x.o
                0x0000000008001104                HAL_GPIO_EXTI_Callback
 .text.process_ADS131M08
                0x0000000008001144       0x94 ./Drivers/Peripheral/Src/ads131m0x.o
                0x0000000008001144                process_ADS131M08
 .text.ADS131M08_offset_callibration
                0x00000000080011d8       0x6a ./Drivers/Peripheral/Src/ads131m0x.o
                0x00000000080011d8                ADS131M08_offset_callibration
 *fill*         0x0000000008001242        0x2 
 .text.ADS131M08_init
                0x0000000008001244      0x230 ./Drivers/Peripheral/Src/ads131m0x.o
                0x0000000008001244                ADS131M08_init
 .text.ADS131M08_startup
                0x0000000008001474       0xa0 ./Drivers/Peripheral/Src/ads131m0x.o
                0x0000000008001474                ADS131M08_startup
 .text.toggleRESET
                0x0000000008001514       0x48 ./Drivers/Peripheral/Src/ads131m0x.o
                0x0000000008001514                toggleRESET
 .text.readSingleRegister
                0x000000000800155c       0xc0 ./Drivers/Peripheral/Src/ads131m0x.o
                0x000000000800155c                readSingleRegister
 .text.writeSingleRegister
                0x000000000800161c       0xd8 ./Drivers/Peripheral/Src/ads131m0x.o
                0x000000000800161c                writeSingleRegister
 .text.sendCommand
                0x00000000080016f4       0x9c ./Drivers/Peripheral/Src/ads131m0x.o
                0x00000000080016f4                sendCommand
 .text.ADS131M08_control_cs_signal
                0x0000000008001790       0x58 ./Drivers/Peripheral/Src/ads131m0x.o
                0x0000000008001790                ADS131M08_control_cs_signal
 .text.ADS131M08_read_cs_signal
                0x00000000080017e8       0x28 ./Drivers/Peripheral/Src/ads131m0x.o
                0x00000000080017e8                ADS131M08_read_cs_signal
 .text.restoreRegisterDefaults
                0x0000000008001810      0x284 ./Drivers/Peripheral/Src/ads131m0x.o
                0x0000000008001810                restoreRegisterDefaults
 .text.ADS131M08_receive_data
                0x0000000008001a94       0x64 ./Drivers/Peripheral/Src/ads131m0x.o
                0x0000000008001a94                ADS131M08_receive_data
 .text.upperByte
                0x0000000008001af8       0x1e ./Drivers/Peripheral/Src/ads131m0x.o
                0x0000000008001af8                upperByte
 .text.lowerByte
                0x0000000008001b16       0x1a ./Drivers/Peripheral/Src/ads131m0x.o
                0x0000000008001b16                lowerByte
 .text.ADS131M08_convert_adc_data
                0x0000000008001b30       0x36 ./Drivers/Peripheral/Src/ads131m0x.o
                0x0000000008001b30                ADS131M08_convert_adc_data
 *fill*         0x0000000008001b66        0x2 
 .text.ADS131M08_parse_adc_data
                0x0000000008001b68      0x334 ./Drivers/Peripheral/Src/ads131m0x.o
                0x0000000008001b68                ADS131M08_parse_adc_data
 .text.ADS131M08_convert_to_mVolt
                0x0000000008001e9c       0x2c ./Drivers/Peripheral/Src/ads131m0x.o
                0x0000000008001e9c                ADS131M08_convert_to_mVolt
 .text.ADS131M08_convert_to_mAmp
                0x0000000008001ec8       0x2c ./Drivers/Peripheral/Src/ads131m0x.o
                0x0000000008001ec8                ADS131M08_convert_to_mAmp
 .text.combineBytes
                0x0000000008001ef4       0x2c ./Drivers/Peripheral/Src/ads131m0x.o
                0x0000000008001ef4                combineBytes
 .text.buildSPIarray
                0x0000000008001f20       0xa0 ./Drivers/Peripheral/Src/ads131m0x.o
                0x0000000008001f20                buildSPIarray
 .text.enforce_selected_device_modes
                0x0000000008001fc0       0x40 ./Drivers/Peripheral/Src/ads131m0x.o
                0x0000000008001fc0                enforce_selected_device_modes
 .text.getWordByteLength
                0x0000000008002000       0x20 ./Drivers/Peripheral/Src/ads131m0x.o
                0x0000000008002000                getWordByteLength
 .text.delay_us
                0x0000000008002020       0x44 ./Drivers/Peripheral/Src/ads131m0x.o
                0x0000000008002020                delay_us
 .text.HAL_Init
                0x0000000008002064       0x2c ./Drivers/STM32F1xx_HAL_Driver/Src/stm32f1xx_hal.o
                0x0000000008002064                HAL_Init
 .text.HAL_InitTick
                0x0000000008002090       0x60 ./Drivers/STM32F1xx_HAL_Driver/Src/stm32f1xx_hal.o
                0x0000000008002090                HAL_InitTick
 .text.HAL_IncTick
                0x00000000080020f0       0x24 ./Drivers/STM32F1xx_HAL_Driver/Src/stm32f1xx_hal.o
                0x00000000080020f0                HAL_IncTick
 .text.HAL_GetTick
                0x0000000008002114       0x14 ./Drivers/STM32F1xx_HAL_Driver/Src/stm32f1xx_hal.o
                0x0000000008002114                HAL_GetTick
 .text.HAL_Delay
                0x0000000008002128       0x48 ./Drivers/STM32F1xx_HAL_Driver/Src/stm32f1xx_hal.o
                0x0000000008002128                HAL_Delay
 .text.HAL_CAN_Init
                0x0000000008002170      0x28c ./Drivers/STM32F1xx_HAL_Driver/Src/stm32f1xx_hal_can.o
                0x0000000008002170                HAL_CAN_Init
 .text.HAL_CAN_ConfigFilter
                0x00000000080023fc      0x192 ./Drivers/STM32F1xx_HAL_Driver/Src/stm32f1xx_hal_can.o
                0x00000000080023fc                HAL_CAN_ConfigFilter
 .text.HAL_CAN_Start
                0x000000000800258e       0x88 ./Drivers/STM32F1xx_HAL_Driver/Src/stm32f1xx_hal_can.o
                0x000000000800258e                HAL_CAN_Start
 .text.HAL_CAN_AddTxMessage
                0x0000000008002616      0x19e ./Drivers/STM32F1xx_HAL_Driver/Src/stm32f1xx_hal_can.o
                0x0000000008002616                HAL_CAN_AddTxMessage
 .text.HAL_CAN_IsTxMessagePending
                0x00000000080027b4       0x46 ./Drivers/STM32F1xx_HAL_Driver/Src/stm32f1xx_hal_can.o
                0x00000000080027b4                HAL_CAN_IsTxMessagePending
 .text.HAL_CAN_GetRxMessage
                0x00000000080027fa      0x242 ./Drivers/STM32F1xx_HAL_Driver/Src/stm32f1xx_hal_can.o
                0x00000000080027fa                HAL_CAN_GetRxMessage
 .text.HAL_CAN_ActivateNotification
                0x0000000008002a3c       0x4a ./Drivers/STM32F1xx_HAL_Driver/Src/stm32f1xx_hal_can.o
                0x0000000008002a3c                HAL_CAN_ActivateNotification
 .text.HAL_CAN_IRQHandler
                0x0000000008002a86      0x38a ./Drivers/STM32F1xx_HAL_Driver/Src/stm32f1xx_hal_can.o
                0x0000000008002a86                HAL_CAN_IRQHandler
 .text.HAL_CAN_TxMailbox0CompleteCallback
                0x0000000008002e10       0x12 ./Drivers/STM32F1xx_HAL_Driver/Src/stm32f1xx_hal_can.o
                0x0000000008002e10                HAL_CAN_TxMailbox0CompleteCallback
 .text.HAL_CAN_TxMailbox1CompleteCallback
                0x0000000008002e22       0x12 ./Drivers/STM32F1xx_HAL_Driver/Src/stm32f1xx_hal_can.o
                0x0000000008002e22                HAL_CAN_TxMailbox1CompleteCallback
 .text.HAL_CAN_TxMailbox2CompleteCallback
                0x0000000008002e34       0x12 ./Drivers/STM32F1xx_HAL_Driver/Src/stm32f1xx_hal_can.o
                0x0000000008002e34                HAL_CAN_TxMailbox2CompleteCallback
 .text.HAL_CAN_TxMailbox0AbortCallback
                0x0000000008002e46       0x12 ./Drivers/STM32F1xx_HAL_Driver/Src/stm32f1xx_hal_can.o
                0x0000000008002e46                HAL_CAN_TxMailbox0AbortCallback
 .text.HAL_CAN_TxMailbox1AbortCallback
                0x0000000008002e58       0x12 ./Drivers/STM32F1xx_HAL_Driver/Src/stm32f1xx_hal_can.o
                0x0000000008002e58                HAL_CAN_TxMailbox1AbortCallback
 .text.HAL_CAN_TxMailbox2AbortCallback
                0x0000000008002e6a       0x12 ./Drivers/STM32F1xx_HAL_Driver/Src/stm32f1xx_hal_can.o
                0x0000000008002e6a                HAL_CAN_TxMailbox2AbortCallback
 .text.HAL_CAN_RxFifo0FullCallback
                0x0000000008002e7c       0x12 ./Drivers/STM32F1xx_HAL_Driver/Src/stm32f1xx_hal_can.o
                0x0000000008002e7c                HAL_CAN_RxFifo0FullCallback
 .text.HAL_CAN_RxFifo1MsgPendingCallback
                0x0000000008002e8e       0x12 ./Drivers/STM32F1xx_HAL_Driver/Src/stm32f1xx_hal_can.o
                0x0000000008002e8e                HAL_CAN_RxFifo1MsgPendingCallback
 .text.HAL_CAN_RxFifo1FullCallback
                0x0000000008002ea0       0x12 ./Drivers/STM32F1xx_HAL_Driver/Src/stm32f1xx_hal_can.o
                0x0000000008002ea0                HAL_CAN_RxFifo1FullCallback
 .text.HAL_CAN_SleepCallback
                0x0000000008002eb2       0x12 ./Drivers/STM32F1xx_HAL_Driver/Src/stm32f1xx_hal_can.o
                0x0000000008002eb2                HAL_CAN_SleepCallback
 .text.HAL_CAN_WakeUpFromRxMsgCallback
                0x0000000008002ec4       0x12 ./Drivers/STM32F1xx_HAL_Driver/Src/stm32f1xx_hal_can.o
                0x0000000008002ec4                HAL_CAN_WakeUpFromRxMsgCallback
 .text.HAL_CAN_ErrorCallback
                0x0000000008002ed6       0x12 ./Drivers/STM32F1xx_HAL_Driver/Src/stm32f1xx_hal_can.o
                0x0000000008002ed6                HAL_CAN_ErrorCallback
 .text.__NVIC_SetPriorityGrouping
                0x0000000008002ee8       0x48 ./Drivers/STM32F1xx_HAL_Driver/Src/stm32f1xx_hal_cortex.o
 .text.__NVIC_GetPriorityGrouping
                0x0000000008002f30       0x1c ./Drivers/STM32F1xx_HAL_Driver/Src/stm32f1xx_hal_cortex.o
 .text.__NVIC_EnableIRQ
                0x0000000008002f4c       0x38 ./Drivers/STM32F1xx_HAL_Driver/Src/stm32f1xx_hal_cortex.o
 .text.__NVIC_SetPriority
                0x0000000008002f84       0x54 ./Drivers/STM32F1xx_HAL_Driver/Src/stm32f1xx_hal_cortex.o
 .text.NVIC_EncodePriority
                0x0000000008002fd8       0x64 ./Drivers/STM32F1xx_HAL_Driver/Src/stm32f1xx_hal_cortex.o
 .text.SysTick_Config
                0x000000000800303c       0x44 ./Drivers/STM32F1xx_HAL_Driver/Src/stm32f1xx_hal_cortex.o
 .text.HAL_NVIC_SetPriorityGrouping
                0x0000000008003080       0x16 ./Drivers/STM32F1xx_HAL_Driver/Src/stm32f1xx_hal_cortex.o
                0x0000000008003080                HAL_NVIC_SetPriorityGrouping
 .text.HAL_NVIC_SetPriority
                0x0000000008003096       0x38 ./Drivers/STM32F1xx_HAL_Driver/Src/stm32f1xx_hal_cortex.o
                0x0000000008003096                HAL_NVIC_SetPriority
 .text.HAL_NVIC_EnableIRQ
                0x00000000080030ce       0x1c ./Drivers/STM32F1xx_HAL_Driver/Src/stm32f1xx_hal_cortex.o
                0x00000000080030ce                HAL_NVIC_EnableIRQ
 .text.HAL_SYSTICK_Config
                0x00000000080030ea       0x18 ./Drivers/STM32F1xx_HAL_Driver/Src/stm32f1xx_hal_cortex.o
                0x00000000080030ea                HAL_SYSTICK_Config
 .text.HAL_CRC_Init
                0x0000000008003102       0x38 ./Drivers/STM32F1xx_HAL_Driver/Src/stm32f1xx_hal_crc.o
                0x0000000008003102                HAL_CRC_Init
 *fill*         0x000000000800313a        0x2 
 .text.HAL_DMA_Abort_IT
                0x000000000800313c       0xf0 ./Drivers/STM32F1xx_HAL_Driver/Src/stm32f1xx_hal_dma.o
                0x000000000800313c                HAL_DMA_Abort_IT
 .text.HAL_GPIO_Init
                0x000000000800322c      0x308 ./Drivers/STM32F1xx_HAL_Driver/Src/stm32f1xx_hal_gpio.o
                0x000000000800322c                HAL_GPIO_Init
 .text.HAL_GPIO_ReadPin
                0x0000000008003534       0x2e ./Drivers/STM32F1xx_HAL_Driver/Src/stm32f1xx_hal_gpio.o
                0x0000000008003534                HAL_GPIO_ReadPin
 .text.HAL_GPIO_WritePin
                0x0000000008003562       0x30 ./Drivers/STM32F1xx_HAL_Driver/Src/stm32f1xx_hal_gpio.o
                0x0000000008003562                HAL_GPIO_WritePin
 .text.HAL_GPIO_TogglePin
                0x0000000008003592       0x32 ./Drivers/STM32F1xx_HAL_Driver/Src/stm32f1xx_hal_gpio.o
                0x0000000008003592                HAL_GPIO_TogglePin
 .text.HAL_GPIO_EXTI_IRQHandler
                0x00000000080035c4       0x30 ./Drivers/STM32F1xx_HAL_Driver/Src/stm32f1xx_hal_gpio.o
                0x00000000080035c4                HAL_GPIO_EXTI_IRQHandler
 .text.HAL_RCC_OscConfig
                0x00000000080035f4      0x504 ./Drivers/STM32F1xx_HAL_Driver/Src/stm32f1xx_hal_rcc.o
                0x00000000080035f4                HAL_RCC_OscConfig
 .text.HAL_RCC_ClockConfig
                0x0000000008003af8      0x1d4 ./Drivers/STM32F1xx_HAL_Driver/Src/stm32f1xx_hal_rcc.o
                0x0000000008003af8                HAL_RCC_ClockConfig
 .text.HAL_RCC_MCOConfig
                0x0000000008003ccc       0x70 ./Drivers/STM32F1xx_HAL_Driver/Src/stm32f1xx_hal_rcc.o
                0x0000000008003ccc                HAL_RCC_MCOConfig
 .text.HAL_RCC_GetSysClockFreq
                0x0000000008003d3c       0xa8 ./Drivers/STM32F1xx_HAL_Driver/Src/stm32f1xx_hal_rcc.o
                0x0000000008003d3c                HAL_RCC_GetSysClockFreq
 .text.HAL_RCC_GetHCLKFreq
                0x0000000008003de4       0x14 ./Drivers/STM32F1xx_HAL_Driver/Src/stm32f1xx_hal_rcc.o
                0x0000000008003de4                HAL_RCC_GetHCLKFreq
 .text.RCC_Delay
                0x0000000008003df8       0x3c ./Drivers/STM32F1xx_HAL_Driver/Src/stm32f1xx_hal_rcc.o
 .text.HAL_RCCEx_PeriphCLKConfig
                0x0000000008003e34      0x16c ./Drivers/STM32F1xx_HAL_Driver/Src/stm32f1xx_hal_rcc_ex.o
                0x0000000008003e34                HAL_RCCEx_PeriphCLKConfig
 .text.HAL_SPI_Init
                0x0000000008003fa0      0x108 ./Drivers/STM32F1xx_HAL_Driver/Src/stm32f1xx_hal_spi.o
                0x0000000008003fa0                HAL_SPI_Init
 .text.HAL_SPI_Receive
                0x00000000080040a8      0x230 ./Drivers/STM32F1xx_HAL_Driver/Src/stm32f1xx_hal_spi.o
                0x00000000080040a8                HAL_SPI_Receive
 .text.HAL_SPI_TransmitReceive
                0x00000000080042d8      0x360 ./Drivers/STM32F1xx_HAL_Driver/Src/stm32f1xx_hal_spi.o
                0x00000000080042d8                HAL_SPI_TransmitReceive
 .text.HAL_SPI_IRQHandler
                0x0000000008004638      0x1cc ./Drivers/STM32F1xx_HAL_Driver/Src/stm32f1xx_hal_spi.o
                0x0000000008004638                HAL_SPI_IRQHandler
 .text.HAL_SPI_ErrorCallback
                0x0000000008004804       0x12 ./Drivers/STM32F1xx_HAL_Driver/Src/stm32f1xx_hal_spi.o
                0x0000000008004804                HAL_SPI_ErrorCallback
 .text.SPI_DMAAbortOnError
                0x0000000008004816       0x28 ./Drivers/STM32F1xx_HAL_Driver/Src/stm32f1xx_hal_spi.o
 *fill*         0x000000000800483e        0x2 
 .text.SPI_WaitFlagStateUntilTimeout
                0x0000000008004840      0x110 ./Drivers/STM32F1xx_HAL_Driver/Src/stm32f1xx_hal_spi.o
 .text.SPI_EndRxTransaction
                0x0000000008004950       0xa4 ./Drivers/STM32F1xx_HAL_Driver/Src/stm32f1xx_hal_spi.o
 .text.SPI_EndRxTxTransaction
                0x00000000080049f4       0x3c ./Drivers/STM32F1xx_HAL_Driver/Src/stm32f1xx_hal_spi.o
 .text.HAL_TIM_Base_Init
                0x0000000008004a30       0x9e ./Drivers/STM32F1xx_HAL_Driver/Src/stm32f1xx_hal_tim.o
                0x0000000008004a30                HAL_TIM_Base_Init
 *fill*         0x0000000008004ace        0x2 
 .text.HAL_TIM_Base_Start_IT
                0x0000000008004ad0       0xa4 ./Drivers/STM32F1xx_HAL_Driver/Src/stm32f1xx_hal_tim.o
                0x0000000008004ad0                HAL_TIM_Base_Start_IT
 .text.HAL_TIM_IRQHandler
                0x0000000008004b74      0x210 ./Drivers/STM32F1xx_HAL_Driver/Src/stm32f1xx_hal_tim.o
                0x0000000008004b74                HAL_TIM_IRQHandler
 .text.HAL_TIM_ConfigClockSource
                0x0000000008004d84      0x18e ./Drivers/STM32F1xx_HAL_Driver/Src/stm32f1xx_hal_tim.o
                0x0000000008004d84                HAL_TIM_ConfigClockSource
 .text.HAL_TIM_OC_DelayElapsedCallback
                0x0000000008004f12       0x12 ./Drivers/STM32F1xx_HAL_Driver/Src/stm32f1xx_hal_tim.o
                0x0000000008004f12                HAL_TIM_OC_DelayElapsedCallback
 .text.HAL_TIM_IC_CaptureCallback
                0x0000000008004f24       0x12 ./Drivers/STM32F1xx_HAL_Driver/Src/stm32f1xx_hal_tim.o
                0x0000000008004f24                HAL_TIM_IC_CaptureCallback
 .text.HAL_TIM_PWM_PulseFinishedCallback
                0x0000000008004f36       0x12 ./Drivers/STM32F1xx_HAL_Driver/Src/stm32f1xx_hal_tim.o
                0x0000000008004f36                HAL_TIM_PWM_PulseFinishedCallback
 .text.HAL_TIM_TriggerCallback
                0x0000000008004f48       0x12 ./Drivers/STM32F1xx_HAL_Driver/Src/stm32f1xx_hal_tim.o
                0x0000000008004f48                HAL_TIM_TriggerCallback
 *fill*         0x0000000008004f5a        0x2 
 .text.TIM_Base_SetConfig
                0x0000000008004f5c       0xc4 ./Drivers/STM32F1xx_HAL_Driver/Src/stm32f1xx_hal_tim.o
                0x0000000008004f5c                TIM_Base_SetConfig
 .text.TIM_TI1_ConfigInputStage
                0x0000000008005020       0x5c ./Drivers/STM32F1xx_HAL_Driver/Src/stm32f1xx_hal_tim.o
 .text.TIM_TI2_ConfigInputStage
                0x000000000800507c       0x5e ./Drivers/STM32F1xx_HAL_Driver/Src/stm32f1xx_hal_tim.o
 .text.TIM_ITRx_SetConfig
                0x00000000080050da       0x34 ./Drivers/STM32F1xx_HAL_Driver/Src/stm32f1xx_hal_tim.o
 .text.TIM_ETR_SetConfig
                0x000000000800510e       0x3e ./Drivers/STM32F1xx_HAL_Driver/Src/stm32f1xx_hal_tim.o
                0x000000000800510e                TIM_ETR_SetConfig
 .text.HAL_TIMEx_MasterConfigSynchronization
                0x000000000800514c       0xbc ./Drivers/STM32F1xx_HAL_Driver/Src/stm32f1xx_hal_tim_ex.o
                0x000000000800514c                HAL_TIMEx_MasterConfigSynchronization
 .text.HAL_TIMEx_CommutCallback
                0x0000000008005208       0x12 ./Drivers/STM32F1xx_HAL_Driver/Src/stm32f1xx_hal_tim_ex.o
                0x0000000008005208                HAL_TIMEx_CommutCallback
 .text.HAL_TIMEx_BreakCallback
                0x000000000800521a       0x12 ./Drivers/STM32F1xx_HAL_Driver/Src/stm32f1xx_hal_tim_ex.o
                0x000000000800521a                HAL_TIMEx_BreakCallback
 .text.__errno  0x000000000800522c        0xc c:/st/stm32cubeide_1.12.0/stm32cubeide/plugins/com.st.stm32cube.ide.mcu.externaltools.gnu-tools-for-stm32.10.3-2021.10.win32_1.0.200.202301161003/tools/bin/../lib/gcc/arm-none-eabi/10.3.1/../../../../arm-none-eabi/lib/thumb/v7-m/nofp\libc_nano.a(lib_a-errno.o)
                0x000000000800522c                __errno
 .text.__libc_init_array
                0x0000000008005238       0x48 c:/st/stm32cubeide_1.12.0/stm32cubeide/plugins/com.st.stm32cube.ide.mcu.externaltools.gnu-tools-for-stm32.10.3-2021.10.win32_1.0.200.202301161003/tools/bin/../lib/gcc/arm-none-eabi/10.3.1/../../../../arm-none-eabi/lib/thumb/v7-m/nofp\libc_nano.a(lib_a-init.o)
                0x0000000008005238                __libc_init_array
 .text.malloc   0x0000000008005280       0x10 c:/st/stm32cubeide_1.12.0/stm32cubeide/plugins/com.st.stm32cube.ide.mcu.externaltools.gnu-tools-for-stm32.10.3-2021.10.win32_1.0.200.202301161003/tools/bin/../lib/gcc/arm-none-eabi/10.3.1/../../../../arm-none-eabi/lib/thumb/v7-m/nofp\libc_nano.a(lib_a-malloc.o)
                0x0000000008005280                malloc
 .text.memset   0x0000000008005290       0x10 c:/st/stm32cubeide_1.12.0/stm32cubeide/plugins/com.st.stm32cube.ide.mcu.externaltools.gnu-tools-for-stm32.10.3-2021.10.win32_1.0.200.202301161003/tools/bin/../lib/gcc/arm-none-eabi/10.3.1/../../../../arm-none-eabi/lib/thumb/v7-m/nofp\libc_nano.a(lib_a-memset.o)
                0x0000000008005290                memset
 .text.sbrk_aligned
                0x00000000080052a0       0x40 c:/st/stm32cubeide_1.12.0/stm32cubeide/plugins/com.st.stm32cube.ide.mcu.externaltools.gnu-tools-for-stm32.10.3-2021.10.win32_1.0.200.202301161003/tools/bin/../lib/gcc/arm-none-eabi/10.3.1/../../../../arm-none-eabi/lib/thumb/v7-m/nofp\libc_nano.a(lib_a-nano-mallocr.o)
 .text._malloc_r
                0x00000000080052e0       0xe8 c:/st/stm32cubeide_1.12.0/stm32cubeide/plugins/com.st.stm32cube.ide.mcu.externaltools.gnu-tools-for-stm32.10.3-2021.10.win32_1.0.200.202301161003/tools/bin/../lib/gcc/arm-none-eabi/10.3.1/../../../../arm-none-eabi/lib/thumb/v7-m/nofp\libc_nano.a(lib_a-nano-mallocr.o)
                0x00000000080052e0                _malloc_r
 .text._sbrk_r  0x00000000080053c8       0x20 c:/st/stm32cubeide_1.12.0/stm32cubeide/plugins/com.st.stm32cube.ide.mcu.externaltools.gnu-tools-for-stm32.10.3-2021.10.win32_1.0.200.202301161003/tools/bin/../lib/gcc/arm-none-eabi/10.3.1/../../../../arm-none-eabi/lib/thumb/v7-m/nofp\libc_nano.a(lib_a-sbrkr.o)
                0x00000000080053c8                _sbrk_r
 .text.__malloc_lock
                0x00000000080053e8        0xc c:/st/stm32cubeide_1.12.0/stm32cubeide/plugins/com.st.stm32cube.ide.mcu.externaltools.gnu-tools-for-stm32.10.3-2021.10.win32_1.0.200.202301161003/tools/bin/../lib/gcc/arm-none-eabi/10.3.1/../../../../arm-none-eabi/lib/thumb/v7-m/nofp\libc_nano.a(lib_a-mlock.o)
                0x00000000080053e8                __malloc_lock
 .text.__malloc_unlock
                0x00000000080053f4        0xc c:/st/stm32cubeide_1.12.0/stm32cubeide/plugins/com.st.stm32cube.ide.mcu.externaltools.gnu-tools-for-stm32.10.3-2021.10.win32_1.0.200.202301161003/tools/bin/../lib/gcc/arm-none-eabi/10.3.1/../../../../arm-none-eabi/lib/thumb/v7-m/nofp\libc_nano.a(lib_a-mlock.o)
                0x00000000080053f4                __malloc_unlock
 .text.__retarget_lock_acquire_recursive
                0x0000000008005400        0x2 c:/st/stm32cubeide_1.12.0/stm32cubeide/plugins/com.st.stm32cube.ide.mcu.externaltools.gnu-tools-for-stm32.10.3-2021.10.win32_1.0.200.202301161003/tools/bin/../lib/gcc/arm-none-eabi/10.3.1/../../../../arm-none-eabi/lib/thumb/v7-m/nofp\libc_nano.a(lib_a-lock.o)
                0x0000000008005400                __retarget_lock_acquire_recursive
 .text.__retarget_lock_release_recursive
                0x0000000008005402        0x2 c:/st/stm32cubeide_1.12.0/stm32cubeide/plugins/com.st.stm32cube.ide.mcu.externaltools.gnu-tools-for-stm32.10.3-2021.10.win32_1.0.200.202301161003/tools/bin/../lib/gcc/arm-none-eabi/10.3.1/../../../../arm-none-eabi/lib/thumb/v7-m/nofp\libc_nano.a(lib_a-lock.o)
                0x0000000008005402                __retarget_lock_release_recursive
 *(.glue_7)
 .glue_7        0x0000000008005404        0x0 linker stubs
 *(.glue_7t)
 .glue_7t       0x0000000008005404        0x0 linker stubs
 *(.eh_frame)
 .eh_frame      0x0000000008005404        0x0 c:/st/stm32cubeide_1.12.0/stm32cubeide/plugins/com.st.stm32cube.ide.mcu.externaltools.gnu-tools-for-stm32.10.3-2021.10.win32_1.0.200.202301161003/tools/bin/../lib/gcc/arm-none-eabi/10.3.1/thumb/v7-m/nofp/crtbegin.o
 *(.init)
 .init          0x0000000008005404        0x4 c:/st/stm32cubeide_1.12.0/stm32cubeide/plugins/com.st.stm32cube.ide.mcu.externaltools.gnu-tools-for-stm32.10.3-2021.10.win32_1.0.200.202301161003/tools/bin/../lib/gcc/arm-none-eabi/10.3.1/thumb/v7-m/nofp/crti.o
                0x0000000008005404                _init
 .init          0x0000000008005408        0x8 c:/st/stm32cubeide_1.12.0/stm32cubeide/plugins/com.st.stm32cube.ide.mcu.externaltools.gnu-tools-for-stm32.10.3-2021.10.win32_1.0.200.202301161003/tools/bin/../lib/gcc/arm-none-eabi/10.3.1/thumb/v7-m/nofp/crtn.o
 *(.fini)
 .fini          0x0000000008005410        0x4 c:/st/stm32cubeide_1.12.0/stm32cubeide/plugins/com.st.stm32cube.ide.mcu.externaltools.gnu-tools-for-stm32.10.3-2021.10.win32_1.0.200.202301161003/tools/bin/../lib/gcc/arm-none-eabi/10.3.1/thumb/v7-m/nofp/crti.o
                0x0000000008005410                _fini
 .fini          0x0000000008005414        0x8 c:/st/stm32cubeide_1.12.0/stm32cubeide/plugins/com.st.stm32cube.ide.mcu.externaltools.gnu-tools-for-stm32.10.3-2021.10.win32_1.0.200.202301161003/tools/bin/../lib/gcc/arm-none-eabi/10.3.1/thumb/v7-m/nofp/crtn.o
                0x000000000800541c                . = ALIGN (0x4)
                0x000000000800541c                _etext = .

.vfp11_veneer   0x000000000800541c        0x0
 .vfp11_veneer  0x000000000800541c        0x0 linker stubs

.v4_bx          0x000000000800541c        0x0
 .v4_bx         0x000000000800541c        0x0 linker stubs

.iplt           0x000000000800541c        0x0
 .iplt          0x000000000800541c        0x0 c:/st/stm32cubeide_1.12.0/stm32cubeide/plugins/com.st.stm32cube.ide.mcu.externaltools.gnu-tools-for-stm32.10.3-2021.10.win32_1.0.200.202301161003/tools/bin/../lib/gcc/arm-none-eabi/10.3.1/thumb/v7-m/nofp/crtbegin.o

.rodata         0x000000000800541c       0x28
                0x000000000800541c                . = ALIGN (0x4)
 *(.rodata)
 *(.rodata*)
 .rodata.AHBPrescTable
                0x000000000800541c       0x10 ./Core/Src/system_stm32f1xx.o
                0x000000000800541c                AHBPrescTable
 .rodata.wlength_byte_values
                0x000000000800542c        0x4 ./Drivers/Peripheral/Src/ads131m0x.o
 .rodata.aPLLMULFactorTable.1
                0x0000000008005430       0x10 ./Drivers/STM32F1xx_HAL_Driver/Src/stm32f1xx_hal_rcc.o
 .rodata.aPredivFactorTable.0
                0x0000000008005440        0x2 ./Drivers/STM32F1xx_HAL_Driver/Src/stm32f1xx_hal_rcc.o
                0x0000000008005444                . = ALIGN (0x4)
 *fill*         0x0000000008005442        0x2 

.rel.dyn        0x0000000008005444        0x0
 .rel.iplt      0x0000000008005444        0x0 c:/st/stm32cubeide_1.12.0/stm32cubeide/plugins/com.st.stm32cube.ide.mcu.externaltools.gnu-tools-for-stm32.10.3-2021.10.win32_1.0.200.202301161003/tools/bin/../lib/gcc/arm-none-eabi/10.3.1/thumb/v7-m/nofp/crtbegin.o

.ARM.extab      0x0000000008005444        0x0
                0x0000000008005444                . = ALIGN (0x4)
 *(.ARM.extab* .gnu.linkonce.armextab.*)
                0x0000000008005444                . = ALIGN (0x4)

.ARM            0x0000000008005444        0x0
                0x0000000008005444                . = ALIGN (0x4)
                0x0000000008005444                __exidx_start = .
 *(.ARM.exidx*)
                0x0000000008005444                __exidx_end = .
                0x0000000008005444                . = ALIGN (0x4)

.preinit_array  0x0000000008005444        0x0
                0x0000000008005444                . = ALIGN (0x4)
                0x0000000008005444                PROVIDE (__preinit_array_start = .)
 *(.preinit_array*)
                0x0000000008005444                PROVIDE (__preinit_array_end = .)
                0x0000000008005444                . = ALIGN (0x4)

.init_array     0x0000000008005444        0x4
                0x0000000008005444                . = ALIGN (0x4)
                0x0000000008005444                PROVIDE (__init_array_start = .)
 *(SORT_BY_NAME(.init_array.*))
 *(.init_array*)
 .init_array    0x0000000008005444        0x4 c:/st/stm32cubeide_1.12.0/stm32cubeide/plugins/com.st.stm32cube.ide.mcu.externaltools.gnu-tools-for-stm32.10.3-2021.10.win32_1.0.200.202301161003/tools/bin/../lib/gcc/arm-none-eabi/10.3.1/thumb/v7-m/nofp/crtbegin.o
                0x0000000008005448                PROVIDE (__init_array_end = .)
                0x0000000008005448                . = ALIGN (0x4)

.fini_array     0x0000000008005448        0x4
                0x0000000008005448                . = ALIGN (0x4)
                [!provide]                        PROVIDE (__fini_array_start = .)
 *(SORT_BY_NAME(.fini_array.*))
 *(.fini_array*)
 .fini_array    0x0000000008005448        0x4 c:/st/stm32cubeide_1.12.0/stm32cubeide/plugins/com.st.stm32cube.ide.mcu.externaltools.gnu-tools-for-stm32.10.3-2021.10.win32_1.0.200.202301161003/tools/bin/../lib/gcc/arm-none-eabi/10.3.1/thumb/v7-m/nofp/crtbegin.o
                [!provide]                        PROVIDE (__fini_array_end = .)
                0x000000000800544c                . = ALIGN (0x4)
                0x000000000800544c                _sidata = LOADADDR (.data)

.data           0x0000000020000000       0x70 load address 0x000000000800544c
                0x0000000020000000                . = ALIGN (0x4)
                0x0000000020000000                _sdata = .
 *(.data)
 *(.data*)
 .data.SystemCoreClock
                0x0000000020000000        0x4 ./Core/Src/system_stm32f1xx.o
                0x0000000020000000                SystemCoreClock
 .data.uwTickPrio
                0x0000000020000004        0x4 ./Drivers/STM32F1xx_HAL_Driver/Src/stm32f1xx_hal.o
                0x0000000020000004                uwTickPrio
 .data.uwTickFreq
                0x0000000020000008        0x1 ./Drivers/STM32F1xx_HAL_Driver/Src/stm32f1xx_hal.o
                0x0000000020000008                uwTickFreq
 *fill*         0x0000000020000009        0x3 
 .data._impure_ptr
                0x000000002000000c        0x4 c:/st/stm32cubeide_1.12.0/stm32cubeide/plugins/com.st.stm32cube.ide.mcu.externaltools.gnu-tools-for-stm32.10.3-2021.10.win32_1.0.200.202301161003/tools/bin/../lib/gcc/arm-none-eabi/10.3.1/../../../../arm-none-eabi/lib/thumb/v7-m/nofp\libc_nano.a(lib_a-impure.o)
                0x000000002000000c                _impure_ptr
 .data.impure_data
                0x0000000020000010       0x60 c:/st/stm32cubeide_1.12.0/stm32cubeide/plugins/com.st.stm32cube.ide.mcu.externaltools.gnu-tools-for-stm32.10.3-2021.10.win32_1.0.200.202301161003/tools/bin/../lib/gcc/arm-none-eabi/10.3.1/../../../../arm-none-eabi/lib/thumb/v7-m/nofp\libc_nano.a(lib_a-impure.o)
 *(.RamFunc)
 *(.RamFunc*)
                0x0000000020000070                . = ALIGN (0x4)
                0x0000000020000070                _edata = .

.igot.plt       0x0000000020000070        0x0 load address 0x00000000080054bc
 .igot.plt      0x0000000020000070        0x0 c:/st/stm32cubeide_1.12.0/stm32cubeide/plugins/com.st.stm32cube.ide.mcu.externaltools.gnu-tools-for-stm32.10.3-2021.10.win32_1.0.200.202301161003/tools/bin/../lib/gcc/arm-none-eabi/10.3.1/thumb/v7-m/nofp/crtbegin.o
                0x0000000020000070                . = ALIGN (0x4)

.bss            0x0000000020000070      0x1c4 load address 0x00000000080054bc
                0x0000000020000070                _sbss = .
                0x0000000020000070                __bss_start__ = _sbss
 *(.bss)
 .bss           0x0000000020000070       0x1c c:/st/stm32cubeide_1.12.0/stm32cubeide/plugins/com.st.stm32cube.ide.mcu.externaltools.gnu-tools-for-stm32.10.3-2021.10.win32_1.0.200.202301161003/tools/bin/../lib/gcc/arm-none-eabi/10.3.1/thumb/v7-m/nofp/crtbegin.o
 *(.bss*)
 .bss.TxHeader  0x000000002000008c       0x18 ./Core/Src/can.o
                0x000000002000008c                TxHeader
 .bss.CanTxData
                0x00000000200000a4        0x8 ./Core/Src/can.o
                0x00000000200000a4                CanTxData
 .bss.TxMailbox
                0x00000000200000ac        0x4 ./Core/Src/can.o
                0x00000000200000ac                TxMailbox
 .bss.can_task_scheduler
                0x00000000200000b0        0x1 ./Core/Src/can.o
                0x00000000200000b0                can_task_scheduler
 *fill*         0x00000000200000b1        0x3 
 .bss.RxHeader  0x00000000200000b4       0x1c ./Core/Src/can.o
                0x00000000200000b4                RxHeader
 .bss.CanRxData
                0x00000000200000d0        0x8 ./Core/Src/can.o
                0x00000000200000d0                CanRxData
 .bss.canfilterconfig
                0x00000000200000d8       0x28 ./Core/Src/can.o
                0x00000000200000d8                canfilterconfig
 .bss.hcan      0x0000000020000100       0x64 ./Core/Src/can.o
                0x0000000020000100                hcan
 .bss.hcrc      0x0000000020000164        0x8 ./Core/Src/crc.o
                0x0000000020000164                hcrc
 .bss.main_task_scheduler
                0x000000002000016c        0x1 ./Core/Src/main.o
                0x000000002000016c                main_task_scheduler
 .bss.adc_enable_mask
                0x000000002000016d        0x1 ./Core/Src/main.o
                0x000000002000016d                adc_enable_mask
 .bss.alive_timer
                0x000000002000016e        0x1 ./Core/Src/main.o
                0x000000002000016e                alive_timer
 *fill*         0x000000002000016f        0x1 
 .bss.timer_10ms
                0x0000000020000170        0x2 ./Core/Src/main.o
                0x0000000020000170                timer_10ms
 *fill*         0x0000000020000172        0x2 
 .bss.hspi1     0x0000000020000174       0x58 ./Core/Src/spi.o
                0x0000000020000174                hspi1
 .bss.__sbrk_heap_end
                0x00000000200001cc        0x4 ./Core/Src/sysmem.o
 .bss.htim4     0x00000000200001d0       0x48 ./Core/Src/tim.o
                0x00000000200001d0                htim4
 .bss.adcConfM  0x0000000020000218        0x4 ./Drivers/Peripheral/Src/ads131m0x.o
                0x0000000020000218                adcConfM
 .bss.ads131m08_task_scheduler
                0x000000002000021c        0x1 ./Drivers/Peripheral/Src/ads131m0x.o
                0x000000002000021c                ads131m08_task_scheduler
 *fill*         0x000000002000021d        0x3 
 .bss.uwTick    0x0000000020000220        0x4 ./Drivers/STM32F1xx_HAL_Driver/Src/stm32f1xx_hal.o
                0x0000000020000220                uwTick
 .bss.__malloc_free_list
                0x0000000020000224        0x4 c:/st/stm32cubeide_1.12.0/stm32cubeide/plugins/com.st.stm32cube.ide.mcu.externaltools.gnu-tools-for-stm32.10.3-2021.10.win32_1.0.200.202301161003/tools/bin/../lib/gcc/arm-none-eabi/10.3.1/../../../../arm-none-eabi/lib/thumb/v7-m/nofp\libc_nano.a(lib_a-nano-mallocr.o)
                0x0000000020000224                __malloc_free_list
 .bss.__malloc_sbrk_start
                0x0000000020000228        0x4 c:/st/stm32cubeide_1.12.0/stm32cubeide/plugins/com.st.stm32cube.ide.mcu.externaltools.gnu-tools-for-stm32.10.3-2021.10.win32_1.0.200.202301161003/tools/bin/../lib/gcc/arm-none-eabi/10.3.1/../../../../arm-none-eabi/lib/thumb/v7-m/nofp\libc_nano.a(lib_a-nano-mallocr.o)
                0x0000000020000228                __malloc_sbrk_start
 .bss.errno     0x000000002000022c        0x4 c:/st/stm32cubeide_1.12.0/stm32cubeide/plugins/com.st.stm32cube.ide.mcu.externaltools.gnu-tools-for-stm32.10.3-2021.10.win32_1.0.200.202301161003/tools/bin/../lib/gcc/arm-none-eabi/10.3.1/../../../../arm-none-eabi/lib/thumb/v7-m/nofp\libc_nano.a(lib_a-reent.o)
                0x000000002000022c                errno
 .bss.__lock___malloc_recursive_mutex
                0x0000000020000230        0x1 c:/st/stm32cubeide_1.12.0/stm32cubeide/plugins/com.st.stm32cube.ide.mcu.externaltools.gnu-tools-for-stm32.10.3-2021.10.win32_1.0.200.202301161003/tools/bin/../lib/gcc/arm-none-eabi/10.3.1/../../../../arm-none-eabi/lib/thumb/v7-m/nofp\libc_nano.a(lib_a-lock.o)
                0x0000000020000230                __lock___malloc_recursive_mutex
 *(COMMON)
                0x0000000020000234                . = ALIGN (0x4)
 *fill*         0x0000000020000231        0x3 
                0x0000000020000234                _ebss = .
                0x0000000020000234                __bss_end__ = _ebss

._user_heap_stack
                0x0000000020000234      0x604 load address 0x00000000080054bc
                0x0000000020000238                . = ALIGN (0x8)
 *fill*         0x0000000020000234        0x4 
                [!provide]                        PROVIDE (end = .)
                0x0000000020000238                PROVIDE (_end = .)
                0x0000000020000438                . = (. + _Min_Heap_Size)
 *fill*         0x0000000020000238      0x200 
                0x0000000020000838                . = (. + _Min_Stack_Size)
 *fill*         0x0000000020000438      0x400 
                0x0000000020000838                . = ALIGN (0x8)

/DISCARD/
 libc.a(*)
 libm.a(*)
 libgcc.a(*)

.ARM.attributes
                0x0000000000000000       0x29
 *(.ARM.attributes)
 .ARM.attributes
                0x0000000000000000       0x1d c:/st/stm32cubeide_1.12.0/stm32cubeide/plugins/com.st.stm32cube.ide.mcu.externaltools.gnu-tools-for-stm32.10.3-2021.10.win32_1.0.200.202301161003/tools/bin/../lib/gcc/arm-none-eabi/10.3.1/thumb/v7-m/nofp/crti.o
 .ARM.attributes
                0x000000000000001d       0x2d c:/st/stm32cubeide_1.12.0/stm32cubeide/plugins/com.st.stm32cube.ide.mcu.externaltools.gnu-tools-for-stm32.10.3-2021.10.win32_1.0.200.202301161003/tools/bin/../lib/gcc/arm-none-eabi/10.3.1/thumb/v7-m/nofp/crtbegin.o
 .ARM.attributes
                0x000000000000004a       0x2d ./Core/Src/can.o
 .ARM.attributes
                0x0000000000000077       0x2d ./Core/Src/crc.o
 .ARM.attributes
                0x00000000000000a4       0x2d ./Core/Src/gpio.o
 .ARM.attributes
                0x00000000000000d1       0x2d ./Core/Src/main.o
 .ARM.attributes
                0x00000000000000fe       0x2d ./Core/Src/spi.o
 .ARM.attributes
                0x000000000000012b       0x2d ./Core/Src/stm32f1xx_hal_msp.o
 .ARM.attributes
                0x0000000000000158       0x2d ./Core/Src/stm32f1xx_it.o
 .ARM.attributes
                0x0000000000000185       0x2d ./Core/Src/sysmem.o
 .ARM.attributes
                0x00000000000001b2       0x2d ./Core/Src/system_stm32f1xx.o
 .ARM.attributes
                0x00000000000001df       0x2d ./Core/Src/tim.o
 .ARM.attributes
                0x000000000000020c       0x21 ./Core/Startup/startup_stm32f103cbtx.o
 .ARM.attributes
                0x000000000000022d       0x2d ./Drivers/Peripheral/Src/ads131m0x.o
 .ARM.attributes
                0x000000000000025a       0x2d ./Drivers/STM32F1xx_HAL_Driver/Src/stm32f1xx_hal.o
 .ARM.attributes
                0x0000000000000287       0x2d ./Drivers/STM32F1xx_HAL_Driver/Src/stm32f1xx_hal_can.o
 .ARM.attributes
                0x00000000000002b4       0x2d ./Drivers/STM32F1xx_HAL_Driver/Src/stm32f1xx_hal_cortex.o
 .ARM.attributes
                0x00000000000002e1       0x2d ./Drivers/STM32F1xx_HAL_Driver/Src/stm32f1xx_hal_crc.o
 .ARM.attributes
                0x000000000000030e       0x2d ./Drivers/STM32F1xx_HAL_Driver/Src/stm32f1xx_hal_dma.o
 .ARM.attributes
                0x000000000000033b       0x2d ./Drivers/STM32F1xx_HAL_Driver/Src/stm32f1xx_hal_gpio.o
 .ARM.attributes
                0x0000000000000368       0x2d ./Drivers/STM32F1xx_HAL_Driver/Src/stm32f1xx_hal_rcc.o
 .ARM.attributes
                0x0000000000000395       0x2d ./Drivers/STM32F1xx_HAL_Driver/Src/stm32f1xx_hal_rcc_ex.o
 .ARM.attributes
                0x00000000000003c2       0x2d ./Drivers/STM32F1xx_HAL_Driver/Src/stm32f1xx_hal_spi.o
 .ARM.attributes
                0x00000000000003ef       0x2d ./Drivers/STM32F1xx_HAL_Driver/Src/stm32f1xx_hal_tim.o
 .ARM.attributes
                0x000000000000041c       0x2d ./Drivers/STM32F1xx_HAL_Driver/Src/stm32f1xx_hal_tim_ex.o
 .ARM.attributes
                0x0000000000000449       0x2d c:/st/stm32cubeide_1.12.0/stm32cubeide/plugins/com.st.stm32cube.ide.mcu.externaltools.gnu-tools-for-stm32.10.3-2021.10.win32_1.0.200.202301161003/tools/bin/../lib/gcc/arm-none-eabi/10.3.1/../../../../arm-none-eabi/lib/thumb/v7-m/nofp\libc_nano.a(lib_a-errno.o)
 .ARM.attributes
                0x0000000000000476       0x2d c:/st/stm32cubeide_1.12.0/stm32cubeide/plugins/com.st.stm32cube.ide.mcu.externaltools.gnu-tools-for-stm32.10.3-2021.10.win32_1.0.200.202301161003/tools/bin/../lib/gcc/arm-none-eabi/10.3.1/../../../../arm-none-eabi/lib/thumb/v7-m/nofp\libc_nano.a(lib_a-impure.o)
 .ARM.attributes
                0x00000000000004a3       0x2d c:/st/stm32cubeide_1.12.0/stm32cubeide/plugins/com.st.stm32cube.ide.mcu.externaltools.gnu-tools-for-stm32.10.3-2021.10.win32_1.0.200.202301161003/tools/bin/../lib/gcc/arm-none-eabi/10.3.1/../../../../arm-none-eabi/lib/thumb/v7-m/nofp\libc_nano.a(lib_a-init.o)
 .ARM.attributes
                0x00000000000004d0       0x2d c:/st/stm32cubeide_1.12.0/stm32cubeide/plugins/com.st.stm32cube.ide.mcu.externaltools.gnu-tools-for-stm32.10.3-2021.10.win32_1.0.200.202301161003/tools/bin/../lib/gcc/arm-none-eabi/10.3.1/../../../../arm-none-eabi/lib/thumb/v7-m/nofp\libc_nano.a(lib_a-malloc.o)
 .ARM.attributes
                0x00000000000004fd       0x2d c:/st/stm32cubeide_1.12.0/stm32cubeide/plugins/com.st.stm32cube.ide.mcu.externaltools.gnu-tools-for-stm32.10.3-2021.10.win32_1.0.200.202301161003/tools/bin/../lib/gcc/arm-none-eabi/10.3.1/../../../../arm-none-eabi/lib/thumb/v7-m/nofp\libc_nano.a(lib_a-memset.o)
 .ARM.attributes
                0x000000000000052a       0x2d c:/st/stm32cubeide_1.12.0/stm32cubeide/plugins/com.st.stm32cube.ide.mcu.externaltools.gnu-tools-for-stm32.10.3-2021.10.win32_1.0.200.202301161003/tools/bin/../lib/gcc/arm-none-eabi/10.3.1/../../../../arm-none-eabi/lib/thumb/v7-m/nofp\libc_nano.a(lib_a-nano-mallocr.o)
 .ARM.attributes
                0x0000000000000557       0x2d c:/st/stm32cubeide_1.12.0/stm32cubeide/plugins/com.st.stm32cube.ide.mcu.externaltools.gnu-tools-for-stm32.10.3-2021.10.win32_1.0.200.202301161003/tools/bin/../lib/gcc/arm-none-eabi/10.3.1/../../../../arm-none-eabi/lib/thumb/v7-m/nofp\libc_nano.a(lib_a-sbrkr.o)
 .ARM.attributes
                0x0000000000000584       0x2d c:/st/stm32cubeide_1.12.0/stm32cubeide/plugins/com.st.stm32cube.ide.mcu.externaltools.gnu-tools-for-stm32.10.3-2021.10.win32_1.0.200.202301161003/tools/bin/../lib/gcc/arm-none-eabi/10.3.1/../../../../arm-none-eabi/lib/thumb/v7-m/nofp\libc_nano.a(lib_a-mlock.o)
 .ARM.attributes
                0x00000000000005b1       0x2d c:/st/stm32cubeide_1.12.0/stm32cubeide/plugins/com.st.stm32cube.ide.mcu.externaltools.gnu-tools-for-stm32.10.3-2021.10.win32_1.0.200.202301161003/tools/bin/../lib/gcc/arm-none-eabi/10.3.1/../../../../arm-none-eabi/lib/thumb/v7-m/nofp\libc_nano.a(lib_a-reent.o)
 .ARM.attributes
                0x00000000000005de       0x2d c:/st/stm32cubeide_1.12.0/stm32cubeide/plugins/com.st.stm32cube.ide.mcu.externaltools.gnu-tools-for-stm32.10.3-2021.10.win32_1.0.200.202301161003/tools/bin/../lib/gcc/arm-none-eabi/10.3.1/../../../../arm-none-eabi/lib/thumb/v7-m/nofp\libc_nano.a(lib_a-lock.o)
 .ARM.attributes
                0x000000000000060b       0x1d c:/st/stm32cubeide_1.12.0/stm32cubeide/plugins/com.st.stm32cube.ide.mcu.externaltools.gnu-tools-for-stm32.10.3-2021.10.win32_1.0.200.202301161003/tools/bin/../lib/gcc/arm-none-eabi/10.3.1/thumb/v7-m/nofp\libgcc.a(_arm_mulsf3.o)
 .ARM.attributes
                0x0000000000000628       0x1d c:/st/stm32cubeide_1.12.0/stm32cubeide/plugins/com.st.stm32cube.ide.mcu.externaltools.gnu-tools-for-stm32.10.3-2021.10.win32_1.0.200.202301161003/tools/bin/../lib/gcc/arm-none-eabi/10.3.1/thumb/v7-m/nofp\libgcc.a(_arm_addsubsf3.o)
 .ARM.attributes
                0x0000000000000645       0x1d c:/st/stm32cubeide_1.12.0/stm32cubeide/plugins/com.st.stm32cube.ide.mcu.externaltools.gnu-tools-for-stm32.10.3-2021.10.win32_1.0.200.202301161003/tools/bin/../lib/gcc/arm-none-eabi/10.3.1/thumb/v7-m/nofp/crtn.o
OUTPUT(bms-measure.elf elf32-littlearm)
LOAD linker stubs
LOAD c:/st/stm32cubeide_1.12.0/stm32cubeide/plugins/com.st.stm32cube.ide.mcu.externaltools.gnu-tools-for-stm32.10.3-2021.10.win32_1.0.200.202301161003/tools/bin/../lib/gcc/arm-none-eabi/10.3.1/../../../../arm-none-eabi/lib/thumb/v7-m/nofp\libc.a
LOAD c:/st/stm32cubeide_1.12.0/stm32cubeide/plugins/com.st.stm32cube.ide.mcu.externaltools.gnu-tools-for-stm32.10.3-2021.10.win32_1.0.200.202301161003/tools/bin/../lib/gcc/arm-none-eabi/10.3.1/../../../../arm-none-eabi/lib/thumb/v7-m/nofp\libm.a
LOAD c:/st/stm32cubeide_1.12.0/stm32cubeide/plugins/com.st.stm32cube.ide.mcu.externaltools.gnu-tools-for-stm32.10.3-2021.10.win32_1.0.200.202301161003/tools/bin/../lib/gcc/arm-none-eabi/10.3.1/thumb/v7-m/nofp\libgcc.a

.debug_info     0x0000000000000000    0x108a1
 .debug_info    0x0000000000000000     0x16ee ./Core/Src/can.o
 .debug_info    0x00000000000016ee      0x358 ./Core/Src/crc.o
 .debug_info    0x0000000000001a46      0x30b ./Core/Src/gpio.o
 .debug_info    0x0000000000001d51     0x153e ./Core/Src/main.o
 .debug_info    0x000000000000328f      0x9c5 ./Core/Src/spi.o
 .debug_info    0x0000000000003c54      0x210 ./Core/Src/stm32f1xx_hal_msp.o
 .debug_info    0x0000000000003e64      0xeed ./Core/Src/stm32f1xx_it.o
 .debug_info    0x0000000000004d51      0x171 ./Core/Src/sysmem.o
 .debug_info    0x0000000000004ec2      0x23d ./Core/Src/system_stm32f1xx.o
 .debug_info    0x00000000000050ff      0xa15 ./Core/Src/tim.o
 .debug_info    0x0000000000005b14       0x22 ./Core/Startup/startup_stm32f103cbtx.o
 .debug_info    0x0000000000005b36     0x1413 ./Drivers/Peripheral/Src/ads131m0x.o
 .debug_info    0x0000000000006f49      0x734 ./Drivers/STM32F1xx_HAL_Driver/Src/stm32f1xx_hal.o
 .debug_info    0x000000000000767d     0x11e0 ./Drivers/STM32F1xx_HAL_Driver/Src/stm32f1xx_hal_can.o
 .debug_info    0x000000000000885d      0xb20 ./Drivers/STM32F1xx_HAL_Driver/Src/stm32f1xx_hal_cortex.o
 .debug_info    0x000000000000937d      0x3b1 ./Drivers/STM32F1xx_HAL_Driver/Src/stm32f1xx_hal_crc.o
 .debug_info    0x000000000000972e      0x744 ./Drivers/STM32F1xx_HAL_Driver/Src/stm32f1xx_hal_dma.o
 .debug_info    0x0000000000009e72      0x615 ./Drivers/STM32F1xx_HAL_Driver/Src/stm32f1xx_hal_gpio.o
 .debug_info    0x000000000000a487      0x865 ./Drivers/STM32F1xx_HAL_Driver/Src/stm32f1xx_hal_rcc.o
 .debug_info    0x000000000000acec      0x3e6 ./Drivers/STM32F1xx_HAL_Driver/Src/stm32f1xx_hal_rcc_ex.o
 .debug_info    0x000000000000b0d2     0x165d ./Drivers/STM32F1xx_HAL_Driver/Src/stm32f1xx_hal_spi.o
 .debug_info    0x000000000000c72f     0x2bab ./Drivers/STM32F1xx_HAL_Driver/Src/stm32f1xx_hal_tim.o
 .debug_info    0x000000000000f2da     0x15c7 ./Drivers/STM32F1xx_HAL_Driver/Src/stm32f1xx_hal_tim_ex.o

.debug_abbrev   0x0000000000000000     0x2df9
 .debug_abbrev  0x0000000000000000      0x2fa ./Core/Src/can.o
 .debug_abbrev  0x00000000000002fa      0x17c ./Core/Src/crc.o
 .debug_abbrev  0x0000000000000476      0x134 ./Core/Src/gpio.o
 .debug_abbrev  0x00000000000005aa      0x38a ./Core/Src/main.o
 .debug_abbrev  0x0000000000000934      0x1ec ./Core/Src/spi.o
 .debug_abbrev  0x0000000000000b20       0xd4 ./Core/Src/stm32f1xx_hal_msp.o
 .debug_abbrev  0x0000000000000bf4      0x206 ./Core/Src/stm32f1xx_it.o
 .debug_abbrev  0x0000000000000dfa       0xbb ./Core/Src/sysmem.o
 .debug_abbrev  0x0000000000000eb5      0x13b ./Core/Src/system_stm32f1xx.o
 .debug_abbrev  0x0000000000000ff0      0x1fe ./Core/Src/tim.o
 .debug_abbrev  0x00000000000011ee       0x12 ./Core/Startup/startup_stm32f103cbtx.o
 .debug_abbrev  0x0000000000001200      0x417 ./Drivers/Peripheral/Src/ads131m0x.o
 .debug_abbrev  0x0000000000001617      0x1fb ./Drivers/STM32F1xx_HAL_Driver/Src/stm32f1xx_hal.o
 .debug_abbrev  0x0000000000001812      0x234 ./Drivers/STM32F1xx_HAL_Driver/Src/stm32f1xx_hal_can.o
 .debug_abbrev  0x0000000000001a46      0x2ed ./Drivers/STM32F1xx_HAL_Driver/Src/stm32f1xx_hal_cortex.o
 .debug_abbrev  0x0000000000001d33      0x1a5 ./Drivers/STM32F1xx_HAL_Driver/Src/stm32f1xx_hal_crc.o
 .debug_abbrev  0x0000000000001ed8      0x1fe ./Drivers/STM32F1xx_HAL_Driver/Src/stm32f1xx_hal_dma.o
 .debug_abbrev  0x00000000000020d6      0x1bb ./Drivers/STM32F1xx_HAL_Driver/Src/stm32f1xx_hal_gpio.o
 .debug_abbrev  0x0000000000002291      0x2a8 ./Drivers/STM32F1xx_HAL_Driver/Src/stm32f1xx_hal_rcc.o
 .debug_abbrev  0x0000000000002539      0x182 ./Drivers/STM32F1xx_HAL_Driver/Src/stm32f1xx_hal_rcc_ex.o
 .debug_abbrev  0x00000000000026bb      0x26e ./Drivers/STM32F1xx_HAL_Driver/Src/stm32f1xx_hal_spi.o
 .debug_abbrev  0x0000000000002929      0x264 ./Drivers/STM32F1xx_HAL_Driver/Src/stm32f1xx_hal_tim.o
 .debug_abbrev  0x0000000000002b8d      0x26c ./Drivers/STM32F1xx_HAL_Driver/Src/stm32f1xx_hal_tim_ex.o

.debug_aranges  0x0000000000000000      0xf68
 .debug_aranges
                0x0000000000000000       0x40 ./Core/Src/can.o
 .debug_aranges
                0x0000000000000040       0x30 ./Core/Src/crc.o
 .debug_aranges
                0x0000000000000070       0x20 ./Core/Src/gpio.o
 .debug_aranges
                0x0000000000000090       0x50 ./Core/Src/main.o
 .debug_aranges
                0x00000000000000e0       0x30 ./Core/Src/spi.o
 .debug_aranges
                0x0000000000000110       0x20 ./Core/Src/stm32f1xx_hal_msp.o
 .debug_aranges
                0x0000000000000130       0x88 ./Core/Src/stm32f1xx_it.o
 .debug_aranges
                0x00000000000001b8       0x20 ./Core/Src/sysmem.o
 .debug_aranges
                0x00000000000001d8       0x28 ./Core/Src/system_stm32f1xx.o
 .debug_aranges
                0x0000000000000200       0x30 ./Core/Src/tim.o
 .debug_aranges
                0x0000000000000230       0x28 ./Core/Startup/startup_stm32f103cbtx.o
 .debug_aranges
                0x0000000000000258       0xf8 ./Drivers/Peripheral/Src/ads131m0x.o
 .debug_aranges
                0x0000000000000350       0xe0 ./Drivers/STM32F1xx_HAL_Driver/Src/stm32f1xx_hal.o
 .debug_aranges
                0x0000000000000430      0x148 ./Drivers/STM32F1xx_HAL_Driver/Src/stm32f1xx_hal_can.o
 .debug_aranges
                0x0000000000000578      0x100 ./Drivers/STM32F1xx_HAL_Driver/Src/stm32f1xx_hal_cortex.o
 .debug_aranges
                0x0000000000000678       0x50 ./Drivers/STM32F1xx_HAL_Driver/Src/stm32f1xx_hal_crc.o
 .debug_aranges
                0x00000000000006c8       0x80 ./Drivers/STM32F1xx_HAL_Driver/Src/stm32f1xx_hal_dma.o
 .debug_aranges
                0x0000000000000748       0x58 ./Drivers/STM32F1xx_HAL_Driver/Src/stm32f1xx_hal_gpio.o
 .debug_aranges
                0x00000000000007a0       0x90 ./Drivers/STM32F1xx_HAL_Driver/Src/stm32f1xx_hal_rcc.o
 .debug_aranges
                0x0000000000000830       0x30 ./Drivers/STM32F1xx_HAL_Driver/Src/stm32f1xx_hal_rcc_ex.o
 .debug_aranges
                0x0000000000000860      0x1d0 ./Drivers/STM32F1xx_HAL_Driver/Src/stm32f1xx_hal_spi.o
 .debug_aranges
                0x0000000000000a30      0x3d0 ./Drivers/STM32F1xx_HAL_Driver/Src/stm32f1xx_hal_tim.o
 .debug_aranges
                0x0000000000000e00      0x168 ./Drivers/STM32F1xx_HAL_Driver/Src/stm32f1xx_hal_tim_ex.o

.debug_ranges   0x0000000000000000      0xe00
 .debug_ranges  0x0000000000000000       0x30 ./Core/Src/can.o
 .debug_ranges  0x0000000000000030       0x20 ./Core/Src/crc.o
 .debug_ranges  0x0000000000000050       0x10 ./Core/Src/gpio.o
 .debug_ranges  0x0000000000000060       0x40 ./Core/Src/main.o
 .debug_ranges  0x00000000000000a0       0x20 ./Core/Src/spi.o
 .debug_ranges  0x00000000000000c0       0x10 ./Core/Src/stm32f1xx_hal_msp.o
 .debug_ranges  0x00000000000000d0       0x78 ./Core/Src/stm32f1xx_it.o
 .debug_ranges  0x0000000000000148       0x10 ./Core/Src/sysmem.o
 .debug_ranges  0x0000000000000158       0x18 ./Core/Src/system_stm32f1xx.o
 .debug_ranges  0x0000000000000170       0x20 ./Core/Src/tim.o
 .debug_ranges  0x0000000000000190       0x20 ./Core/Startup/startup_stm32f103cbtx.o
 .debug_ranges  0x00000000000001b0       0xe8 ./Drivers/Peripheral/Src/ads131m0x.o
 .debug_ranges  0x0000000000000298       0xd0 ./Drivers/STM32F1xx_HAL_Driver/Src/stm32f1xx_hal.o
 .debug_ranges  0x0000000000000368      0x138 ./Drivers/STM32F1xx_HAL_Driver/Src/stm32f1xx_hal_can.o
 .debug_ranges  0x00000000000004a0       0xf0 ./Drivers/STM32F1xx_HAL_Driver/Src/stm32f1xx_hal_cortex.o
 .debug_ranges  0x0000000000000590       0x40 ./Drivers/STM32F1xx_HAL_Driver/Src/stm32f1xx_hal_crc.o
 .debug_ranges  0x00000000000005d0       0x70 ./Drivers/STM32F1xx_HAL_Driver/Src/stm32f1xx_hal_dma.o
 .debug_ranges  0x0000000000000640       0x48 ./Drivers/STM32F1xx_HAL_Driver/Src/stm32f1xx_hal_gpio.o
 .debug_ranges  0x0000000000000688       0x80 ./Drivers/STM32F1xx_HAL_Driver/Src/stm32f1xx_hal_rcc.o
 .debug_ranges  0x0000000000000708       0x20 ./Drivers/STM32F1xx_HAL_Driver/Src/stm32f1xx_hal_rcc_ex.o
 .debug_ranges  0x0000000000000728      0x1c0 ./Drivers/STM32F1xx_HAL_Driver/Src/stm32f1xx_hal_spi.o
 .debug_ranges  0x00000000000008e8      0x3c0 ./Drivers/STM32F1xx_HAL_Driver/Src/stm32f1xx_hal_tim.o
 .debug_ranges  0x0000000000000ca8      0x158 ./Drivers/STM32F1xx_HAL_Driver/Src/stm32f1xx_hal_tim_ex.o

.debug_macro    0x0000000000000000    0x1a39e
 .debug_macro   0x0000000000000000      0x23e ./Core/Src/can.o
 .debug_macro   0x000000000000023e      0xa6c ./Core/Src/can.o
 .debug_macro   0x0000000000000caa      0x22d ./Core/Src/can.o
 .debug_macro   0x0000000000000ed7       0x2e ./Core/Src/can.o
 .debug_macro   0x0000000000000f05       0x22 ./Core/Src/can.o
 .debug_macro   0x0000000000000f27       0x22 ./Core/Src/can.o
 .debug_macro   0x0000000000000f49       0x8e ./Core/Src/can.o
 .debug_macro   0x0000000000000fd7       0x51 ./Core/Src/can.o
 .debug_macro   0x0000000000001028      0x103 ./Core/Src/can.o
 .debug_macro   0x000000000000112b       0x6a ./Core/Src/can.o
 .debug_macro   0x0000000000001195      0x1df ./Core/Src/can.o
 .debug_macro   0x0000000000001374       0x1c ./Core/Src/can.o
 .debug_macro   0x0000000000001390       0x22 ./Core/Src/can.o
 .debug_macro   0x00000000000013b2       0xbd ./Core/Src/can.o
 .debug_macro   0x000000000000146f      0xd23 ./Core/Src/can.o
 .debug_macro   0x0000000000002192     0xe09e ./Core/Src/can.o
 .debug_macro   0x0000000000010230       0x6d ./Core/Src/can.o
 .debug_macro   0x000000000001029d     0x348d ./Core/Src/can.o
 .debug_macro   0x000000000001372a      0x174 ./Core/Src/can.o
 .debug_macro   0x000000000001389e       0x5c ./Core/Src/can.o
 .debug_macro   0x00000000000138fa      0x5bc ./Core/Src/can.o
 .debug_macro   0x0000000000013eb6      0x289 ./Core/Src/can.o
 .debug_macro   0x000000000001413f      0x1cb ./Core/Src/can.o
 .debug_macro   0x000000000001430a      0x114 ./Core/Src/can.o
 .debug_macro   0x000000000001441e      0x1b2 ./Core/Src/can.o
 .debug_macro   0x00000000000145d0       0x27 ./Core/Src/can.o
 .debug_macro   0x00000000000145f7      0x136 ./Core/Src/can.o
 .debug_macro   0x000000000001472d      0x1bc ./Core/Src/can.o
 .debug_macro   0x00000000000148e9       0x34 ./Core/Src/can.o
 .debug_macro   0x000000000001491d       0x3c ./Core/Src/can.o
 .debug_macro   0x0000000000014959      0x40f ./Core/Src/can.o
 .debug_macro   0x0000000000014d68       0x57 ./Core/Src/can.o
 .debug_macro   0x0000000000014dbf       0x22 ./Core/Src/can.o
 .debug_macro   0x0000000000014de1       0x87 ./Core/Src/can.o
 .debug_macro   0x0000000000014e68      0x240 ./Core/Src/can.o
 .debug_macro   0x00000000000150a8      0x140 ./Core/Src/can.o
 .debug_macro   0x00000000000151e8      0x1ef ./Core/Src/can.o
 .debug_macro   0x00000000000153d7       0xeb ./Core/Src/can.o
 .debug_macro   0x00000000000154c2      0x217 ./Core/Src/can.o
 .debug_macro   0x00000000000156d9      0x8ed ./Core/Src/can.o
 .debug_macro   0x0000000000015fc6       0x83 ./Core/Src/can.o
 .debug_macro   0x0000000000016049       0x88 ./Core/Src/can.o
 .debug_macro   0x00000000000160d1       0x16 ./Core/Src/can.o
 .debug_macro   0x00000000000160e7       0x52 ./Core/Src/can.o
 .debug_macro   0x0000000000016139       0x18 ./Core/Src/can.o
 .debug_macro   0x0000000000016151       0x3c ./Core/Src/can.o
 .debug_macro   0x000000000001618d       0x34 ./Core/Src/can.o
 .debug_macro   0x00000000000161c1       0x1c ./Core/Src/can.o
 .debug_macro   0x00000000000161dd       0x22 ./Core/Src/can.o
 .debug_macro   0x00000000000161ff      0xc0b ./Core/Src/can.o
 .debug_macro   0x0000000000016e0a      0x1e4 ./Core/Src/crc.o
 .debug_macro   0x0000000000016fee      0x1e4 ./Core/Src/gpio.o
 .debug_macro   0x00000000000171d2      0x399 ./Core/Src/main.o
 .debug_macro   0x000000000001756b       0x1c ./Core/Src/main.o
 .debug_macro   0x0000000000017587       0x35 ./Core/Src/main.o
 .debug_macro   0x00000000000175bc      0x341 ./Core/Src/main.o
 .debug_macro   0x00000000000178fd       0x10 ./Core/Src/main.o
 .debug_macro   0x000000000001790d       0x16 ./Core/Src/main.o
 .debug_macro   0x0000000000017923       0x43 ./Core/Src/main.o
 .debug_macro   0x0000000000017966       0x34 ./Core/Src/main.o
 .debug_macro   0x000000000001799a       0x10 ./Core/Src/main.o
 .debug_macro   0x00000000000179aa       0x58 ./Core/Src/main.o
 .debug_macro   0x0000000000017a02       0x71 ./Core/Src/main.o
 .debug_macro   0x0000000000017a73       0x16 ./Core/Src/main.o
 .debug_macro   0x0000000000017a89      0x12a ./Core/Src/main.o
 .debug_macro   0x0000000000017bb3       0x10 ./Core/Src/main.o
 .debug_macro   0x0000000000017bc3       0x1c ./Core/Src/main.o
 .debug_macro   0x0000000000017bdf       0x52 ./Core/Src/main.o
 .debug_macro   0x0000000000017c31       0x22 ./Core/Src/main.o
 .debug_macro   0x0000000000017c53       0x10 ./Core/Src/main.o
 .debug_macro   0x0000000000017c63       0x52 ./Core/Src/main.o
 .debug_macro   0x0000000000017cb5       0xd5 ./Core/Src/main.o
 .debug_macro   0x0000000000017d8a       0x1c ./Core/Src/main.o
 .debug_macro   0x0000000000017da6       0x3d ./Core/Src/main.o
 .debug_macro   0x0000000000017de3       0x16 ./Core/Src/main.o
 .debug_macro   0x0000000000017df9      0x145 ./Core/Src/main.o
 .debug_macro   0x0000000000017f3e      0x1e4 ./Core/Src/spi.o
 .debug_macro   0x0000000000018122      0x1da ./Core/Src/stm32f1xx_hal_msp.o
 .debug_macro   0x00000000000182fc      0x1e4 ./Core/Src/stm32f1xx_it.o
 .debug_macro   0x00000000000184e0       0xff ./Core/Src/sysmem.o
 .debug_macro   0x00000000000185df      0x23b ./Core/Src/sysmem.o
 .debug_macro   0x000000000001881a      0x1cb ./Core/Src/system_stm32f1xx.o
 .debug_macro   0x00000000000189e5      0x1e4 ./Core/Src/tim.o
 .debug_macro   0x0000000000018bc9      0x31e ./Drivers/Peripheral/Src/ads131m0x.o
 .debug_macro   0x0000000000018ee7       0x10 ./Drivers/Peripheral/Src/ads131m0x.o
 .debug_macro   0x0000000000018ef7       0x20 ./Drivers/Peripheral/Src/ads131m0x.o
 .debug_macro   0x0000000000018f17       0x1c ./Drivers/Peripheral/Src/ads131m0x.o
 .debug_macro   0x0000000000018f33      0x1ef ./Drivers/STM32F1xx_HAL_Driver/Src/stm32f1xx_hal.o
 .debug_macro   0x0000000000019122      0x1d3 ./Drivers/STM32F1xx_HAL_Driver/Src/stm32f1xx_hal_can.o
 .debug_macro   0x00000000000192f5      0x1cb ./Drivers/STM32F1xx_HAL_Driver/Src/stm32f1xx_hal_cortex.o
 .debug_macro   0x00000000000194c0      0x1cb ./Drivers/STM32F1xx_HAL_Driver/Src/stm32f1xx_hal_crc.o
 .debug_macro   0x000000000001968b      0x1cb ./Drivers/STM32F1xx_HAL_Driver/Src/stm32f1xx_hal_dma.o
 .debug_macro   0x0000000000019856      0x236 ./Drivers/STM32F1xx_HAL_Driver/Src/stm32f1xx_hal_gpio.o
 .debug_macro   0x0000000000019a8c      0x1dd ./Drivers/STM32F1xx_HAL_Driver/Src/stm32f1xx_hal_rcc.o
 .debug_macro   0x0000000000019c69      0x1cb ./Drivers/STM32F1xx_HAL_Driver/Src/stm32f1xx_hal_rcc_ex.o
 .debug_macro   0x0000000000019e34      0x1d3 ./Drivers/STM32F1xx_HAL_Driver/Src/stm32f1xx_hal_spi.o
 .debug_macro   0x000000000001a007      0x1cc ./Drivers/STM32F1xx_HAL_Driver/Src/stm32f1xx_hal_tim.o
 .debug_macro   0x000000000001a1d3      0x1cb ./Drivers/STM32F1xx_HAL_Driver/Src/stm32f1xx_hal_tim_ex.o

.debug_line     0x0000000000000000    0x125e1
 .debug_line    0x0000000000000000      0x9bf ./Core/Src/can.o
 .debug_line    0x00000000000009bf      0x713 ./Core/Src/crc.o
 .debug_line    0x00000000000010d2      0x70b ./Core/Src/gpio.o
 .debug_line    0x00000000000017dd      0xaf5 ./Core/Src/main.o
 .debug_line    0x00000000000022d2      0x752 ./Core/Src/spi.o
 .debug_line    0x0000000000002a24      0x6d8 ./Core/Src/stm32f1xx_hal_msp.o
 .debug_line    0x00000000000030fc      0x812 ./Core/Src/stm32f1xx_it.o
 .debug_line    0x000000000000390e      0x4f4 ./Core/Src/sysmem.o
 .debug_line    0x0000000000003e02      0x756 ./Core/Src/system_stm32f1xx.o
 .debug_line    0x0000000000004558      0x745 ./Core/Src/tim.o
 .debug_line    0x0000000000004c9d       0x87 ./Core/Startup/startup_stm32f103cbtx.o
 .debug_line    0x0000000000004d24     0x1186 ./Drivers/Peripheral/Src/ads131m0x.o
 .debug_line    0x0000000000005eaa      0x983 ./Drivers/STM32F1xx_HAL_Driver/Src/stm32f1xx_hal.o
 .debug_line    0x000000000000682d     0x12ef ./Drivers/STM32F1xx_HAL_Driver/Src/stm32f1xx_hal_can.o
 .debug_line    0x0000000000007b1c      0xb6b ./Drivers/STM32F1xx_HAL_Driver/Src/stm32f1xx_hal_cortex.o
 .debug_line    0x0000000000008687      0x81e ./Drivers/STM32F1xx_HAL_Driver/Src/stm32f1xx_hal_crc.o
 .debug_line    0x0000000000008ea5      0xddc ./Drivers/STM32F1xx_HAL_Driver/Src/stm32f1xx_hal_dma.o
 .debug_line    0x0000000000009c81      0xa1c ./Drivers/STM32F1xx_HAL_Driver/Src/stm32f1xx_hal_gpio.o
 .debug_line    0x000000000000a69d      0xd8f ./Drivers/STM32F1xx_HAL_Driver/Src/stm32f1xx_hal_rcc.o
 .debug_line    0x000000000000b42c      0x8ca ./Drivers/STM32F1xx_HAL_Driver/Src/stm32f1xx_hal_rcc_ex.o
 .debug_line    0x000000000000bcf6     0x1c04 ./Drivers/STM32F1xx_HAL_Driver/Src/stm32f1xx_hal_spi.o
 .debug_line    0x000000000000d8fa     0x340e ./Drivers/STM32F1xx_HAL_Driver/Src/stm32f1xx_hal_tim.o
 .debug_line    0x0000000000010d08     0x18d9 ./Drivers/STM32F1xx_HAL_Driver/Src/stm32f1xx_hal_tim_ex.o

.debug_str      0x0000000000000000    0x94046
 .debug_str     0x0000000000000000    0x8c70b ./Core/Src/can.o
                                      0x8cccd (size before relaxing)
 .debug_str     0x000000000008c70b       0xff ./Core/Src/crc.o
                                      0x86e1f (size before relaxing)
 .debug_str     0x000000000008c80a       0x2c ./Core/Src/gpio.o
                                      0x86d36 (size before relaxing)
 .debug_str     0x000000000008c836     0x3fcf ./Core/Src/main.o
                                      0x90409 (size before relaxing)
 .debug_str     0x0000000000090805       0x4b ./Core/Src/spi.o
                                      0x87462 (size before relaxing)
 .debug_str     0x0000000000090850       0x2c ./Core/Src/stm32f1xx_hal_msp.o
                                      0x86cbe (size before relaxing)
 .debug_str     0x000000000009087c      0x160 ./Core/Src/stm32f1xx_it.o
                                      0x87812 (size before relaxing)
 .debug_str     0x00000000000909dc      0x4da ./Core/Src/sysmem.o
                                       0x5d71 (size before relaxing)
 .debug_str     0x0000000000090eb6       0x7e ./Core/Src/system_stm32f1xx.o
                                      0x86ad4 (size before relaxing)
 .debug_str     0x0000000000090f34      0x13c ./Core/Src/tim.o
                                      0x875df (size before relaxing)
 .debug_str     0x0000000000091070       0x36 ./Core/Startup/startup_stm32f103cbtx.o
                                         0x73 (size before relaxing)
 .debug_str     0x00000000000910a6      0x53c ./Drivers/Peripheral/Src/ads131m0x.o
                                      0x8f554 (size before relaxing)
 .debug_str     0x00000000000915e2      0x369 ./Drivers/STM32F1xx_HAL_Driver/Src/stm32f1xx_hal.o
                                      0x87207 (size before relaxing)
 .debug_str     0x000000000009194b      0x5c0 ./Drivers/STM32F1xx_HAL_Driver/Src/stm32f1xx_hal_can.o
                                      0x87640 (size before relaxing)
 .debug_str     0x0000000000091f0b      0x262 ./Drivers/STM32F1xx_HAL_Driver/Src/stm32f1xx_hal_cortex.o
                                      0x87153 (size before relaxing)
 .debug_str     0x000000000009216d       0x97 ./Drivers/STM32F1xx_HAL_Driver/Src/stm32f1xx_hal_crc.o
                                      0x86c16 (size before relaxing)
 .debug_str     0x0000000000092204      0x225 ./Drivers/STM32F1xx_HAL_Driver/Src/stm32f1xx_hal_dma.o
                                      0x86e7d (size before relaxing)
 .debug_str     0x0000000000092429      0x284 ./Drivers/STM32F1xx_HAL_Driver/Src/stm32f1xx_hal_gpio.o
                                      0x86e5a (size before relaxing)
 .debug_str     0x00000000000926ad      0x203 ./Drivers/STM32F1xx_HAL_Driver/Src/stm32f1xx_hal_rcc.o
                                      0x86f03 (size before relaxing)
 .debug_str     0x00000000000928b0       0x9f ./Drivers/STM32F1xx_HAL_Driver/Src/stm32f1xx_hal_rcc_ex.o
                                      0x86c53 (size before relaxing)
 .debug_str     0x000000000009294f      0x4c7 ./Drivers/STM32F1xx_HAL_Driver/Src/stm32f1xx_hal_spi.o
                                      0x87400 (size before relaxing)
 .debug_str     0x0000000000092e16      0xd9d ./Drivers/STM32F1xx_HAL_Driver/Src/stm32f1xx_hal_tim.o
                                      0x87ef5 (size before relaxing)
 .debug_str     0x0000000000093bb3      0x493 ./Drivers/STM32F1xx_HAL_Driver/Src/stm32f1xx_hal_tim_ex.o
                                      0x87711 (size before relaxing)

.comment        0x0000000000000000       0x50
 .comment       0x0000000000000000       0x50 ./Core/Src/can.o
                                         0x51 (size before relaxing)
 .comment       0x0000000000000050       0x51 ./Core/Src/crc.o
 .comment       0x0000000000000050       0x51 ./Core/Src/gpio.o
 .comment       0x0000000000000050       0x51 ./Core/Src/main.o
 .comment       0x0000000000000050       0x51 ./Core/Src/spi.o
 .comment       0x0000000000000050       0x51 ./Core/Src/stm32f1xx_hal_msp.o
 .comment       0x0000000000000050       0x51 ./Core/Src/stm32f1xx_it.o
 .comment       0x0000000000000050       0x51 ./Core/Src/sysmem.o
 .comment       0x0000000000000050       0x51 ./Core/Src/system_stm32f1xx.o
 .comment       0x0000000000000050       0x51 ./Core/Src/tim.o
 .comment       0x0000000000000050       0x51 ./Drivers/Peripheral/Src/ads131m0x.o
 .comment       0x0000000000000050       0x51 ./Drivers/STM32F1xx_HAL_Driver/Src/stm32f1xx_hal.o
 .comment       0x0000000000000050       0x51 ./Drivers/STM32F1xx_HAL_Driver/Src/stm32f1xx_hal_can.o
 .comment       0x0000000000000050       0x51 ./Drivers/STM32F1xx_HAL_Driver/Src/stm32f1xx_hal_cortex.o
 .comment       0x0000000000000050       0x51 ./Drivers/STM32F1xx_HAL_Driver/Src/stm32f1xx_hal_crc.o
 .comment       0x0000000000000050       0x51 ./Drivers/STM32F1xx_HAL_Driver/Src/stm32f1xx_hal_dma.o
 .comment       0x0000000000000050       0x51 ./Drivers/STM32F1xx_HAL_Driver/Src/stm32f1xx_hal_gpio.o
 .comment       0x0000000000000050       0x51 ./Drivers/STM32F1xx_HAL_Driver/Src/stm32f1xx_hal_rcc.o
 .comment       0x0000000000000050       0x51 ./Drivers/STM32F1xx_HAL_Driver/Src/stm32f1xx_hal_rcc_ex.o
 .comment       0x0000000000000050       0x51 ./Drivers/STM32F1xx_HAL_Driver/Src/stm32f1xx_hal_spi.o
 .comment       0x0000000000000050       0x51 ./Drivers/STM32F1xx_HAL_Driver/Src/stm32f1xx_hal_tim.o
 .comment       0x0000000000000050       0x51 ./Drivers/STM32F1xx_HAL_Driver/Src/stm32f1xx_hal_tim_ex.o

.debug_frame    0x0000000000000000     0x4100
 .debug_frame   0x0000000000000000       0xbc ./Core/Src/can.o
 .debug_frame   0x00000000000000bc       0x7c ./Core/Src/crc.o
 .debug_frame   0x0000000000000138       0x34 ./Core/Src/gpio.o
 .debug_frame   0x000000000000016c       0xfc ./Core/Src/main.o
 .debug_frame   0x0000000000000268       0x74 ./Core/Src/spi.o
 .debug_frame   0x00000000000002dc       0x38 ./Core/Src/stm32f1xx_hal_msp.o
 .debug_frame   0x0000000000000314      0x190 ./Core/Src/stm32f1xx_it.o
 .debug_frame   0x00000000000004a4       0x34 ./Core/Src/sysmem.o
 .debug_frame   0x00000000000004d8       0x58 ./Core/Src/system_stm32f1xx.o
 .debug_frame   0x0000000000000530       0x7c ./Core/Src/tim.o
 .debug_frame   0x00000000000005ac      0x420 ./Drivers/Peripheral/Src/ads131m0x.o
 .debug_frame   0x00000000000009cc      0x334 ./Drivers/STM32F1xx_HAL_Driver/Src/stm32f1xx_hal.o
 .debug_frame   0x0000000000000d00      0x5f4 ./Drivers/STM32F1xx_HAL_Driver/Src/stm32f1xx_hal_can.o
 .debug_frame   0x00000000000012f4      0x428 ./Drivers/STM32F1xx_HAL_Driver/Src/stm32f1xx_hal_cortex.o
 .debug_frame   0x000000000000171c      0x120 ./Drivers/STM32F1xx_HAL_Driver/Src/stm32f1xx_hal_crc.o
 .debug_frame   0x000000000000183c      0x208 ./Drivers/STM32F1xx_HAL_Driver/Src/stm32f1xx_hal_dma.o
 .debug_frame   0x0000000000001a44      0x14c ./Drivers/STM32F1xx_HAL_Driver/Src/stm32f1xx_hal_gpio.o
 .debug_frame   0x0000000000001b90      0x218 ./Drivers/STM32F1xx_HAL_Driver/Src/stm32f1xx_hal_rcc.o
 .debug_frame   0x0000000000001da8       0x80 ./Drivers/STM32F1xx_HAL_Driver/Src/stm32f1xx_hal_rcc_ex.o
 .debug_frame   0x0000000000001e28      0x824 ./Drivers/STM32F1xx_HAL_Driver/Src/stm32f1xx_hal_spi.o
 .debug_frame   0x000000000000264c     0x11bc ./Drivers/STM32F1xx_HAL_Driver/Src/stm32f1xx_hal_tim.o
 .debug_frame   0x0000000000003808      0x638 ./Drivers/STM32F1xx_HAL_Driver/Src/stm32f1xx_hal_tim_ex.o
 .debug_frame   0x0000000000003e40       0x20 c:/st/stm32cubeide_1.12.0/stm32cubeide/plugins/com.st.stm32cube.ide.mcu.externaltools.gnu-tools-for-stm32.10.3-2021.10.win32_1.0.200.202301161003/tools/bin/../lib/gcc/arm-none-eabi/10.3.1/../../../../arm-none-eabi/lib/thumb/v7-m/nofp\libc_nano.a(lib_a-errno.o)
 .debug_frame   0x0000000000003e60       0x2c c:/st/stm32cubeide_1.12.0/stm32cubeide/plugins/com.st.stm32cube.ide.mcu.externaltools.gnu-tools-for-stm32.10.3-2021.10.win32_1.0.200.202301161003/tools/bin/../lib/gcc/arm-none-eabi/10.3.1/../../../../arm-none-eabi/lib/thumb/v7-m/nofp\libc_nano.a(lib_a-init.o)
 .debug_frame   0x0000000000003e8c       0x30 c:/st/stm32cubeide_1.12.0/stm32cubeide/plugins/com.st.stm32cube.ide.mcu.externaltools.gnu-tools-for-stm32.10.3-2021.10.win32_1.0.200.202301161003/tools/bin/../lib/gcc/arm-none-eabi/10.3.1/../../../../arm-none-eabi/lib/thumb/v7-m/nofp\libc_nano.a(lib_a-malloc.o)
 .debug_frame   0x0000000000003ebc       0x20 c:/st/stm32cubeide_1.12.0/stm32cubeide/plugins/com.st.stm32cube.ide.mcu.externaltools.gnu-tools-for-stm32.10.3-2021.10.win32_1.0.200.202301161003/tools/bin/../lib/gcc/arm-none-eabi/10.3.1/../../../../arm-none-eabi/lib/thumb/v7-m/nofp\libc_nano.a(lib_a-memset.o)
 .debug_frame   0x0000000000003edc       0x4c c:/st/stm32cubeide_1.12.0/stm32cubeide/plugins/com.st.stm32cube.ide.mcu.externaltools.gnu-tools-for-stm32.10.3-2021.10.win32_1.0.200.202301161003/tools/bin/../lib/gcc/arm-none-eabi/10.3.1/../../../../arm-none-eabi/lib/thumb/v7-m/nofp\libc_nano.a(lib_a-nano-mallocr.o)
 .debug_frame   0x0000000000003f28       0x2c c:/st/stm32cubeide_1.12.0/stm32cubeide/plugins/com.st.stm32cube.ide.mcu.externaltools.gnu-tools-for-stm32.10.3-2021.10.win32_1.0.200.202301161003/tools/bin/../lib/gcc/arm-none-eabi/10.3.1/../../../../arm-none-eabi/lib/thumb/v7-m/nofp\libc_nano.a(lib_a-sbrkr.o)
 .debug_frame   0x0000000000003f54       0x30 c:/st/stm32cubeide_1.12.0/stm32cubeide/plugins/com.st.stm32cube.ide.mcu.externaltools.gnu-tools-for-stm32.10.3-2021.10.win32_1.0.200.202301161003/tools/bin/../lib/gcc/arm-none-eabi/10.3.1/../../../../arm-none-eabi/lib/thumb/v7-m/nofp\libc_nano.a(lib_a-mlock.o)
 .debug_frame   0x0000000000003f84       0x5c c:/st/stm32cubeide_1.12.0/stm32cubeide/plugins/com.st.stm32cube.ide.mcu.externaltools.gnu-tools-for-stm32.10.3-2021.10.win32_1.0.200.202301161003/tools/bin/../lib/gcc/arm-none-eabi/10.3.1/../../../../arm-none-eabi/lib/thumb/v7-m/nofp\libc_nano.a(lib_a-reent.o)
 .debug_frame   0x0000000000003fe0       0xb0 c:/st/stm32cubeide_1.12.0/stm32cubeide/plugins/com.st.stm32cube.ide.mcu.externaltools.gnu-tools-for-stm32.10.3-2021.10.win32_1.0.200.202301161003/tools/bin/../lib/gcc/arm-none-eabi/10.3.1/../../../../arm-none-eabi/lib/thumb/v7-m/nofp\libc_nano.a(lib_a-lock.o)
 .debug_frame   0x0000000000004090       0x24 c:/st/stm32cubeide_1.12.0/stm32cubeide/plugins/com.st.stm32cube.ide.mcu.externaltools.gnu-tools-for-stm32.10.3-2021.10.win32_1.0.200.202301161003/tools/bin/../lib/gcc/arm-none-eabi/10.3.1/thumb/v7-m/nofp\libgcc.a(_arm_mulsf3.o)
 .debug_frame   0x00000000000040b4       0x4c c:/st/stm32cubeide_1.12.0/stm32cubeide/plugins/com.st.stm32cube.ide.mcu.externaltools.gnu-tools-for-stm32.10.3-2021.10.win32_1.0.200.202301161003/tools/bin/../lib/gcc/arm-none-eabi/10.3.1/thumb/v7-m/nofp\libgcc.a(_arm_addsubsf3.o)
